Archive member included to satisfy reference by file (symbol)

c:/st/stm32cubeide_1.9.0/stm32cubeide/plugins/com.st.stm32cube.ide.mcu.externaltools.gnu-tools-for-stm32.10.3-2021.10.win32_1.0.0.202111181127/tools/bin/../lib/gcc/arm-none-eabi/10.3.1/../../../../arm-none-eabi/lib/thumb/v7e-m+dp/hard\libc_nano.a(lib_a-errno.o)
                              ./Core/Src/syscalls.o (__errno)
c:/st/stm32cubeide_1.9.0/stm32cubeide/plugins/com.st.stm32cube.ide.mcu.externaltools.gnu-tools-for-stm32.10.3-2021.10.win32_1.0.0.202111181127/tools/bin/../lib/gcc/arm-none-eabi/10.3.1/../../../../arm-none-eabi/lib/thumb/v7e-m+dp/hard\libc_nano.a(lib_a-exit.o)
                              c:/st/stm32cubeide_1.9.0/stm32cubeide/plugins/com.st.stm32cube.ide.mcu.externaltools.gnu-tools-for-stm32.10.3-2021.10.win32_1.0.0.202111181127/tools/bin/../lib/gcc/arm-none-eabi/10.3.1/../../../../arm-none-eabi/lib/thumb/v7e-m+dp/hard/crt0.o (exit)
c:/st/stm32cubeide_1.9.0/stm32cubeide/plugins/com.st.stm32cube.ide.mcu.externaltools.gnu-tools-for-stm32.10.3-2021.10.win32_1.0.0.202111181127/tools/bin/../lib/gcc/arm-none-eabi/10.3.1/../../../../arm-none-eabi/lib/thumb/v7e-m+dp/hard\libc_nano.a(lib_a-impure.o)
                              c:/st/stm32cubeide_1.9.0/stm32cubeide/plugins/com.st.stm32cube.ide.mcu.externaltools.gnu-tools-for-stm32.10.3-2021.10.win32_1.0.0.202111181127/tools/bin/../lib/gcc/arm-none-eabi/10.3.1/../../../../arm-none-eabi/lib/thumb/v7e-m+dp/hard\libc_nano.a(lib_a-exit.o) (_global_impure_ptr)
c:/st/stm32cubeide_1.9.0/stm32cubeide/plugins/com.st.stm32cube.ide.mcu.externaltools.gnu-tools-for-stm32.10.3-2021.10.win32_1.0.0.202111181127/tools/bin/../lib/gcc/arm-none-eabi/10.3.1/../../../../arm-none-eabi/lib/thumb/v7e-m+dp/hard\libc_nano.a(lib_a-init.o)
                              c:/st/stm32cubeide_1.9.0/stm32cubeide/plugins/com.st.stm32cube.ide.mcu.externaltools.gnu-tools-for-stm32.10.3-2021.10.win32_1.0.0.202111181127/tools/bin/../lib/gcc/arm-none-eabi/10.3.1/../../../../arm-none-eabi/lib/thumb/v7e-m+dp/hard/crt0.o (__libc_init_array)
c:/st/stm32cubeide_1.9.0/stm32cubeide/plugins/com.st.stm32cube.ide.mcu.externaltools.gnu-tools-for-stm32.10.3-2021.10.win32_1.0.0.202111181127/tools/bin/../lib/gcc/arm-none-eabi/10.3.1/../../../../arm-none-eabi/lib/thumb/v7e-m+dp/hard\libc_nano.a(lib_a-malloc.o)
                              ./Core/Src/CAN.o (malloc)
c:/st/stm32cubeide_1.9.0/stm32cubeide/plugins/com.st.stm32cube.ide.mcu.externaltools.gnu-tools-for-stm32.10.3-2021.10.win32_1.0.0.202111181127/tools/bin/../lib/gcc/arm-none-eabi/10.3.1/../../../../arm-none-eabi/lib/thumb/v7e-m+dp/hard\libc_nano.a(lib_a-memcpy-stub.o)
                              ./Drivers/STM32H7xx_HAL_Driver/Src/stm32h7xx_hal_fdcan.o (memcpy)
c:/st/stm32cubeide_1.9.0/stm32cubeide/plugins/com.st.stm32cube.ide.mcu.externaltools.gnu-tools-for-stm32.10.3-2021.10.win32_1.0.0.202111181127/tools/bin/../lib/gcc/arm-none-eabi/10.3.1/../../../../arm-none-eabi/lib/thumb/v7e-m+dp/hard\libc_nano.a(lib_a-memset.o)
                              c:/st/stm32cubeide_1.9.0/stm32cubeide/plugins/com.st.stm32cube.ide.mcu.externaltools.gnu-tools-for-stm32.10.3-2021.10.win32_1.0.0.202111181127/tools/bin/../lib/gcc/arm-none-eabi/10.3.1/../../../../arm-none-eabi/lib/thumb/v7e-m+dp/hard/crt0.o (memset)
c:/st/stm32cubeide_1.9.0/stm32cubeide/plugins/com.st.stm32cube.ide.mcu.externaltools.gnu-tools-for-stm32.10.3-2021.10.win32_1.0.0.202111181127/tools/bin/../lib/gcc/arm-none-eabi/10.3.1/../../../../arm-none-eabi/lib/thumb/v7e-m+dp/hard\libc_nano.a(lib_a-nano-freer.o)
                              c:/st/stm32cubeide_1.9.0/stm32cubeide/plugins/com.st.stm32cube.ide.mcu.externaltools.gnu-tools-for-stm32.10.3-2021.10.win32_1.0.0.202111181127/tools/bin/../lib/gcc/arm-none-eabi/10.3.1/../../../../arm-none-eabi/lib/thumb/v7e-m+dp/hard\libc_nano.a(lib_a-malloc.o) (_free_r)
c:/st/stm32cubeide_1.9.0/stm32cubeide/plugins/com.st.stm32cube.ide.mcu.externaltools.gnu-tools-for-stm32.10.3-2021.10.win32_1.0.0.202111181127/tools/bin/../lib/gcc/arm-none-eabi/10.3.1/../../../../arm-none-eabi/lib/thumb/v7e-m+dp/hard\libc_nano.a(lib_a-nano-mallocr.o)
                              c:/st/stm32cubeide_1.9.0/stm32cubeide/plugins/com.st.stm32cube.ide.mcu.externaltools.gnu-tools-for-stm32.10.3-2021.10.win32_1.0.0.202111181127/tools/bin/../lib/gcc/arm-none-eabi/10.3.1/../../../../arm-none-eabi/lib/thumb/v7e-m+dp/hard\libc_nano.a(lib_a-malloc.o) (_malloc_r)
c:/st/stm32cubeide_1.9.0/stm32cubeide/plugins/com.st.stm32cube.ide.mcu.externaltools.gnu-tools-for-stm32.10.3-2021.10.win32_1.0.0.202111181127/tools/bin/../lib/gcc/arm-none-eabi/10.3.1/../../../../arm-none-eabi/lib/thumb/v7e-m+dp/hard\libc_nano.a(lib_a-sbrkr.o)
                              c:/st/stm32cubeide_1.9.0/stm32cubeide/plugins/com.st.stm32cube.ide.mcu.externaltools.gnu-tools-for-stm32.10.3-2021.10.win32_1.0.0.202111181127/tools/bin/../lib/gcc/arm-none-eabi/10.3.1/../../../../arm-none-eabi/lib/thumb/v7e-m+dp/hard\libc_nano.a(lib_a-nano-mallocr.o) (_sbrk_r)
[...]
Memory Configuration

Name             Origin             Length             Attributes
FLASH            0x0000000008000000 0x0000000000200000 xr
DTCMRAM          0x0000000020000000 0x0000000000020000 xrw
RAM_D1           0x0000000024000000 0x0000000000080000 xrw
RAM_D2           0x0000000030000000 0x0000000000048000 xrw
RAM_D3           0x0000000038000000 0x0000000000010000 xrw
ITCMRAM          0x0000000000000000 0x0000000000010000 xrw
*default*        0x0000000000000000 0xffffffffffffffff

Linker script and memory map

LOAD c:/st/stm32cubeide_1.9.0/stm32cubeide/plugins/com.st.stm32cube.ide.mcu.externaltools.gnu-tools-for-stm32.10.3-2021.10.win32_1.0.0.202111181127/tools/bin/../lib/gcc/arm-none-eabi/10.3.1/thumb/v7e-m+dp/hard/crti.o
LOAD c:/st/stm32cubeide_1.9.0/stm32cubeide/plugins/com.st.stm32cube.ide.mcu.externaltools.gnu-tools-for-stm32.10.3-2021.10.win32_1.0.0.202111181127/tools/bin/../lib/gcc/arm-none-eabi/10.3.1/thumb/v7e-m+dp/hard/crtbegin.o
LOAD c:/st/stm32cubeide_1.9.0/stm32cubeide/plugins/com.st.stm32cube.ide.mcu.externaltools.gnu-tools-for-stm32.10.3-2021.10.win32_1.0.0.202111181127/tools/bin/../lib/gcc/arm-none-eabi/10.3.1/../../../../arm-none-eabi/lib/thumb/v7e-m+dp/hard/crt0.o
LOAD ./Core/Src/CAN.o
LOAD ./Core/Src/main.o
LOAD ./Core/Src/stm32h7xx_hal_msp.o
LOAD ./Core/Src/stm32h7xx_it.o
LOAD ./Core/Src/syscalls.o
LOAD ./Core/Src/sysmem.o
LOAD ./Core/Src/system_stm32h7xx.o
LOAD ./Core/Startup/startup_stm32h743vitx.o
LOAD ./Drivers/STM32H7xx_HAL_Driver/Src/stm32h7xx_hal.o
LOAD ./Drivers/STM32H7xx_HAL_Driver/Src/stm32h7xx_hal_cortex.o
LOAD ./Drivers/STM32H7xx_HAL_Driver/Src/stm32h7xx_hal_dma.o
LOAD ./Drivers/STM32H7xx_HAL_Driver/Src/stm32h7xx_hal_dma_ex.o
LOAD ./Drivers/STM32H7xx_HAL_Driver/Src/stm32h7xx_hal_exti.o
LOAD ./Drivers/STM32H7xx_HAL_Driver/Src/stm32h7xx_hal_fdcan.o
LOAD ./Drivers/STM32H7xx_HAL_Driver/Src/stm32h7xx_hal_flash.o
LOAD ./Drivers/STM32H7xx_HAL_Driver/Src/stm32h7xx_hal_flash_ex.o
LOAD ./Drivers/STM32H7xx_HAL_Driver/Src/stm32h7xx_hal_gpio.o
LOAD ./Drivers/STM32H7xx_HAL_Driver/Src/stm32h7xx_hal_hsem.o
LOAD ./Drivers/STM32H7xx_HAL_Driver/Src/stm32h7xx_hal_i2c.o
LOAD ./Drivers/STM32H7xx_HAL_Driver/Src/stm32h7xx_hal_i2c_ex.o
LOAD ./Drivers/STM32H7xx_HAL_Driver/Src/stm32h7xx_hal_mdma.o
LOAD ./Drivers/STM32H7xx_HAL_Driver/Src/stm32h7xx_hal_pwr.o
LOAD ./Drivers/STM32H7xx_HAL_Driver/Src/stm32h7xx_hal_pwr_ex.o
LOAD ./Drivers/STM32H7xx_HAL_Driver/Src/stm32h7xx_hal_rcc.o
LOAD ./Drivers/STM32H7xx_HAL_Driver/Src/stm32h7xx_hal_rcc_ex.o
LOAD ./Drivers/STM32H7xx_HAL_Driver/Src/stm32h7xx_hal_tim.o
LOAD ./Drivers/STM32H7xx_HAL_Driver/Src/stm32h7xx_hal_tim_ex.o
START GROUP
LOAD c:/st/stm32cubeide_1.9.0/stm32cubeide/plugins/com.st.stm32cube.ide.mcu.externaltools.gnu-tools-for-stm32.10.3-2021.10.win32_1.0.0.202111181127/tools/bin/../lib/gcc/arm-none-eabi/10.3.1/../../../../arm-none-eabi/lib/thumb/v7e-m+dp/hard\libc_nano.a
LOAD c:/st/stm32cubeide_1.9.0/stm32cubeide/plugins/com.st.stm32cube.ide.mcu.externaltools.gnu-tools-for-stm32.10.3-2021.10.win32_1.0.0.202111181127/tools/bin/../lib/gcc/arm-none-eabi/10.3.1/../../../../arm-none-eabi/lib/thumb/v7e-m+dp/hard\libm.a
END GROUP
START GROUP
LOAD c:/st/stm32cubeide_1.9.0/stm32cubeide/plugins/com.st.stm32cube.ide.mcu.externaltools.gnu-tools-for-stm32.10.3-2021.10.win32_1.0.0.202111181127/tools/bin/../lib/gcc/arm-none-eabi/10.3.1/thumb/v7e-m+dp/hard\libgcc.a
LOAD c:/st/stm32cubeide_1.9.0/stm32cubeide/plugins/com.st.stm32cube.ide.mcu.externaltools.gnu-tools-for-stm32.10.3-2021.10.win32_1.0.0.202111181127/tools/bin/../lib/gcc/arm-none-eabi/10.3.1/../../../../arm-none-eabi/lib/thumb/v7e-m+dp/hard\libc_nano.a
END GROUP
START GROUP
LOAD c:/st/stm32cubeide_1.9.0/stm32cubeide/plugins/com.st.stm32cube.ide.mcu.externaltools.gnu-tools-for-stm32.10.3-2021.10.win32_1.0.0.202111181127/tools/bin/../lib/gcc/arm-none-eabi/10.3.1/thumb/v7e-m+dp/hard\libgcc.a
LOAD c:/st/stm32cubeide_1.9.0/stm32cubeide/plugins/com.st.stm32cube.ide.mcu.externaltools.gnu-tools-for-stm32.10.3-2021.10.win32_1.0.0.202111181127/tools/bin/../lib/gcc/arm-none-eabi/10.3.1/../../../../arm-none-eabi/lib/thumb/v7e-m+dp/hard\libc_nano.a
LOAD c:/st/stm32cubeide_1.9.0/stm32cubeide/plugins/com.st.stm32cube.ide.mcu.externaltools.gnu-tools-for-stm32.10.3-2021.10.win32_1.0.0.202111181127/tools/bin/../lib/gcc/arm-none-eabi/10.3.1/../../../../arm-none-eabi/lib/thumb/v7e-m+dp/hard\libnosys.a
END GROUP
START GROUP
LOAD c:/st/stm32cubeide_1.9.0/stm32cubeide/plugins/com.st.stm32cube.ide.mcu.externaltools.gnu-tools-for-stm32.10.3-2021.10.win32_1.0.0.202111181127/tools/bin/../lib/gcc/arm-none-eabi/10.3.1/thumb/v7e-m+dp/hard\libgcc.a
LOAD c:/st/stm32cubeide_1.9.0/stm32cubeide/plugins/com.st.stm32cube.ide.mcu.externaltools.gnu-tools-for-stm32.10.3-2021.10.win32_1.0.0.202111181127/tools/bin/../lib/gcc/arm-none-eabi/10.3.1/../../../../arm-none-eabi/lib/thumb/v7e-m+dp/hard\libc_nano.a
LOAD c:/st/stm32cubeide_1.9.0/stm32cubeide/plugins/com.st.stm32cube.ide.mcu.externaltools.gnu-tools-for-stm32.10.3-2021.10.win32_1.0.0.202111181127/tools/bin/../lib/gcc/arm-none-eabi/10.3.1/../../../../arm-none-eabi/lib/thumb/v7e-m+dp/hard\libnosys.a
END GROUP
LOAD c:/st/stm32cubeide_1.9.0/stm32cubeide/plugins/com.st.stm32cube.ide.mcu.externaltools.gnu-tools-for-stm32.10.3-2021.10.win32_1.0.0.202111181127/tools/bin/../lib/gcc/arm-none-eabi/10.3.1/thumb/v7e-m+dp/hard/crtend.o
LOAD c:/st/stm32cubeide_1.9.0/stm32cubeide/plugins/com.st.stm32cube.ide.mcu.externaltools.gnu-tools-for-stm32.10.3-2021.10.win32_1.0.0.202111181127/tools/bin/../lib/gcc/arm-none-eabi/10.3.1/thumb/v7e-m+dp/hard/crtn.o
                0x0000000024080000                _estack = (ORIGIN (RAM_D1) + LENGTH (RAM_D1))
                0x0000000000000200                _Min_Heap_Size = 0x200
                0x0000000000000400                _Min_Stack_Size = 0x400

.isr_vector     0x0000000008000000      0x298
                0x0000000008000000                . = ALIGN (0x4)
 *(.isr_vector)
 .isr_vector    0x0000000008000000      0x298 ./Core/Startup/startup_stm32h743vitx.o
                0x0000000008000000                g_pfnVectors
                0x0000000008000298                . = ALIGN (0x4)

.text           0x0000000008000298     0x5b20
                0x0000000008000298                . = ALIGN (0x4)
 *(.text)
 .text          0x0000000008000298       0x40 c:/st/stm32cubeide_1.9.0/stm32cubeide/plugins/com.st.stm32cube.ide.mcu.externaltools.gnu-tools-for-stm32.10.3-2021.10.win32_1.0.0.202111181127/tools/bin/../lib/gcc/arm-none-eabi/10.3.1/thumb/v7e-m+dp/hard/crtbegin.o
 .text          0x00000000080002d8      0x378 c:/st/stm32cubeide_1.9.0/stm32cubeide/plugins/com.st.stm32cube.ide.mcu.externaltools.gnu-tools-for-stm32.10.3-2021.10.win32_1.0.0.202111181127/tools/bin/../lib/gcc/arm-none-eabi/10.3.1/thumb/v7e-m+dp/hard\libgcc.a(_arm_addsubdf3.o)
                0x00000000080002d8                __aeabi_drsub
                0x00000000080002e0                __aeabi_dsub
                0x00000000080002e0                __subdf3
                0x00000000080002e4                __aeabi_dadd
                0x00000000080002e4                __adddf3
                0x000000000800055c                __floatunsidf
                0x000000000800055c                __aeabi_ui2d
                0x000000000800057c                __floatsidf
                0x000000000800057c                __aeabi_i2d
                0x00000000080005a0                __aeabi_f2d
                0x00000000080005a0                __extendsfdf2
                0x00000000080005e4                __floatundidf
                0x00000000080005e4                __aeabi_ul2d
                0x00000000080005f4                __floatdidf
                0x00000000080005f4                __aeabi_l2d
 .text          0x0000000008000650       0x30 c:/st/stm32cubeide_1.9.0/stm32cubeide/plugins/com.st.stm32cube.ide.mcu.externaltools.gnu-tools-for-stm32.10.3-2021.10.win32_1.0.0.202111181127/tools/bin/../lib/gcc/arm-none-eabi/10.3.1/thumb/v7e-m+dp/hard\libgcc.a(_fixdfdi.o)
                0x0000000008000650                __fixdfdi
                0x0000000008000650                __aeabi_d2lz
 .text          0x0000000008000680       0x40 c:/st/stm32cubeide_1.9.0/stm32cubeide/plugins/com.st.stm32cube.ide.mcu.externaltools.gnu-tools-for-stm32.10.3-2021.10.win32_1.0.0.202111181127/tools/bin/../lib/gcc/arm-none-eabi/10.3.1/thumb/v7e-m+dp/hard\libgcc.a(_fixunsdfdi.o)
                0x0000000008000680                __fixunsdfdi
                0x0000000008000680                __aeabi_d2ulz
 *(.text*)
 .text.HAL_FDCAN_RxFifo0Callback
                0x00000000080006c0       0xb8 ./Core/Src/CAN.o
                0x00000000080006c0                HAL_FDCAN_RxFifo0Callback
 .text.CAN_Configure_Init
                0x0000000008000778       0xcc ./Core/Src/CAN.o
                0x0000000008000778                CAN_Configure_Init
 .text.CAN_Clean_Buffers
                0x0000000008000844       0x58 ./Core/Src/CAN.o
                0x0000000008000844                CAN_Clean_Buffers
 .text.CAN_Init
                0x000000000800089c       0x70 ./Core/Src/CAN.o
                0x000000000800089c                CAN_Init
 .text.CAN_Stream_ReceiveCallback
                0x000000000800090c       0x94 ./Core/Src/CAN.o
                0x000000000800090c                CAN_Stream_ReceiveCallback
 .text.CAN_Storage_POSITIVE
                0x00000000080009a0       0xd0 ./Core/Src/CAN.o
                0x00000000080009a0                CAN_Storage_POSITIVE
 .text.CAN_Storage_NEGATIVE
                0x0000000008000a70       0xd0 ./Core/Src/CAN.o
                0x0000000008000a70                CAN_Storage_NEGATIVE
 .text.CAN_Storage_FLOAT
                0x0000000008000b40       0xd0 ./Core/Src/CAN.o
                0x0000000008000b40                CAN_Storage_FLOAT
 .text.CAN_Storage_DOUBLE
                0x0000000008000c10       0xf0 ./Core/Src/CAN.o
                0x0000000008000c10                CAN_Storage_DOUBLE
 .text.CAN_TxData
                0x0000000008000d00       0xd8 ./Core/Src/CAN.o
                0x0000000008000d00                CAN_TxData
 .text.CAN_Get_value
                0x0000000008000dd8       0xc0 ./Core/Src/CAN.o
                0x0000000008000dd8                CAN_Get_value
 .text.CAN_Get_value_FLOAT
                0x0000000008000e98      0x110 ./Core/Src/CAN.o
                0x0000000008000e98                CAN_Get_value_FLOAT
 .text.CAN_Get_value_DOUBLE
                0x0000000008000fa8      0x11c ./Core/Src/CAN.o
                0x0000000008000fa8                CAN_Get_value_DOUBLE
 .text.CAN_Send
                0x00000000080010c4       0x74 ./Core/Src/CAN.o
                0x00000000080010c4                CAN_Send
 .text.CAN_Send_Float
                0x0000000008001138      0x116 ./Core/Src/CAN.o
                0x0000000008001138                CAN_Send_Float
 .text.CAN_Send_Double
                0x000000000800124e      0x10a ./Core/Src/CAN.o
                0x000000000800124e                CAN_Send_Double
 .text.main     0x0000000008001358      0x114 ./Core/Src/main.o
                0x0000000008001358                main
 .text.SystemClock_Config
                0x000000000800146c       0xf8 ./Core/Src/main.o
                0x000000000800146c                SystemClock_Config
 .text.MX_FDCAN1_Init
                0x0000000008001564       0xcc ./Core/Src/main.o
 .text.MX_GPIO_Init
                0x0000000008001630       0xf4 ./Core/Src/main.o
 .text.Error_Handler
                0x0000000008001724       0x18 ./Core/Src/main.o
                0x0000000008001724                Error_Handler
 .text.HAL_MspInit
                0x000000000800173c       0x34 ./Core/Src/stm32h7xx_hal_msp.o
                0x000000000800173c                HAL_MspInit
 .text.HAL_FDCAN_MspInit
                0x0000000008001770       0xdc ./Core/Src/stm32h7xx_hal_msp.o
                0x0000000008001770                HAL_FDCAN_MspInit
 .text.NMI_Handler
                0x000000000800184c        0x6 ./Core/Src/stm32h7xx_it.o
                0x000000000800184c                NMI_Handler
 *fill*         0x0000000008001852        0x2 
 .text.HardFault_Handler
                0x0000000008001854       0x14 ./Core/Src/stm32h7xx_it.o
                0x0000000008001854                HardFault_Handler
 .text.MemManage_Handler
                0x0000000008001868        0x6 ./Core/Src/stm32h7xx_it.o
                0x0000000008001868                MemManage_Handler
 .text.BusFault_Handler
                0x000000000800186e        0x6 ./Core/Src/stm32h7xx_it.o
                0x000000000800186e                BusFault_Handler
 .text.UsageFault_Handler
                0x0000000008001874        0x6 ./Core/Src/stm32h7xx_it.o
                0x0000000008001874                UsageFault_Handler
 .text.SVC_Handler
                0x000000000800187a        0xe ./Core/Src/stm32h7xx_it.o
                0x000000000800187a                SVC_Handler
 .text.DebugMon_Handler
                0x0000000008001888        0xe ./Core/Src/stm32h7xx_it.o
                0x0000000008001888                DebugMon_Handler
 .text.PendSV_Handler
                0x0000000008001896        0xe ./Core/Src/stm32h7xx_it.o
                0x0000000008001896                PendSV_Handler
 .text.SysTick_Handler
                0x00000000080018a4        0xc ./Core/Src/stm32h7xx_it.o
                0x00000000080018a4                SysTick_Handler
 .text.FDCAN1_IT0_IRQHandler
                0x00000000080018b0       0x14 ./Core/Src/stm32h7xx_it.o
                0x00000000080018b0                FDCAN1_IT0_IRQHandler
 .text._sbrk    0x00000000080018c4       0x6c ./Core/Src/sysmem.o
                0x00000000080018c4                _sbrk
 .text.SystemInit
                0x0000000008001930      0x110 ./Core/Src/system_stm32h7xx.o
                0x0000000008001930                SystemInit
 .text.Reset_Handler
                0x0000000008001a40       0x50 ./Core/Startup/startup_stm32h743vitx.o
                0x0000000008001a40                Reset_Handler
 .text.Default_Handler
                0x0000000008001a90        0x2 ./Core/Startup/startup_stm32h743vitx.o
                0x0000000008001a90                RTC_Alarm_IRQHandler
                0x0000000008001a90                EXTI2_IRQHandler
                0x0000000008001a90                TIM8_CC_IRQHandler
                0x0000000008001a90                HRTIM1_Master_IRQHandler
                0x0000000008001a90                UART8_IRQHandler
                0x0000000008001a90                SPI4_IRQHandler
                0x0000000008001a90                TIM1_CC_IRQHandler
                0x0000000008001a90                BDMA_Channel6_IRQHandler
                0x0000000008001a90                DMA2_Stream5_IRQHandler
                0x0000000008001a90                HRTIM1_FLT_IRQHandler
                0x0000000008001a90                JPEG_IRQHandler
                0x0000000008001a90                DMA1_Stream5_IRQHandler
                0x0000000008001a90                BDMA_Channel1_IRQHandler
                0x0000000008001a90                HRTIM1_TIMD_IRQHandler
                0x0000000008001a90                TAMP_STAMP_IRQHandler
                0x0000000008001a90                EXTI3_IRQHandler
                0x0000000008001a90                LPTIM4_IRQHandler
                0x0000000008001a90                TIM8_TRG_COM_TIM14_IRQHandler
                0x0000000008001a90                LPTIM2_IRQHandler
                0x0000000008001a90                DFSDM1_FLT1_IRQHandler
                0x0000000008001a90                DMAMUX2_OVR_IRQHandler
                0x0000000008001a90                TIM8_UP_TIM13_IRQHandler
                0x0000000008001a90                I2C3_ER_IRQHandler
                0x0000000008001a90                DFSDM1_FLT2_IRQHandler
                0x0000000008001a90                MDMA_IRQHandler
                0x0000000008001a90                LPTIM3_IRQHandler
                0x0000000008001a90                HSEM1_IRQHandler
                0x0000000008001a90                EXTI0_IRQHandler
                0x0000000008001a90                I2C2_EV_IRQHandler
                0x0000000008001a90                DMA1_Stream2_IRQHandler
                0x0000000008001a90                FPU_IRQHandler
                0x0000000008001a90                OTG_HS_WKUP_IRQHandler
                0x0000000008001a90                FDCAN1_IT1_IRQHandler
                0x0000000008001a90                LTDC_ER_IRQHandler
                0x0000000008001a90                DMA2_Stream2_IRQHandler
                0x0000000008001a90                HRTIM1_TIME_IRQHandler
                0x0000000008001a90                SPI1_IRQHandler
                0x0000000008001a90                TIM6_DAC_IRQHandler
                0x0000000008001a90                DCMI_IRQHandler
                0x0000000008001a90                HRTIM1_TIMC_IRQHandler
                0x0000000008001a90                DMA2_Stream3_IRQHandler
                0x0000000008001a90                SAI2_IRQHandler
                0x0000000008001a90                DFSDM1_FLT3_IRQHandler
                0x0000000008001a90                USART6_IRQHandler
                0x0000000008001a90                TIM17_IRQHandler
                0x0000000008001a90                USART3_IRQHandler
                0x0000000008001a90                BDMA_Channel7_IRQHandler
                0x0000000008001a90                LPTIM5_IRQHandler
                0x0000000008001a90                UART5_IRQHandler
                0x0000000008001a90                ADC3_IRQHandler
                0x0000000008001a90                DMA2_Stream0_IRQHandler
                0x0000000008001a90                TIM4_IRQHandler
                0x0000000008001a90                BDMA_Channel2_IRQHandler
                0x0000000008001a90                QUADSPI_IRQHandler
                0x0000000008001a90                I2C1_EV_IRQHandler
                0x0000000008001a90                DMA1_Stream6_IRQHandler
                0x0000000008001a90                DMAMUX1_OVR_IRQHandler
                0x0000000008001a90                DMA1_Stream1_IRQHandler
                0x0000000008001a90                TIM16_IRQHandler
                0x0000000008001a90                UART4_IRQHandler
                0x0000000008001a90                BDMA_Channel5_IRQHandler
                0x0000000008001a90                TIM3_IRQHandler
                0x0000000008001a90                RCC_IRQHandler
                0x0000000008001a90                TIM8_BRK_TIM12_IRQHandler
                0x0000000008001a90                TIM1_TRG_COM_IRQHandler
                0x0000000008001a90                Default_Handler
                0x0000000008001a90                ECC_IRQHandler
                0x0000000008001a90                CEC_IRQHandler
                0x0000000008001a90                EXTI15_10_IRQHandler
                0x0000000008001a90                BDMA_Channel0_IRQHandler
                0x0000000008001a90                ADC_IRQHandler
                0x0000000008001a90                DMA1_Stream7_IRQHandler
                0x0000000008001a90                HRTIM1_TIMA_IRQHandler
                0x0000000008001a90                SPI5_IRQHandler
                0x0000000008001a90                TIM7_IRQHandler
                0x0000000008001a90                SDMMC1_IRQHandler
                0x0000000008001a90                TIM5_IRQHandler
                0x0000000008001a90                DMA2_Stream7_IRQHandler
                0x0000000008001a90                TIM15_IRQHandler
                0x0000000008001a90                PVD_AVD_IRQHandler
                0x0000000008001a90                I2C3_EV_IRQHandler
                0x0000000008001a90                EXTI9_5_IRQHandler
                0x0000000008001a90                RTC_WKUP_IRQHandler
                0x0000000008001a90                LTDC_IRQHandler
                0x0000000008001a90                SAI3_IRQHandler
                0x0000000008001a90                ETH_WKUP_IRQHandler
                0x0000000008001a90                SPDIF_RX_IRQHandler
                0x0000000008001a90                SPI2_IRQHandler
                0x0000000008001a90                OTG_HS_EP1_IN_IRQHandler
                0x0000000008001a90                DMA1_Stream0_IRQHandler
                0x0000000008001a90                CRS_IRQHandler
                0x0000000008001a90                EXTI4_IRQHandler
                0x0000000008001a90                RNG_IRQHandler
                0x0000000008001a90                HRTIM1_TIMB_IRQHandler
                0x0000000008001a90                FDCAN2_IT1_IRQHandler
                0x0000000008001a90                ETH_IRQHandler
                0x0000000008001a90                TIM1_UP_IRQHandler
                0x0000000008001a90                BDMA_Channel4_IRQHandler
                0x0000000008001a90                OTG_HS_EP1_OUT_IRQHandler
                0x0000000008001a90                WWDG_IRQHandler
                0x0000000008001a90                SPI6_IRQHandler
                0x0000000008001a90                MDIOS_IRQHandler
                0x0000000008001a90                I2C4_EV_IRQHandler
                0x0000000008001a90                FDCAN2_IT0_IRQHandler
                0x0000000008001a90                LPUART1_IRQHandler
                0x0000000008001a90                TIM2_IRQHandler
                0x0000000008001a90                OTG_FS_WKUP_IRQHandler
                0x0000000008001a90                OTG_HS_IRQHandler
                0x0000000008001a90                DMA2D_IRQHandler
                0x0000000008001a90                TIM1_BRK_IRQHandler
                0x0000000008001a90                EXTI1_IRQHandler
                0x0000000008001a90                SDMMC2_IRQHandler
                0x0000000008001a90                OTG_FS_EP1_OUT_IRQHandler
                0x0000000008001a90                BDMA_Channel3_IRQHandler
                0x0000000008001a90                UART7_IRQHandler
                0x0000000008001a90                MDIOS_WKUP_IRQHandler
                0x0000000008001a90                USART2_IRQHandler
                0x0000000008001a90                DFSDM1_FLT0_IRQHandler
                0x0000000008001a90                SAI4_IRQHandler
                0x0000000008001a90                I2C2_ER_IRQHandler
                0x0000000008001a90                DMA2_Stream1_IRQHandler
                0x0000000008001a90                FLASH_IRQHandler
                0x0000000008001a90                DMA2_Stream4_IRQHandler
                0x0000000008001a90                USART1_IRQHandler
                0x0000000008001a90                OTG_FS_IRQHandler
                0x0000000008001a90                SPI3_IRQHandler
                0x0000000008001a90                WAKEUP_PIN_IRQHandler
                0x0000000008001a90                DMA1_Stream4_IRQHandler
                0x0000000008001a90                OTG_FS_EP1_IN_IRQHandler
                0x0000000008001a90                I2C1_ER_IRQHandler
                0x0000000008001a90                FMC_IRQHandler
                0x0000000008001a90                FDCAN_CAL_IRQHandler
                0x0000000008001a90                SWPMI1_IRQHandler
                0x0000000008001a90                COMP1_IRQHandler
                0x0000000008001a90                LPTIM1_IRQHandler
                0x0000000008001a90                I2C4_ER_IRQHandler
                0x0000000008001a90                DMA2_Stream6_IRQHandler
                0x0000000008001a90                SAI1_IRQHandler
                0x0000000008001a90                DMA1_Stream3_IRQHandler
 *fill*         0x0000000008001a92        0x2 
 .text.HAL_Init
                0x0000000008001a94       0x78 ./Drivers/STM32H7xx_HAL_Driver/Src/stm32h7xx_hal.o
                0x0000000008001a94                HAL_Init
 .text.HAL_InitTick
                0x0000000008001b0c       0x6c ./Drivers/STM32H7xx_HAL_Driver/Src/stm32h7xx_hal.o
                0x0000000008001b0c                HAL_InitTick
 .text.HAL_IncTick
                0x0000000008001b78       0x28 ./Drivers/STM32H7xx_HAL_Driver/Src/stm32h7xx_hal.o
                0x0000000008001b78                HAL_IncTick
 .text.HAL_GetTick
                0x0000000008001ba0       0x18 ./Drivers/STM32H7xx_HAL_Driver/Src/stm32h7xx_hal.o
                0x0000000008001ba0                HAL_GetTick
 .text.HAL_GetREVID
                0x0000000008001bb8       0x18 ./Drivers/STM32H7xx_HAL_Driver/Src/stm32h7xx_hal.o
                0x0000000008001bb8                HAL_GetREVID
 .text.__NVIC_SetPriorityGrouping
                0x0000000008001bd0       0x48 ./Drivers/STM32H7xx_HAL_Driver/Src/stm32h7xx_hal_cortex.o
 .text.__NVIC_GetPriorityGrouping
                0x0000000008001c18       0x1c ./Drivers/STM32H7xx_HAL_Driver/Src/stm32h7xx_hal_cortex.o
 .text.__NVIC_EnableIRQ
                0x0000000008001c34       0x3c ./Drivers/STM32H7xx_HAL_Driver/Src/stm32h7xx_hal_cortex.o
 .text.__NVIC_SetPriority
                0x0000000008001c70       0x54 ./Drivers/STM32H7xx_HAL_Driver/Src/stm32h7xx_hal_cortex.o
 .text.NVIC_EncodePriority
                0x0000000008001cc4       0x66 ./Drivers/STM32H7xx_HAL_Driver/Src/stm32h7xx_hal_cortex.o
 *fill*         0x0000000008001d2a        0x2 
 .text.SysTick_Config
                0x0000000008001d2c       0x44 ./Drivers/STM32H7xx_HAL_Driver/Src/stm32h7xx_hal_cortex.o
 .text.HAL_NVIC_SetPriorityGrouping
                0x0000000008001d70       0x16 ./Drivers/STM32H7xx_HAL_Driver/Src/stm32h7xx_hal_cortex.o
                0x0000000008001d70                HAL_NVIC_SetPriorityGrouping
 .text.HAL_NVIC_SetPriority
                0x0000000008001d86       0x34 ./Drivers/STM32H7xx_HAL_Driver/Src/stm32h7xx_hal_cortex.o
                0x0000000008001d86                HAL_NVIC_SetPriority
 .text.HAL_NVIC_EnableIRQ
                0x0000000008001dba       0x1c ./Drivers/STM32H7xx_HAL_Driver/Src/stm32h7xx_hal_cortex.o
                0x0000000008001dba                HAL_NVIC_EnableIRQ
 .text.HAL_SYSTICK_Config
                0x0000000008001dd6       0x18 ./Drivers/STM32H7xx_HAL_Driver/Src/stm32h7xx_hal_cortex.o
                0x0000000008001dd6                HAL_SYSTICK_Config
 *fill*         0x0000000008001dee        0x2 
 .text.HAL_FDCAN_Init
                0x0000000008001df0      0x3bc ./Drivers/STM32H7xx_HAL_Driver/Src/stm32h7xx_hal_fdcan.o
                0x0000000008001df0                HAL_FDCAN_Init
 .text.HAL_FDCAN_Start
                0x00000000080021ac       0x56 ./Drivers/STM32H7xx_HAL_Driver/Src/stm32h7xx_hal_fdcan.o
                0x00000000080021ac                HAL_FDCAN_Start
 .text.HAL_FDCAN_AddMessageToTxFifoQ
                0x0000000008002202       0xb6 ./Drivers/STM32H7xx_HAL_Driver/Src/stm32h7xx_hal_fdcan.o
                0x0000000008002202                HAL_FDCAN_AddMessageToTxFifoQ
 .text.HAL_FDCAN_GetRxMessage
                0x00000000080022b8      0x2dc ./Drivers/STM32H7xx_HAL_Driver/Src/stm32h7xx_hal_fdcan.o
                0x00000000080022b8                HAL_FDCAN_GetRxMessage
 .text.HAL_FDCAN_GetTxFifoFreeLevel
                0x0000000008002594       0x24 ./Drivers/STM32H7xx_HAL_Driver/Src/stm32h7xx_hal_fdcan.o
                0x0000000008002594                HAL_FDCAN_GetTxFifoFreeLevel
 .text.HAL_FDCAN_ActivateNotification
                0x00000000080025b8       0xf4 ./Drivers/STM32H7xx_HAL_Driver/Src/stm32h7xx_hal_fdcan.o
                0x00000000080025b8                HAL_FDCAN_ActivateNotification
 .text.HAL_FDCAN_IRQHandler
                0x00000000080026ac      0x4bc ./Drivers/STM32H7xx_HAL_Driver/Src/stm32h7xx_hal_fdcan.o
                0x00000000080026ac                HAL_FDCAN_IRQHandler
 .text.HAL_FDCAN_ClockCalibrationCallback
                0x0000000008002b68       0x16 ./Drivers/STM32H7xx_HAL_Driver/Src/stm32h7xx_hal_fdcan.o
                0x0000000008002b68                HAL_FDCAN_ClockCalibrationCallback
 .text.HAL_FDCAN_TxEventFifoCallback
                0x0000000008002b7e       0x16 ./Drivers/STM32H7xx_HAL_Driver/Src/stm32h7xx_hal_fdcan.o
                0x0000000008002b7e                HAL_FDCAN_TxEventFifoCallback
 .text.HAL_FDCAN_RxFifo1Callback
                0x0000000008002b94       0x16 ./Drivers/STM32H7xx_HAL_Driver/Src/stm32h7xx_hal_fdcan.o
                0x0000000008002b94                HAL_FDCAN_RxFifo1Callback
 .text.HAL_FDCAN_TxFifoEmptyCallback
                0x0000000008002baa       0x14 ./Drivers/STM32H7xx_HAL_Driver/Src/stm32h7xx_hal_fdcan.o
                0x0000000008002baa                HAL_FDCAN_TxFifoEmptyCallback
 .text.HAL_FDCAN_TxBufferCompleteCallback
                0x0000000008002bbe       0x16 ./Drivers/STM32H7xx_HAL_Driver/Src/stm32h7xx_hal_fdcan.o
                0x0000000008002bbe                HAL_FDCAN_TxBufferCompleteCallback
 .text.HAL_FDCAN_TxBufferAbortCallback
                0x0000000008002bd4       0x16 ./Drivers/STM32H7xx_HAL_Driver/Src/stm32h7xx_hal_fdcan.o
                0x0000000008002bd4                HAL_FDCAN_TxBufferAbortCallback
 .text.HAL_FDCAN_RxBufferNewMessageCallback
                0x0000000008002bea       0x14 ./Drivers/STM32H7xx_HAL_Driver/Src/stm32h7xx_hal_fdcan.o
                0x0000000008002bea                HAL_FDCAN_RxBufferNewMessageCallback
 .text.HAL_FDCAN_TimestampWraparoundCallback
                0x0000000008002bfe       0x14 ./Drivers/STM32H7xx_HAL_Driver/Src/stm32h7xx_hal_fdcan.o
                0x0000000008002bfe                HAL_FDCAN_TimestampWraparoundCallback
 .text.HAL_FDCAN_TimeoutOccurredCallback
                0x0000000008002c12       0x14 ./Drivers/STM32H7xx_HAL_Driver/Src/stm32h7xx_hal_fdcan.o
                0x0000000008002c12                HAL_FDCAN_TimeoutOccurredCallback
 .text.HAL_FDCAN_HighPriorityMessageCallback
                0x0000000008002c26       0x14 ./Drivers/STM32H7xx_HAL_Driver/Src/stm32h7xx_hal_fdcan.o
                0x0000000008002c26                HAL_FDCAN_HighPriorityMessageCallback
 .text.HAL_FDCAN_ErrorCallback
                0x0000000008002c3a       0x14 ./Drivers/STM32H7xx_HAL_Driver/Src/stm32h7xx_hal_fdcan.o
                0x0000000008002c3a                HAL_FDCAN_ErrorCallback
 .text.HAL_FDCAN_ErrorStatusCallback
                0x0000000008002c4e       0x16 ./Drivers/STM32H7xx_HAL_Driver/Src/stm32h7xx_hal_fdcan.o
                0x0000000008002c4e                HAL_FDCAN_ErrorStatusCallback
 .text.HAL_FDCAN_TT_ScheduleSyncCallback
                0x0000000008002c64       0x16 ./Drivers/STM32H7xx_HAL_Driver/Src/stm32h7xx_hal_fdcan.o
                0x0000000008002c64                HAL_FDCAN_TT_ScheduleSyncCallback
 .text.HAL_FDCAN_TT_TimeMarkCallback
                0x0000000008002c7a       0x16 ./Drivers/STM32H7xx_HAL_Driver/Src/stm32h7xx_hal_fdcan.o
                0x0000000008002c7a                HAL_FDCAN_TT_TimeMarkCallback
 .text.HAL_FDCAN_TT_StopWatchCallback
                0x0000000008002c90       0x18 ./Drivers/STM32H7xx_HAL_Driver/Src/stm32h7xx_hal_fdcan.o
                0x0000000008002c90                HAL_FDCAN_TT_StopWatchCallback
 .text.HAL_FDCAN_TT_GlobalTimeCallback
                0x0000000008002ca8       0x16 ./Drivers/STM32H7xx_HAL_Driver/Src/stm32h7xx_hal_fdcan.o
                0x0000000008002ca8                HAL_FDCAN_TT_GlobalTimeCallback
 *fill*         0x0000000008002cbe        0x2 
 .text.FDCAN_CalcultateRamBlockAddresses
                0x0000000008002cc0      0x30c ./Drivers/STM32H7xx_HAL_Driver/Src/stm32h7xx_hal_fdcan.o
 .text.FDCAN_CopyMessageToRAM
                0x0000000008002fcc       0xfc ./Drivers/STM32H7xx_HAL_Driver/Src/stm32h7xx_hal_fdcan.o
 .text.HAL_GPIO_Init
                0x00000000080030c8      0x360 ./Drivers/STM32H7xx_HAL_Driver/Src/stm32h7xx_hal_gpio.o
                0x00000000080030c8                HAL_GPIO_Init
 .text.HAL_GPIO_WritePin
                0x0000000008003428       0x32 ./Drivers/STM32H7xx_HAL_Driver/Src/stm32h7xx_hal_gpio.o
                0x0000000008003428                HAL_GPIO_WritePin
 .text.HAL_GPIO_TogglePin
                0x000000000800345a       0x34 ./Drivers/STM32H7xx_HAL_Driver/Src/stm32h7xx_hal_gpio.o
                0x000000000800345a                HAL_GPIO_TogglePin
 *fill*         0x000000000800348e        0x2 
 .text.HAL_PWREx_ConfigSupply
                0x0000000008003490       0x74 ./Drivers/STM32H7xx_HAL_Driver/Src/stm32h7xx_hal_pwr_ex.o
                0x0000000008003490                HAL_PWREx_ConfigSupply
 .text.HAL_RCC_OscConfig
                0x0000000008003504      0x85c ./Drivers/STM32H7xx_HAL_Driver/Src/stm32h7xx_hal_rcc.o
                0x0000000008003504                HAL_RCC_OscConfig
 .text.HAL_RCC_ClockConfig
                0x0000000008003d60      0x36c ./Drivers/STM32H7xx_HAL_Driver/Src/stm32h7xx_hal_rcc.o
                0x0000000008003d60                HAL_RCC_ClockConfig
 .text.HAL_RCC_GetSysClockFreq
                0x00000000080040cc      0x2f4 ./Drivers/STM32H7xx_HAL_Driver/Src/stm32h7xx_hal_rcc.o
                0x00000000080040cc                HAL_RCC_GetSysClockFreq
 .text.HAL_RCCEx_PeriphCLKConfig
                0x00000000080043c0      0xe8c ./Drivers/STM32H7xx_HAL_Driver/Src/stm32h7xx_hal_rcc_ex.o
                0x00000000080043c0                HAL_RCCEx_PeriphCLKConfig
 .text.RCCEx_PLL2_Config
                0x000000000800524c      0x164 ./Drivers/STM32H7xx_HAL_Driver/Src/stm32h7xx_hal_rcc_ex.o
 .text.RCCEx_PLL3_Config
                0x00000000080053b0      0x164 ./Drivers/STM32H7xx_HAL_Driver/Src/stm32h7xx_hal_rcc_ex.o
 .text.__errno  0x0000000008005514        0xc c:/st/stm32cubeide_1.9.0/stm32cubeide/plugins/com.st.stm32cube.ide.mcu.externaltools.gnu-tools-for-stm32.10.3-2021.10.win32_1.0.0.202111181127/tools/bin/../lib/gcc/arm-none-eabi/10.3.1/../../../../arm-none-eabi/lib/thumb/v7e-m+dp/hard\libc_nano.a(lib_a-errno.o)
                0x0000000008005514                __errno
 .text.__libc_init_array
                0x0000000008005520       0x48 c:/st/stm32cubeide_1.9.0/stm32cubeide/plugins/com.st.stm32cube.ide.mcu.externaltools.gnu-tools-for-stm32.10.3-2021.10.win32_1.0.0.202111181127/tools/bin/../lib/gcc/arm-none-eabi/10.3.1/../../../../arm-none-eabi/lib/thumb/v7e-m+dp/hard\libc_nano.a(lib_a-init.o)
                0x0000000008005520                __libc_init_array
 .text.malloc   0x0000000008005568       0x10 c:/st/stm32cubeide_1.9.0/stm32cubeide/plugins/com.st.stm32cube.ide.mcu.externaltools.gnu-tools-for-stm32.10.3-2021.10.win32_1.0.0.202111181127/tools/bin/../lib/gcc/arm-none-eabi/10.3.1/../../../../arm-none-eabi/lib/thumb/v7e-m+dp/hard\libc_nano.a(lib_a-malloc.o)
                0x0000000008005568                malloc
 .text.free     0x0000000008005578       0x10 c:/st/stm32cubeide_1.9.0/stm32cubeide/plugins/com.st.stm32cube.ide.mcu.externaltools.gnu-tools-for-stm32.10.3-2021.10.win32_1.0.0.202111181127/tools/bin/../lib/gcc/arm-none-eabi/10.3.1/../../../../arm-none-eabi/lib/thumb/v7e-m+dp/hard\libc_nano.a(lib_a-malloc.o)
                0x0000000008005578                free
 .text.memcpy   0x0000000008005588       0x1c c:/st/stm32cubeide_1.9.0/stm32cubeide/plugins/com.st.stm32cube.ide.mcu.externaltools.gnu-tools-for-stm32.10.3-2021.10.win32_1.0.0.202111181127/tools/bin/../lib/gcc/arm-none-eabi/10.3.1/../../../../arm-none-eabi/lib/thumb/v7e-m+dp/hard\libc_nano.a(lib_a-memcpy-stub.o)
                0x0000000008005588                memcpy
 .text.memset   0x00000000080055a4       0x10 c:/st/stm32cubeide_1.9.0/stm32cubeide/plugins/com.st.stm32cube.ide.mcu.externaltools.gnu-tools-for-stm32.10.3-2021.10.win32_1.0.0.202111181127/tools/bin/../lib/gcc/arm-none-eabi/10.3.1/../../../../arm-none-eabi/lib/thumb/v7e-m+dp/hard\libc_nano.a(lib_a-memset.o)
                0x00000000080055a4                memset
 .text._free_r  0x00000000080055b4       0x98 c:/st/stm32cubeide_1.9.0/stm32cubeide/plugins/com.st.stm32cube.ide.mcu.externaltools.gnu-tools-for-stm32.10.3-2021.10.win32_1.0.0.202111181127/tools/bin/../lib/gcc/arm-none-eabi/10.3.1/../../../../arm-none-eabi/lib/thumb/v7e-m+dp/hard\libc_nano.a(lib_a-nano-freer.o)
                0x00000000080055b4                _free_r
 .text.sbrk_aligned
                0x000000000800564c       0x40 c:/st/stm32cubeide_1.9.0/stm32cubeide/plugins/com.st.stm32cube.ide.mcu.externaltools.gnu-tools-for-stm32.10.3-2021.10.win32_1.0.0.202111181127/tools/bin/../lib/gcc/arm-none-eabi/10.3.1/../../../../arm-none-eabi/lib/thumb/v7e-m+dp/hard\libc_nano.a(lib_a-nano-mallocr.o)
 .text._malloc_r
                0x000000000800568c       0xe8 c:/st/stm32cubeide_1.9.0/stm32cubeide/plugins/com.st.stm32cube.ide.mcu.externaltools.gnu-tools-for-stm32.10.3-2021.10.win32_1.0.0.202111181127/tools/bin/../lib/gcc/arm-none-eabi/10.3.1/../../../../arm-none-eabi/lib/thumb/v7e-m+dp/hard\libc_nano.a(lib_a-nano-mallocr.o)
                0x000000000800568c                _malloc_r
 .text._sbrk_r  0x0000000008005774       0x20 c:/st/stm32cubeide_1.9.0/stm32cubeide/plugins/com.st.stm32cube.ide.mcu.externaltools.gnu-tools-for-stm32.10.3-2021.10.win32_1.0.0.202111181127/tools/bin/../lib/gcc/arm-none-eabi/10.3.1/../../../../arm-none-eabi/lib/thumb/v7e-m+dp/hard\libc_nano.a(lib_a-sbrkr.o)
                0x0000000008005774                _sbrk_r
 .text.__malloc_lock
                0x0000000008005794        0xc c:/st/stm32cubeide_1.9.0/stm32cubeide/plugins/com.st.stm32cube.ide.mcu.externaltools.gnu-tools-for-stm32.10.3-2021.10.win32_1.0.0.202111181127/tools/bin/../lib/gcc/arm-none-eabi/10.3.1/../../../../arm-none-eabi/lib/thumb/v7e-m+dp/hard\libc_nano.a(lib_a-mlock.o)
                0x0000000008005794                __malloc_lock
 .text.__malloc_unlock
                0x00000000080057a0        0xc c:/st/stm32cubeide_1.9.0/stm32cubeide/plugins/com.st.stm32cube.ide.mcu.externaltools.gnu-tools-for-stm32.10.3-2021.10.win32_1.0.0.202111181127/tools/bin/../lib/gcc/arm-none-eabi/10.3.1/../../../../arm-none-eabi/lib/thumb/v7e-m+dp/hard\libc_nano.a(lib_a-mlock.o)
                0x00000000080057a0                __malloc_unlock
 .text.__retarget_lock_acquire_recursive
                0x00000000080057ac        0x2 c:/st/stm32cubeide_1.9.0/stm32cubeide/plugins/com.st.stm32cube.ide.mcu.externaltools.gnu-tools-for-stm32.10.3-2021.10.win32_1.0.0.202111181127/tools/bin/../lib/gcc/arm-none-eabi/10.3.1/../../../../arm-none-eabi/lib/thumb/v7e-m+dp/hard\libc_nano.a(lib_a-lock.o)
                0x00000000080057ac                __retarget_lock_acquire_recursive
 .text.__retarget_lock_release_recursive
                0x00000000080057ae        0x2 c:/st/stm32cubeide_1.9.0/stm32cubeide/plugins/com.st.stm32cube.ide.mcu.externaltools.gnu-tools-for-stm32.10.3-2021.10.win32_1.0.0.202111181127/tools/bin/../lib/gcc/arm-none-eabi/10.3.1/../../../../arm-none-eabi/lib/thumb/v7e-m+dp/hard\libc_nano.a(lib_a-lock.o)
                0x00000000080057ae                __retarget_lock_release_recursive
 .text.checkint
                0x00000000080057b0       0x68 c:/st/stm32cubeide_1.9.0/stm32cubeide/plugins/com.st.stm32cube.ide.mcu.externaltools.gnu-tools-for-stm32.10.3-2021.10.win32_1.0.0.202111181127/tools/bin/../lib/gcc/arm-none-eabi/10.3.1/../../../../arm-none-eabi/lib/thumb/v7e-m+dp/hard\libm.a(lib_a-pow.o)
 .text.pow      0x0000000008005818      0x4a4 c:/st/stm32cubeide_1.9.0/stm32cubeide/plugins/com.st.stm32cube.ide.mcu.externaltools.gnu-tools-for-stm32.10.3-2021.10.win32_1.0.0.202111181127/tools/bin/../lib/gcc/arm-none-eabi/10.3.1/../../../../arm-none-eabi/lib/thumb/v7e-m+dp/hard\libm.a(lib_a-pow.o)
                0x0000000008005818                pow
 .text.with_errno
                0x0000000008005cbc       0x16 c:/st/stm32cubeide_1.9.0/stm32cubeide/plugins/com.st.stm32cube.ide.mcu.externaltools.gnu-tools-for-stm32.10.3-2021.10.win32_1.0.0.202111181127/tools/bin/../lib/gcc/arm-none-eabi/10.3.1/../../../../arm-none-eabi/lib/thumb/v7e-m+dp/hard\libm.a(lib_a-math_err.o)
 .text.xflow    0x0000000008005cd2       0x22 c:/st/stm32cubeide_1.9.0/stm32cubeide/plugins/com.st.stm32cube.ide.mcu.externaltools.gnu-tools-for-stm32.10.3-2021.10.win32_1.0.0.202111181127/tools/bin/../lib/gcc/arm-none-eabi/10.3.1/../../../../arm-none-eabi/lib/thumb/v7e-m+dp/hard\libm.a(lib_a-math_err.o)
 *fill*         0x0000000008005cf4        0x4 
 .text.__math_uflow
                0x0000000008005cf8       0x10 c:/st/stm32cubeide_1.9.0/stm32cubeide/plugins/com.st.stm32cube.ide.mcu.externaltools.gnu-tools-for-stm32.10.3-2021.10.win32_1.0.0.202111181127/tools/bin/../lib/gcc/arm-none-eabi/10.3.1/../../../../arm-none-eabi/lib/thumb/v7e-m+dp/hard\libm.a(lib_a-math_err.o)
                0x0000000008005cf8                __math_uflow
 .text.__math_oflow
                0x0000000008005d08       0x10 c:/st/stm32cubeide_1.9.0/stm32cubeide/plugins/com.st.stm32cube.ide.mcu.externaltools.gnu-tools-for-stm32.10.3-2021.10.win32_1.0.0.202111181127/tools/bin/../lib/gcc/arm-none-eabi/10.3.1/../../../../arm-none-eabi/lib/thumb/v7e-m+dp/hard\libm.a(lib_a-math_err.o)
                0x0000000008005d08                __math_oflow
 .text.__math_divzero
                0x0000000008005d18       0x30 c:/st/stm32cubeide_1.9.0/stm32cubeide/plugins/com.st.stm32cube.ide.mcu.externaltools.gnu-tools-for-stm32.10.3-2021.10.win32_1.0.0.202111181127/tools/bin/../lib/gcc/arm-none-eabi/10.3.1/../../../../arm-none-eabi/lib/thumb/v7e-m+dp/hard\libm.a(lib_a-math_err.o)
                0x0000000008005d18                __math_divzero
 .text.__math_invalid
                0x0000000008005d48       0x1e c:/st/stm32cubeide_1.9.0/stm32cubeide/plugins/com.st.stm32cube.ide.mcu.externaltools.gnu-tools-for-stm32.10.3-2021.10.win32_1.0.0.202111181127/tools/bin/../lib/gcc/arm-none-eabi/10.3.1/../../../../arm-none-eabi/lib/thumb/v7e-m+dp/hard\libm.a(lib_a-math_err.o)
                0x0000000008005d48                __math_invalid
 .text.__math_check_uflow
                0x0000000008005d66       0x12 c:/st/stm32cubeide_1.9.0/stm32cubeide/plugins/com.st.stm32cube.ide.mcu.externaltools.gnu-tools-for-stm32.10.3-2021.10.win32_1.0.0.202111181127/tools/bin/../lib/gcc/arm-none-eabi/10.3.1/../../../../arm-none-eabi/lib/thumb/v7e-m+dp/hard\libm.a(lib_a-math_err.o)
                0x0000000008005d66                __math_check_uflow
 .text.__math_check_oflow
                0x0000000008005d78       0x28 c:/st/stm32cubeide_1.9.0/stm32cubeide/plugins/com.st.stm32cube.ide.mcu.externaltools.gnu-tools-for-stm32.10.3-2021.10.win32_1.0.0.202111181127/tools/bin/../lib/gcc/arm-none-eabi/10.3.1/../../../../arm-none-eabi/lib/thumb/v7e-m+dp/hard\libm.a(lib_a-math_err.o)
                0x0000000008005d78                __math_check_oflow
 *(.glue_7)
 .glue_7        0x0000000008005da0        0x0 linker stubs
 *(.glue_7t)
 .glue_7t       0x0000000008005da0        0x0 linker stubs
 *(.eh_frame)
 .eh_frame      0x0000000008005da0        0x0 c:/st/stm32cubeide_1.9.0/stm32cubeide/plugins/com.st.stm32cube.ide.mcu.externaltools.gnu-tools-for-stm32.10.3-2021.10.win32_1.0.0.202111181127/tools/bin/../lib/gcc/arm-none-eabi/10.3.1/thumb/v7e-m+dp/hard/crtbegin.o
 *(.init)
 .init          0x0000000008005da0        0x4 c:/st/stm32cubeide_1.9.0/stm32cubeide/plugins/com.st.stm32cube.ide.mcu.externaltools.gnu-tools-for-stm32.10.3-2021.10.win32_1.0.0.202111181127/tools/bin/../lib/gcc/arm-none-eabi/10.3.1/thumb/v7e-m+dp/hard/crti.o
                0x0000000008005da0                _init
 .init          0x0000000008005da4        0x8 c:/st/stm32cubeide_1.9.0/stm32cubeide/plugins/com.st.stm32cube.ide.mcu.externaltools.gnu-tools-for-stm32.10.3-2021.10.win32_1.0.0.202111181127/tools/bin/../lib/gcc/arm-none-eabi/10.3.1/thumb/v7e-m+dp/hard/crtn.o
 *(.fini)
 .fini          0x0000000008005dac        0x4 c:/st/stm32cubeide_1.9.0/stm32cubeide/plugins/com.st.stm32cube.ide.mcu.externaltools.gnu-tools-for-stm32.10.3-2021.10.win32_1.0.0.202111181127/tools/bin/../lib/gcc/arm-none-eabi/10.3.1/thumb/v7e-m+dp/hard/crti.o
                0x0000000008005dac                _fini
 .fini          0x0000000008005db0        0x8 c:/st/stm32cubeide_1.9.0/stm32cubeide/plugins/com.st.stm32cube.ide.mcu.externaltools.gnu-tools-for-stm32.10.3-2021.10.win32_1.0.0.202111181127/tools/bin/../lib/gcc/arm-none-eabi/10.3.1/thumb/v7e-m+dp/hard/crtn.o
                0x0000000008005db8                . = ALIGN (0x4)
                0x0000000008005db8                _etext = .

.vfp11_veneer   0x0000000008005db8        0x0
 .vfp11_veneer  0x0000000008005db8        0x0 linker stubs

.v4_bx          0x0000000008005db8        0x0
 .v4_bx         0x0000000008005db8        0x0 linker stubs

.iplt           0x0000000008005db8        0x0
 .iplt          0x0000000008005db8        0x0 c:/st/stm32cubeide_1.9.0/stm32cubeide/plugins/com.st.stm32cube.ide.mcu.externaltools.gnu-tools-for-stm32.10.3-2021.10.win32_1.0.0.202111181127/tools/bin/../lib/gcc/arm-none-eabi/10.3.1/thumb/v7e-m+dp/hard/crtbegin.o

.rodata         0x0000000008005db8     0x1928
                0x0000000008005db8                . = ALIGN (0x4)
 *(.rodata)
 .rodata        0x0000000008005db8       0x4c ./Drivers/STM32H7xx_HAL_Driver/Src/stm32h7xx_hal_fdcan.o
 *(.rodata*)
 .rodata.D1CorePrescTable
                0x0000000008005e04       0x10 ./Core/Src/system_stm32h7xx.o
                0x0000000008005e04                D1CorePrescTable
 .rodata.DLCtoBytes
                0x0000000008005e14       0x10 ./Drivers/STM32H7xx_HAL_Driver/Src/stm32h7xx_hal_fdcan.o
 *fill*         0x0000000008005e24        0x4 
 .rodata.__pow_log_data
                0x0000000008005e28     0x1048 c:/st/stm32cubeide_1.9.0/stm32cubeide/plugins/com.st.stm32cube.ide.mcu.externaltools.gnu-tools-for-stm32.10.3-2021.10.win32_1.0.0.202111181127/tools/bin/../lib/gcc/arm-none-eabi/10.3.1/../../../../arm-none-eabi/lib/thumb/v7e-m+dp/hard\libm.a(lib_a-pow_log_data.o)
                0x0000000008005e28                __pow_log_data
 .rodata.__exp_data
                0x0000000008006e70      0x870 c:/st/stm32cubeide_1.9.0/stm32cubeide/plugins/com.st.stm32cube.ide.mcu.externaltools.gnu-tools-for-stm32.10.3-2021.10.win32_1.0.0.202111181127/tools/bin/../lib/gcc/arm-none-eabi/10.3.1/../../../../arm-none-eabi/lib/thumb/v7e-m+dp/hard\libm.a(lib_a-exp_data.o)
                0x0000000008006e70                __exp_data
                0x00000000080076e0                . = ALIGN (0x4)

.rel.dyn        0x00000000080076e0        0x0
 .rel.iplt      0x00000000080076e0        0x0 c:/st/stm32cubeide_1.9.0/stm32cubeide/plugins/com.st.stm32cube.ide.mcu.externaltools.gnu-tools-for-stm32.10.3-2021.10.win32_1.0.0.202111181127/tools/bin/../lib/gcc/arm-none-eabi/10.3.1/thumb/v7e-m+dp/hard/crtbegin.o

.ARM.extab
 *(.ARM.extab* .gnu.linkonce.armextab.*)

.ARM            0x00000000080076e0        0x0
                0x00000000080076e0                __exidx_start = .
 *(.ARM.exidx*)
                0x00000000080076e0                __exidx_end = .

.preinit_array  0x00000000080076e0        0x0
                0x00000000080076e0                PROVIDE (__preinit_array_start = .)
 *(.preinit_array*)
                0x00000000080076e0                PROVIDE (__preinit_array_end = .)

.init_array     0x00000000080076e0        0x4
                0x00000000080076e0                PROVIDE (__init_array_start = .)
 *(SORT_BY_NAME(.init_array.*))
 *(.init_array*)
 .init_array    0x00000000080076e0        0x4 c:/st/stm32cubeide_1.9.0/stm32cubeide/plugins/com.st.stm32cube.ide.mcu.externaltools.gnu-tools-for-stm32.10.3-2021.10.win32_1.0.0.202111181127/tools/bin/../lib/gcc/arm-none-eabi/10.3.1/thumb/v7e-m+dp/hard/crtbegin.o
                0x00000000080076e4                PROVIDE (__init_array_end = .)

.fini_array     0x00000000080076e4        0x4
                [!provide]                        PROVIDE (__fini_array_start = .)
 *(SORT_BY_NAME(.fini_array.*))
 *(.fini_array*)
 .fini_array    0x00000000080076e4        0x4 c:/st/stm32cubeide_1.9.0/stm32cubeide/plugins/com.st.stm32cube.ide.mcu.externaltools.gnu-tools-for-stm32.10.3-2021.10.win32_1.0.0.202111181127/tools/bin/../lib/gcc/arm-none-eabi/10.3.1/thumb/v7e-m+dp/hard/crtbegin.o
                [!provide]                        PROVIDE (__fini_array_end = .)
                0x00000000080076e8                _sidata = LOADADDR (.data)

.data           0x0000000024000000       0x90 load address 0x00000000080076e8
                0x0000000024000000                . = ALIGN (0x4)
                0x0000000024000000                _sdata = .
 *(.data)
 *(.data*)
 .data.INTEIRO_Tx
                0x0000000024000000        0x8 ./Core/Src/main.o
                0x0000000024000000                INTEIRO_Tx
 .data.FLOAT_Tx
                0x0000000024000008        0x4 ./Core/Src/main.o
                0x0000000024000008                FLOAT_Tx
 .data.Precisao_FLOAT
                0x000000002400000c        0x1 ./Core/Src/main.o
                0x000000002400000c                Precisao_FLOAT
 *fill*         0x000000002400000d        0x3 
 .data.DOUBLE_Tx
                0x0000000024000010        0x8 ./Core/Src/main.o
                0x0000000024000010                DOUBLE_Tx
 .data.Precisao_DOUBLE
                0x0000000024000018        0x1 ./Core/Src/main.o
                0x0000000024000018                Precisao_DOUBLE
 *fill*         0x0000000024000019        0x3 
 .data.SystemCoreClock
                0x000000002400001c        0x4 ./Core/Src/system_stm32h7xx.o
                0x000000002400001c                SystemCoreClock
 .data.SystemD2Clock
                0x0000000024000020        0x4 ./Core/Src/system_stm32h7xx.o
                0x0000000024000020                SystemD2Clock
 .data.uwTickPrio
                0x0000000024000024        0x4 ./Drivers/STM32H7xx_HAL_Driver/Src/stm32h7xx_hal.o
                0x0000000024000024                uwTickPrio
 .data.uwTickFreq
                0x0000000024000028        0x1 ./Drivers/STM32H7xx_HAL_Driver/Src/stm32h7xx_hal.o
                0x0000000024000028                uwTickFreq
 *fill*         0x0000000024000029        0x3 
 .data._impure_ptr
                0x000000002400002c        0x4 c:/st/stm32cubeide_1.9.0/stm32cubeide/plugins/com.st.stm32cube.ide.mcu.externaltools.gnu-tools-for-stm32.10.3-2021.10.win32_1.0.0.202111181127/tools/bin/../lib/gcc/arm-none-eabi/10.3.1/../../../../arm-none-eabi/lib/thumb/v7e-m+dp/hard\libc_nano.a(lib_a-impure.o)
                0x000000002400002c                _impure_ptr
 .data.impure_data
                0x0000000024000030       0x60 c:/st/stm32cubeide_1.9.0/stm32cubeide/plugins/com.st.stm32cube.ide.mcu.externaltools.gnu-tools-for-stm32.10.3-2021.10.win32_1.0.0.202111181127/tools/bin/../lib/gcc/arm-none-eabi/10.3.1/../../../../arm-none-eabi/lib/thumb/v7e-m+dp/hard\libc_nano.a(lib_a-impure.o)
 *(.RamFunc)
 *(.RamFunc*)
                0x0000000024000090                . = ALIGN (0x4)
                0x0000000024000090                _edata = .

.igot.plt       0x0000000024000090        0x0 load address 0x0000000008007778
 .igot.plt      0x0000000024000090        0x0 c:/st/stm32cubeide_1.9.0/stm32cubeide/plugins/com.st.stm32cube.ide.mcu.externaltools.gnu-tools-for-stm32.10.3-2021.10.win32_1.0.0.202111181127/tools/bin/../lib/gcc/arm-none-eabi/10.3.1/thumb/v7e-m+dp/hard/crtbegin.o
                0x0000000024000090                . = ALIGN (0x4)

.bss            0x0000000024000090      0xbb8 load address 0x0000000008007778
                0x0000000024000090                _sbss = .
                0x0000000024000090                __bss_start__ = _sbss
 *(.bss)
 .bss           0x0000000024000090       0x1c c:/st/stm32cubeide_1.9.0/stm32cubeide/plugins/com.st.stm32cube.ide.mcu.externaltools.gnu-tools-for-stm32.10.3-2021.10.win32_1.0.0.202111181127/tools/bin/../lib/gcc/arm-none-eabi/10.3.1/thumb/v7e-m+dp/hard/crtbegin.o
 *(.bss*)
 .bss.CAN_stream
                0x00000000240000ac      0x960 ./Core/Src/CAN.o
                0x00000000240000ac                CAN_stream
 .bss.TxHeader  0x0000000024000a0c       0x24 ./Core/Src/CAN.o
                0x0000000024000a0c                TxHeader
 .bss.RxHeader  0x0000000024000a30       0x28 ./Core/Src/CAN.o
                0x0000000024000a30                RxHeader
 .bss.RxData    0x0000000024000a58        0x8 ./Core/Src/CAN.o
                0x0000000024000a58                RxData
 .bss.last_time
                0x0000000024000a60        0x8 ./Core/Src/CAN.o
                0x0000000024000a60                last_time
 .bss.buffer_time
                0x0000000024000a68      0x100 ./Core/Src/CAN.o
                0x0000000024000a68                buffer_time
 .bss.it        0x0000000024000b68        0x1 ./Core/Src/CAN.o
                0x0000000024000b68                it
 *fill*         0x0000000024000b69        0x3 
 .bss.hfdcan1   0x0000000024000b6c       0xa0 ./Core/Src/main.o
                0x0000000024000b6c                hfdcan1
 *fill*         0x0000000024000c0c        0x4 
 .bss.INTEIRO_Rx
                0x0000000024000c10        0x8 ./Core/Src/main.o
                0x0000000024000c10                INTEIRO_Rx
 .bss.FLOAT_Rx  0x0000000024000c18        0x4 ./Core/Src/main.o
                0x0000000024000c18                FLOAT_Rx
 *fill*         0x0000000024000c1c        0x4 
 .bss.DOUBLE_Rx
                0x0000000024000c20        0x8 ./Core/Src/main.o
                0x0000000024000c20                DOUBLE_Rx
 .bss.freq      0x0000000024000c28        0x8 ./Core/Src/main.o
                0x0000000024000c28                freq
 .bss.__sbrk_heap_end
                0x0000000024000c30        0x4 ./Core/Src/sysmem.o
 .bss.uwTick    0x0000000024000c34        0x4 ./Drivers/STM32H7xx_HAL_Driver/Src/stm32h7xx_hal.o
                0x0000000024000c34                uwTick
 .bss.__malloc_free_list
                0x0000000024000c38        0x4 c:/st/stm32cubeide_1.9.0/stm32cubeide/plugins/com.st.stm32cube.ide.mcu.externaltools.gnu-tools-for-stm32.10.3-2021.10.win32_1.0.0.202111181127/tools/bin/../lib/gcc/arm-none-eabi/10.3.1/../../../../arm-none-eabi/lib/thumb/v7e-m+dp/hard\libc_nano.a(lib_a-nano-mallocr.o)
                0x0000000024000c38                __malloc_free_list
 .bss.__malloc_sbrk_start
                0x0000000024000c3c        0x4 c:/st/stm32cubeide_1.9.0/stm32cubeide/plugins/com.st.stm32cube.ide.mcu.externaltools.gnu-tools-for-stm32.10.3-2021.10.win32_1.0.0.202111181127/tools/bin/../lib/gcc/arm-none-eabi/10.3.1/../../../../arm-none-eabi/lib/thumb/v7e-m+dp/hard\libc_nano.a(lib_a-nano-mallocr.o)
                0x0000000024000c3c                __malloc_sbrk_start
 .bss.errno     0x0000000024000c40        0x4 c:/st/stm32cubeide_1.9.0/stm32cubeide/plugins/com.st.stm32cube.ide.mcu.externaltools.gnu-tools-for-stm32.10.3-2021.10.win32_1.0.0.202111181127/tools/bin/../lib/gcc/arm-none-eabi/10.3.1/../../../../arm-none-eabi/lib/thumb/v7e-m+dp/hard\libc_nano.a(lib_a-reent.o)
                0x0000000024000c40                errno
 .bss.__lock___malloc_recursive_mutex
                0x0000000024000c44        0x1 c:/st/stm32cubeide_1.9.0/stm32cubeide/plugins/com.st.stm32cube.ide.mcu.externaltools.gnu-tools-for-stm32.10.3-2021.10.win32_1.0.0.202111181127/tools/bin/../lib/gcc/arm-none-eabi/10.3.1/../../../../arm-none-eabi/lib/thumb/v7e-m+dp/hard\libc_nano.a(lib_a-lock.o)
                0x0000000024000c44                __lock___malloc_recursive_mutex
 *(COMMON)
                0x0000000024000c48                . = ALIGN (0x4)
 *fill*         0x0000000024000c45        0x3 
                0x0000000024000c48                _ebss = .
                0x0000000024000c48                __bss_end__ = _ebss

._user_heap_stack
                0x0000000024000c48      0x600 load address 0x0000000008007778
                0x0000000024000c48                . = ALIGN (0x8)
                [!provide]                        PROVIDE (end = .)
                0x0000000024000c48                PROVIDE (_end = .)
                0x0000000024000e48                . = (. + _Min_Heap_Size)
 *fill*         0x0000000024000c48      0x200 
                0x0000000024001248                . = (. + _Min_Stack_Size)
 *fill*         0x0000000024000e48      0x400 
                0x0000000024001248                . = ALIGN (0x8)

/DISCARD/
 libc.a(*)
 libm.a(*)
 libgcc.a(*)

.ARM.attributes
                0x0000000000000000       0x2e
 *(.ARM.attributes)
 .ARM.attributes
                0x0000000000000000       0x1e c:/st/stm32cubeide_1.9.0/stm32cubeide/plugins/com.st.stm32cube.ide.mcu.externaltools.gnu-tools-for-stm32.10.3-2021.10.win32_1.0.0.202111181127/tools/bin/../lib/gcc/arm-none-eabi/10.3.1/thumb/v7e-m+dp/hard/crti.o
 .ARM.attributes
                0x000000000000001e       0x32 c:/st/stm32cubeide_1.9.0/stm32cubeide/plugins/com.st.stm32cube.ide.mcu.externaltools.gnu-tools-for-stm32.10.3-2021.10.win32_1.0.0.202111181127/tools/bin/../lib/gcc/arm-none-eabi/10.3.1/thumb/v7e-m+dp/hard/crtbegin.o
 .ARM.attributes
                0x0000000000000050       0x32 ./Core/Src/CAN.o
 .ARM.attributes
                0x0000000000000082       0x32 ./Core/Src/main.o
 .ARM.attributes
                0x00000000000000b4       0x32 ./Core/Src/stm32h7xx_hal_msp.o
 .ARM.attributes
                0x00000000000000e6       0x32 ./Core/Src/stm32h7xx_it.o
 .ARM.attributes
                0x0000000000000118       0x32 ./Core/Src/sysmem.o
 .ARM.attributes
                0x000000000000014a       0x32 ./Core/Src/system_stm32h7xx.o
 .ARM.attributes
                0x000000000000017c       0x21 ./Core/Startup/startup_stm32h743vitx.o
 .ARM.attributes
                0x000000000000019d       0x32 ./Drivers/STM32H7xx_HAL_Driver/Src/stm32h7xx_hal.o
 .ARM.attributes
                0x00000000000001cf       0x32 ./Drivers/STM32H7xx_HAL_Driver/Src/stm32h7xx_hal_cortex.o
 .ARM.attributes
                0x0000000000000201       0x32 ./Drivers/STM32H7xx_HAL_Driver/Src/stm32h7xx_hal_fdcan.o
 .ARM.attributes
                0x0000000000000233       0x32 ./Drivers/STM32H7xx_HAL_Driver/Src/stm32h7xx_hal_gpio.o
 .ARM.attributes
                0x0000000000000265       0x32 ./Drivers/STM32H7xx_HAL_Driver/Src/stm32h7xx_hal_pwr_ex.o
 .ARM.attributes
                0x0000000000000297       0x32 ./Drivers/STM32H7xx_HAL_Driver/Src/stm32h7xx_hal_rcc.o
 .ARM.attributes
                0x00000000000002c9       0x32 ./Drivers/STM32H7xx_HAL_Driver/Src/stm32h7xx_hal_rcc_ex.o
 .ARM.attributes
                0x00000000000002fb       0x32 c:/st/stm32cubeide_1.9.0/stm32cubeide/plugins/com.st.stm32cube.ide.mcu.externaltools.gnu-tools-for-stm32.10.3-2021.10.win32_1.0.0.202111181127/tools/bin/../lib/gcc/arm-none-eabi/10.3.1/../../../../arm-none-eabi/lib/thumb/v7e-m+dp/hard\libc_nano.a(lib_a-errno.o)
 .ARM.attributes
                0x000000000000032d       0x32 c:/st/stm32cubeide_1.9.0/stm32cubeide/plugins/com.st.stm32cube.ide.mcu.externaltools.gnu-tools-for-stm32.10.3-2021.10.win32_1.0.0.202111181127/tools/bin/../lib/gcc/arm-none-eabi/10.3.1/../../../../arm-none-eabi/lib/thumb/v7e-m+dp/hard\libc_nano.a(lib_a-impure.o)
 .ARM.attributes
                0x000000000000035f       0x32 c:/st/stm32cubeide_1.9.0/stm32cubeide/plugins/com.st.stm32cube.ide.mcu.externaltools.gnu-tools-for-stm32.10.3-2021.10.win32_1.0.0.202111181127/tools/bin/../lib/gcc/arm-none-eabi/10.3.1/../../../../arm-none-eabi/lib/thumb/v7e-m+dp/hard\libc_nano.a(lib_a-init.o)
 .ARM.attributes
                0x0000000000000391       0x32 c:/st/stm32cubeide_1.9.0/stm32cubeide/plugins/com.st.stm32cube.ide.mcu.externaltools.gnu-tools-for-stm32.10.3-2021.10.win32_1.0.0.202111181127/tools/bin/../lib/gcc/arm-none-eabi/10.3.1/../../../../arm-none-eabi/lib/thumb/v7e-m+dp/hard\libc_nano.a(lib_a-malloc.o)
 .ARM.attributes
                0x00000000000003c3       0x32 c:/st/stm32cubeide_1.9.0/stm32cubeide/plugins/com.st.stm32cube.ide.mcu.externaltools.gnu-tools-for-stm32.10.3-2021.10.win32_1.0.0.202111181127/tools/bin/../lib/gcc/arm-none-eabi/10.3.1/../../../../arm-none-eabi/lib/thumb/v7e-m+dp/hard\libc_nano.a(lib_a-memcpy-stub.o)
 .ARM.attributes
                0x00000000000003f5       0x32 c:/st/stm32cubeide_1.9.0/stm32cubeide/plugins/com.st.stm32cube.ide.mcu.externaltools.gnu-tools-for-stm32.10.3-2021.10.win32_1.0.0.202111181127/tools/bin/../lib/gcc/arm-none-eabi/10.3.1/../../../../arm-none-eabi/lib/thumb/v7e-m+dp/hard\libc_nano.a(lib_a-memset.o)
 .ARM.attributes
                0x0000000000000427       0x32 c:/st/stm32cubeide_1.9.0/stm32cubeide/plugins/com.st.stm32cube.ide.mcu.externaltools.gnu-tools-for-stm32.10.3-2021.10.win32_1.0.0.202111181127/tools/bin/../lib/gcc/arm-none-eabi/10.3.1/../../../../arm-none-eabi/lib/thumb/v7e-m+dp/hard\libc_nano.a(lib_a-nano-freer.o)
 .ARM.attributes
                0x0000000000000459       0x32 c:/st/stm32cubeide_1.9.0/stm32cubeide/plugins/com.st.stm32cube.ide.mcu.externaltools.gnu-tools-for-stm32.10.3-2021.10.win32_1.0.0.202111181127/tools/bin/../lib/gcc/arm-none-eabi/10.3.1/../../../../arm-none-eabi/lib/thumb/v7e-m+dp/hard\libc_nano.a(lib_a-nano-mallocr.o)
 .ARM.attributes
                0x000000000000048b       0x32 c:/st/stm32cubeide_1.9.0/stm32cubeide/plugins/com.st.stm32cube.ide.mcu.externaltools.gnu-tools-for-stm32.10.3-2021.10.win32_1.0.0.202111181127/tools/bin/../lib/gcc/arm-none-eabi/10.3.1/../../../../arm-none-eabi/lib/thumb/v7e-m+dp/hard\libc_nano.a(lib_a-sbrkr.o)
 .ARM.attributes
                0x00000000000004bd       0x32 c:/st/stm32cubeide_1.9.0/stm32cubeide/plugins/com.st.stm32cube.ide.mcu.externaltools.gnu-tools-for-stm32.10.3-2021.10.win32_1.0.0.202111181127/tools/bin/../lib/gcc/arm-none-eabi/10.3.1/../../../../arm-none-eabi/lib/thumb/v7e-m+dp/hard\libc_nano.a(lib_a-mlock.o)
 .ARM.attributes
                0x00000000000004ef       0x32 c:/st/stm32cubeide_1.9.0/stm32cubeide/plugins/com.st.stm32cube.ide.mcu.externaltools.gnu-tools-for-stm32.10.3-2021.10.win32_1.0.0.202111181127/tools/bin/../lib/gcc/arm-none-eabi/10.3.1/../../../../arm-none-eabi/lib/thumb/v7e-m+dp/hard\libc_nano.a(lib_a-reent.o)
 .ARM.attributes
                0x0000000000000521       0x32 c:/st/stm32cubeide_1.9.0/stm32cubeide/plugins/com.st.stm32cube.ide.mcu.externaltools.gnu-tools-for-stm32.10.3-2021.10.win32_1.0.0.202111181127/tools/bin/../lib/gcc/arm-none-eabi/10.3.1/../../../../arm-none-eabi/lib/thumb/v7e-m+dp/hard\libc_nano.a(lib_a-lock.o)
 .ARM.attributes
                0x0000000000000553       0x32 c:/st/stm32cubeide_1.9.0/stm32cubeide/plugins/com.st.stm32cube.ide.mcu.externaltools.gnu-tools-for-stm32.10.3-2021.10.win32_1.0.0.202111181127/tools/bin/../lib/gcc/arm-none-eabi/10.3.1/../../../../arm-none-eabi/lib/thumb/v7e-m+dp/hard\libm.a(lib_a-pow.o)
 .ARM.attributes
                0x0000000000000585       0x32 c:/st/stm32cubeide_1.9.0/stm32cubeide/plugins/com.st.stm32cube.ide.mcu.externaltools.gnu-tools-for-stm32.10.3-2021.10.win32_1.0.0.202111181127/tools/bin/../lib/gcc/arm-none-eabi/10.3.1/../../../../arm-none-eabi/lib/thumb/v7e-m+dp/hard\libm.a(lib_a-pow_log_data.o)
 .ARM.attributes
                0x00000000000005b7       0x32 c:/st/stm32cubeide_1.9.0/stm32cubeide/plugins/com.st.stm32cube.ide.mcu.externaltools.gnu-tools-for-stm32.10.3-2021.10.win32_1.0.0.202111181127/tools/bin/../lib/gcc/arm-none-eabi/10.3.1/../../../../arm-none-eabi/lib/thumb/v7e-m+dp/hard\libm.a(lib_a-exp_data.o)
 .ARM.attributes
                0x00000000000005e9       0x32 c:/st/stm32cubeide_1.9.0/stm32cubeide/plugins/com.st.stm32cube.ide.mcu.externaltools.gnu-tools-for-stm32.10.3-2021.10.win32_1.0.0.202111181127/tools/bin/../lib/gcc/arm-none-eabi/10.3.1/../../../../arm-none-eabi/lib/thumb/v7e-m+dp/hard\libm.a(lib_a-math_err.o)
 .ARM.attributes
                0x000000000000061b       0x1e c:/st/stm32cubeide_1.9.0/stm32cubeide/plugins/com.st.stm32cube.ide.mcu.externaltools.gnu-tools-for-stm32.10.3-2021.10.win32_1.0.0.202111181127/tools/bin/../lib/gcc/arm-none-eabi/10.3.1/thumb/v7e-m+dp/hard\libgcc.a(_arm_addsubdf3.o)
 .ARM.attributes
                0x0000000000000639       0x32 c:/st/stm32cubeide_1.9.0/stm32cubeide/plugins/com.st.stm32cube.ide.mcu.externaltools.gnu-tools-for-stm32.10.3-2021.10.win32_1.0.0.202111181127/tools/bin/../lib/gcc/arm-none-eabi/10.3.1/thumb/v7e-m+dp/hard\libgcc.a(_fixdfdi.o)
 .ARM.attributes
                0x000000000000066b       0x32 c:/st/stm32cubeide_1.9.0/stm32cubeide/plugins/com.st.stm32cube.ide.mcu.externaltools.gnu-tools-for-stm32.10.3-2021.10.win32_1.0.0.202111181127/tools/bin/../lib/gcc/arm-none-eabi/10.3.1/thumb/v7e-m+dp/hard\libgcc.a(_fixunsdfdi.o)
 .ARM.attributes
                0x000000000000069d       0x1e c:/st/stm32cubeide_1.9.0/stm32cubeide/plugins/com.st.stm32cube.ide.mcu.externaltools.gnu-tools-for-stm32.10.3-2021.10.win32_1.0.0.202111181127/tools/bin/../lib/gcc/arm-none-eabi/10.3.1/thumb/v7e-m+dp/hard/crtn.o
OUTPUT(FDCAN_library.elf elf32-littlearm)
LOAD linker stubs
LOAD c:/st/stm32cubeide_1.9.0/stm32cubeide/plugins/com.st.stm32cube.ide.mcu.externaltools.gnu-tools-for-stm32.10.3-2021.10.win32_1.0.0.202111181127/tools/bin/../lib/gcc/arm-none-eabi/10.3.1/../../../../arm-none-eabi/lib/thumb/v7e-m+dp/hard\libc.a
LOAD c:/st/stm32cubeide_1.9.0/stm32cubeide/plugins/com.st.stm32cube.ide.mcu.externaltools.gnu-tools-for-stm32.10.3-2021.10.win32_1.0.0.202111181127/tools/bin/../lib/gcc/arm-none-eabi/10.3.1/../../../../arm-none-eabi/lib/thumb/v7e-m+dp/hard\libm.a
LOAD c:/st/stm32cubeide_1.9.0/stm32cubeide/plugins/com.st.stm32cube.ide.mcu.externaltools.gnu-tools-for-stm32.10.3-2021.10.win32_1.0.0.202111181127/tools/bin/../lib/gcc/arm-none-eabi/10.3.1/thumb/v7e-m+dp/hard\libgcc.a

.debug_info     0x0000000000000000     0xecb5
 .debug_info    0x0000000000000000     0x13aa ./Core/Src/CAN.o
 .debug_info    0x00000000000013aa     0x167a ./Core/Src/main.o
 .debug_info    0x0000000000002a24     0x1543 ./Core/Src/stm32h7xx_hal_msp.o
 .debug_info    0x0000000000003f67      0x9ff ./Core/Src/stm32h7xx_it.o
 .debug_info    0x0000000000004966      0x171 ./Core/Src/sysmem.o
 .debug_info    0x0000000000004ad7      0xd07 ./Core/Src/system_stm32h7xx.o
 .debug_info    0x00000000000057de       0x22 ./Core/Startup/startup_stm32h743vitx.o
 .debug_info    0x0000000000005800     0x15d7 ./Drivers/STM32H7xx_HAL_Driver/Src/stm32h7xx_hal.o
 .debug_info    0x0000000000006dd7     0x116d ./Drivers/STM32H7xx_HAL_Driver/Src/stm32h7xx_hal_cortex.o
 .debug_info    0x0000000000007f44     0x2dae ./Drivers/STM32H7xx_HAL_Driver/Src/stm32h7xx_hal_fdcan.o
 .debug_info    0x000000000000acf2      0xd28 ./Drivers/STM32H7xx_HAL_Driver/Src/stm32h7xx_hal_gpio.o
 .debug_info    0x000000000000ba1a     0x109d ./Drivers/STM32H7xx_HAL_Driver/Src/stm32h7xx_hal_pwr_ex.o
 .debug_info    0x000000000000cab7      0xf4a ./Drivers/STM32H7xx_HAL_Driver/Src/stm32h7xx_hal_rcc.o
 .debug_info    0x000000000000da01     0x12b4 ./Drivers/STM32H7xx_HAL_Driver/Src/stm32h7xx_hal_rcc_ex.o

.debug_abbrev   0x0000000000000000     0x1ce9
 .debug_abbrev  0x0000000000000000      0x328 ./Core/Src/CAN.o
 .debug_abbrev  0x0000000000000328      0x2a9 ./Core/Src/main.o
 .debug_abbrev  0x00000000000005d1      0x1db ./Core/Src/stm32h7xx_hal_msp.o
 .debug_abbrev  0x00000000000007ac      0x170 ./Core/Src/stm32h7xx_it.o
 .debug_abbrev  0x000000000000091c       0xbb ./Core/Src/sysmem.o
 .debug_abbrev  0x00000000000009d7      0x147 ./Core/Src/system_stm32h7xx.o
 .debug_abbrev  0x0000000000000b1e       0x12 ./Core/Startup/startup_stm32h743vitx.o
 .debug_abbrev  0x0000000000000b30      0x289 ./Drivers/STM32H7xx_HAL_Driver/Src/stm32h7xx_hal.o
 .debug_abbrev  0x0000000000000db9      0x329 ./Drivers/STM32H7xx_HAL_Driver/Src/stm32h7xx_hal_cortex.o
 .debug_abbrev  0x00000000000010e2      0x278 ./Drivers/STM32H7xx_HAL_Driver/Src/stm32h7xx_hal_fdcan.o
 .debug_abbrev  0x000000000000135a      0x1ec ./Drivers/STM32H7xx_HAL_Driver/Src/stm32h7xx_hal_gpio.o
 .debug_abbrev  0x0000000000001546      0x28f ./Drivers/STM32H7xx_HAL_Driver/Src/stm32h7xx_hal_pwr_ex.o
 .debug_abbrev  0x00000000000017d5      0x2b8 ./Drivers/STM32H7xx_HAL_Driver/Src/stm32h7xx_hal_rcc.o
 .debug_abbrev  0x0000000000001a8d      0x25c ./Drivers/STM32H7xx_HAL_Driver/Src/stm32h7xx_hal_rcc_ex.o

.debug_aranges  0x0000000000000000      0xb00
 .debug_aranges
                0x0000000000000000       0x98 ./Core/Src/CAN.o
 .debug_aranges
                0x0000000000000098       0x40 ./Core/Src/main.o
 .debug_aranges
                0x00000000000000d8       0x30 ./Core/Src/stm32h7xx_hal_msp.o
 .debug_aranges
                0x0000000000000108       0x68 ./Core/Src/stm32h7xx_it.o
 .debug_aranges
                0x0000000000000170       0x20 ./Core/Src/sysmem.o
 .debug_aranges
                0x0000000000000190       0x28 ./Core/Src/system_stm32h7xx.o
 .debug_aranges
                0x00000000000001b8       0x28 ./Core/Startup/startup_stm32h743vitx.o
 .debug_aranges
                0x00000000000001e0      0x198 ./Drivers/STM32H7xx_HAL_Driver/Src/stm32h7xx_hal.o
 .debug_aranges
                0x0000000000000378      0x120 ./Drivers/STM32H7xx_HAL_Driver/Src/stm32h7xx_hal_cortex.o
 .debug_aranges
                0x0000000000000498      0x338 ./Drivers/STM32H7xx_HAL_Driver/Src/stm32h7xx_hal_fdcan.o
 .debug_aranges
                0x00000000000007d0       0x58 ./Drivers/STM32H7xx_HAL_Driver/Src/stm32h7xx_hal_gpio.o
 .debug_aranges
                0x0000000000000828      0x158 ./Drivers/STM32H7xx_HAL_Driver/Src/stm32h7xx_hal_pwr_ex.o
 .debug_aranges
                0x0000000000000980       0x88 ./Drivers/STM32H7xx_HAL_Driver/Src/stm32h7xx_hal_rcc.o
 .debug_aranges
                0x0000000000000a08       0xf8 ./Drivers/STM32H7xx_HAL_Driver/Src/stm32h7xx_hal_rcc_ex.o

.debug_ranges   0x0000000000000000      0xa28
 .debug_ranges  0x0000000000000000       0x88 ./Core/Src/CAN.o
 .debug_ranges  0x0000000000000088       0x30 ./Core/Src/main.o
 .debug_ranges  0x00000000000000b8       0x20 ./Core/Src/stm32h7xx_hal_msp.o
 .debug_ranges  0x00000000000000d8       0x58 ./Core/Src/stm32h7xx_it.o
 .debug_ranges  0x0000000000000130       0x10 ./Core/Src/sysmem.o
 .debug_ranges  0x0000000000000140       0x18 ./Core/Src/system_stm32h7xx.o
 .debug_ranges  0x0000000000000158       0x20 ./Core/Startup/startup_stm32h743vitx.o
 .debug_ranges  0x0000000000000178      0x188 ./Drivers/STM32H7xx_HAL_Driver/Src/stm32h7xx_hal.o
 .debug_ranges  0x0000000000000300      0x110 ./Drivers/STM32H7xx_HAL_Driver/Src/stm32h7xx_hal_cortex.o
 .debug_ranges  0x0000000000000410      0x328 ./Drivers/STM32H7xx_HAL_Driver/Src/stm32h7xx_hal_fdcan.o
 .debug_ranges  0x0000000000000738       0x48 ./Drivers/STM32H7xx_HAL_Driver/Src/stm32h7xx_hal_gpio.o
 .debug_ranges  0x0000000000000780      0x148 ./Drivers/STM32H7xx_HAL_Driver/Src/stm32h7xx_hal_pwr_ex.o
 .debug_ranges  0x00000000000008c8       0x78 ./Drivers/STM32H7xx_HAL_Driver/Src/stm32h7xx_hal_rcc.o
 .debug_ranges  0x0000000000000940       0xe8 ./Drivers/STM32H7xx_HAL_Driver/Src/stm32h7xx_hal_rcc_ex.o

.debug_macro    0x0000000000000000    0x35d5f
 .debug_macro   0x0000000000000000      0x2d9 ./Core/Src/CAN.o
 .debug_macro   0x00000000000002d9      0xa90 ./Core/Src/CAN.o
 .debug_macro   0x0000000000000d69       0x2e ./Core/Src/CAN.o
 .debug_macro   0x0000000000000d97       0x3b ./Core/Src/CAN.o
 .debug_macro   0x0000000000000dd2       0x22 ./Core/Src/CAN.o
 .debug_macro   0x0000000000000df4       0x8e ./Core/Src/CAN.o
 .debug_macro   0x0000000000000e82       0x51 ./Core/Src/CAN.o
 .debug_macro   0x0000000000000ed3      0x103 ./Core/Src/CAN.o
 .debug_macro   0x0000000000000fd6       0x6a ./Core/Src/CAN.o
 .debug_macro   0x0000000000001040      0x1df ./Core/Src/CAN.o
 .debug_macro   0x000000000000121f       0x1c ./Core/Src/CAN.o
 .debug_macro   0x000000000000123b       0x22 ./Core/Src/CAN.o
 .debug_macro   0x000000000000125d       0xfb ./Core/Src/CAN.o
 .debug_macro   0x0000000000001358     0x1305 ./Core/Src/CAN.o
 .debug_macro   0x000000000000265d      0x11f ./Core/Src/CAN.o
 .debug_macro   0x000000000000277c       0x27 ./Core/Src/CAN.o
 .debug_macro   0x00000000000027a3    0x2587a ./Core/Src/CAN.o
 .debug_macro   0x000000000002801d       0x6d ./Core/Src/CAN.o
 .debug_macro   0x000000000002808a      0x232 ./Core/Src/CAN.o
 .debug_macro   0x00000000000282bc     0x3d22 ./Core/Src/CAN.o
 .debug_macro   0x000000000002bfde      0x174 ./Core/Src/CAN.o
 .debug_macro   0x000000000002c152       0x52 ./Core/Src/CAN.o
 .debug_macro   0x000000000002c1a4       0x1d ./Core/Src/CAN.o
 .debug_macro   0x000000000002c1c1       0x3c ./Core/Src/CAN.o
 .debug_macro   0x000000000002c1fd       0x34 ./Core/Src/CAN.o
 .debug_macro   0x000000000002c231       0x16 ./Core/Src/CAN.o
 .debug_macro   0x000000000002c247       0x43 ./Core/Src/CAN.o
 .debug_macro   0x000000000002c28a       0x34 ./Core/Src/CAN.o
 .debug_macro   0x000000000002c2be       0x10 ./Core/Src/CAN.o
 .debug_macro   0x000000000002c2ce       0x58 ./Core/Src/CAN.o
 .debug_macro   0x000000000002c326       0x71 ./Core/Src/CAN.o
 .debug_macro   0x000000000002c397       0x1c ./Core/Src/CAN.o
 .debug_macro   0x000000000002c3b3      0x12a ./Core/Src/CAN.o
 .debug_macro   0x000000000002c4dd      0x341 ./Core/Src/CAN.o
 .debug_macro   0x000000000002c81e      0x19b ./Core/Src/CAN.o
 .debug_macro   0x000000000002c9b9       0x5d ./Core/Src/CAN.o
 .debug_macro   0x000000000002ca16     0x2382 ./Core/Src/CAN.o
 .debug_macro   0x000000000002ed98     0x1002 ./Core/Src/CAN.o
 .debug_macro   0x000000000002fd9a      0x14d ./Core/Src/CAN.o
 .debug_macro   0x000000000002fee7      0x114 ./Core/Src/CAN.o
 .debug_macro   0x000000000002fffb      0x3b2 ./Core/Src/CAN.o
 .debug_macro   0x00000000000303ad       0xac ./Core/Src/CAN.o
 .debug_macro   0x0000000000030459      0x72d ./Core/Src/CAN.o
 .debug_macro   0x0000000000030b86      0x228 ./Core/Src/CAN.o
 .debug_macro   0x0000000000030dae       0x66 ./Core/Src/CAN.o
 .debug_macro   0x0000000000030e14      0x3bb ./Core/Src/CAN.o
 .debug_macro   0x00000000000311cf      0x3e4 ./Core/Src/CAN.o
 .debug_macro   0x00000000000315b3      0x275 ./Core/Src/CAN.o
 .debug_macro   0x0000000000031828      0xe42 ./Core/Src/CAN.o
 .debug_macro   0x000000000003266a      0x3ca ./Core/Src/CAN.o
 .debug_macro   0x0000000000032a34      0x408 ./Core/Src/CAN.o
 .debug_macro   0x0000000000032e3c       0x51 ./Core/Src/CAN.o
 .debug_macro   0x0000000000032e8d       0x4a ./Core/Src/CAN.o
 .debug_macro   0x0000000000032ed7      0x22c ./Core/Src/CAN.o
 .debug_macro   0x0000000000033103       0x67 ./Core/Src/CAN.o
 .debug_macro   0x000000000003316a       0xa5 ./Core/Src/CAN.o
 .debug_macro   0x000000000003320f      0x1c4 ./Core/Src/CAN.o
 .debug_macro   0x00000000000333d3      0x25e ./Core/Src/CAN.o
 .debug_macro   0x0000000000033631       0x35 ./Core/Src/CAN.o
 .debug_macro   0x0000000000033666      0x5a0 ./Core/Src/CAN.o
 .debug_macro   0x0000000000033c06       0x16 ./Core/Src/CAN.o
 .debug_macro   0x0000000000033c1c       0x35 ./Core/Src/CAN.o
 .debug_macro   0x0000000000033c51       0x16 ./Core/Src/CAN.o
 .debug_macro   0x0000000000033c67       0x29 ./Core/Src/CAN.o
 .debug_macro   0x0000000000033c90      0x29c ./Core/Src/main.o
 .debug_macro   0x0000000000033f2c       0x10 ./Core/Src/main.o
 .debug_macro   0x0000000000033f3c      0x293 ./Core/Src/stm32h7xx_hal_msp.o
 .debug_macro   0x00000000000341cf      0x29d ./Core/Src/stm32h7xx_it.o
 .debug_macro   0x000000000003446c       0xff ./Core/Src/sysmem.o
 .debug_macro   0x000000000003456b      0x23b ./Core/Src/sysmem.o
 .debug_macro   0x00000000000347a6      0x289 ./Core/Src/system_stm32h7xx.o
 .debug_macro   0x0000000000034a2f      0x2b3 ./Drivers/STM32H7xx_HAL_Driver/Src/stm32h7xx_hal.o
 .debug_macro   0x0000000000034ce2      0x289 ./Drivers/STM32H7xx_HAL_Driver/Src/stm32h7xx_hal_cortex.o
 .debug_macro   0x0000000000034f6b      0x34e ./Drivers/STM32H7xx_HAL_Driver/Src/stm32h7xx_hal_fdcan.o
 .debug_macro   0x00000000000352b9      0x290 ./Drivers/STM32H7xx_HAL_Driver/Src/stm32h7xx_hal_gpio.o
 .debug_macro   0x0000000000035549      0x2c2 ./Drivers/STM32H7xx_HAL_Driver/Src/stm32h7xx_hal_pwr_ex.o
 .debug_macro   0x000000000003580b      0x2ad ./Drivers/STM32H7xx_HAL_Driver/Src/stm32h7xx_hal_rcc.o
 .debug_macro   0x0000000000035ab8      0x2a7 ./Drivers/STM32H7xx_HAL_Driver/Src/stm32h7xx_hal_rcc_ex.o

.debug_line     0x0000000000000000     0xc481
 .debug_line    0x0000000000000000      0xf4b ./Core/Src/CAN.o
 .debug_line    0x0000000000000f4b      0x971 ./Core/Src/main.o
 .debug_line    0x00000000000018bc      0x85e ./Core/Src/stm32h7xx_hal_msp.o
 .debug_line    0x000000000000211a      0x8d6 ./Core/Src/stm32h7xx_it.o
 .debug_line    0x00000000000029f0      0x4e5 ./Core/Src/sysmem.o
 .debug_line    0x0000000000002ed5      0x9ab ./Core/Src/system_stm32h7xx.o
 .debug_line    0x0000000000003880       0x88 ./Core/Startup/startup_stm32h743vitx.o
 .debug_line    0x0000000000003908      0xda9 ./Drivers/STM32H7xx_HAL_Driver/Src/stm32h7xx_hal.o
 .debug_line    0x00000000000046b1      0xdaf ./Drivers/STM32H7xx_HAL_Driver/Src/stm32h7xx_hal_cortex.o
 .debug_line    0x0000000000005460     0x270a ./Drivers/STM32H7xx_HAL_Driver/Src/stm32h7xx_hal_fdcan.o
 .debug_line    0x0000000000007b6a      0xc6c ./Drivers/STM32H7xx_HAL_Driver/Src/stm32h7xx_hal_gpio.o
 .debug_line    0x00000000000087d6      0xec3 ./Drivers/STM32H7xx_HAL_Driver/Src/stm32h7xx_hal_pwr_ex.o
 .debug_line    0x0000000000009699     0x1317 ./Drivers/STM32H7xx_HAL_Driver/Src/stm32h7xx_hal_rcc.o
 .debug_line    0x000000000000a9b0     0x1ad1 ./Drivers/STM32H7xx_HAL_Driver/Src/stm32h7xx_hal_rcc_ex.o

.debug_str      0x0000000000000000   0x158e08
 .debug_str     0x0000000000000000   0x153ef6 ./Core/Src/CAN.o
                                     0x1543d3 (size before relaxing)
 .debug_str     0x0000000000153ef6      0x5dd ./Core/Src/main.o
                                     0x15455c (size before relaxing)
 .debug_str     0x00000000001544d3      0xb6f ./Core/Src/stm32h7xx_hal_msp.o
                                     0x154cc8 (size before relaxing)
 .debug_str     0x0000000000155042       0xf4 ./Core/Src/stm32h7xx_it.o
                                     0x153f22 (size before relaxing)
 .debug_str     0x0000000000155136      0x4da ./Core/Src/sysmem.o
                                       0x5e05 (size before relaxing)
 .debug_str     0x0000000000155610      0x33a ./Core/Src/system_stm32h7xx.o
                                     0x153e65 (size before relaxing)
 .debug_str     0x000000000015594a       0x36 ./Core/Startup/startup_stm32h743vitx.o
                                         0x7e (size before relaxing)
 .debug_str     0x0000000000155980      0x7ed ./Drivers/STM32H7xx_HAL_Driver/Src/stm32h7xx_hal.o
                                     0x154d7b (size before relaxing)
 .debug_str     0x000000000015616d      0x338 ./Drivers/STM32H7xx_HAL_Driver/Src/stm32h7xx_hal_cortex.o
                                     0x15477e (size before relaxing)
 .debug_str     0x00000000001564a5     0x19d6 ./Drivers/STM32H7xx_HAL_Driver/Src/stm32h7xx_hal_fdcan.o
                                     0x155b53 (size before relaxing)
 .debug_str     0x0000000000157e7b       0xde ./Drivers/STM32H7xx_HAL_Driver/Src/stm32h7xx_hal_gpio.o
                                     0x153e1c (size before relaxing)
 .debug_str     0x0000000000157f59      0x62e ./Drivers/STM32H7xx_HAL_Driver/Src/stm32h7xx_hal_pwr_ex.o
                                     0x1542dd (size before relaxing)
 .debug_str     0x0000000000158587      0x22e ./Drivers/STM32H7xx_HAL_Driver/Src/stm32h7xx_hal_rcc.o
                                     0x154200 (size before relaxing)
 .debug_str     0x00000000001587b5      0x653 ./Drivers/STM32H7xx_HAL_Driver/Src/stm32h7xx_hal_rcc_ex.o
                                     0x1546b8 (size before relaxing)

.comment        0x0000000000000000       0x50
 .comment       0x0000000000000000       0x50 ./Core/Src/CAN.o
                                         0x51 (size before relaxing)
 .comment       0x0000000000000050       0x51 ./Core/Src/main.o
 .comment       0x0000000000000050       0x51 ./Core/Src/stm32h7xx_hal_msp.o
 .comment       0x0000000000000050       0x51 ./Core/Src/stm32h7xx_it.o
 .comment       0x0000000000000050       0x51 ./Core/Src/sysmem.o
 .comment       0x0000000000000050       0x51 ./Core/Src/system_stm32h7xx.o
 .comment       0x0000000000000050       0x51 ./Drivers/STM32H7xx_HAL_Driver/Src/stm32h7xx_hal.o
 .comment       0x0000000000000050       0x51 ./Drivers/STM32H7xx_HAL_Driver/Src/stm32h7xx_hal_cortex.o
 .comment       0x0000000000000050       0x51 ./Drivers/STM32H7xx_HAL_Driver/Src/stm32h7xx_hal_fdcan.o
 .comment       0x0000000000000050       0x51 ./Drivers/STM32H7xx_HAL_Driver/Src/stm32h7xx_hal_gpio.o
 .comment       0x0000000000000050       0x51 ./Drivers/STM32H7xx_HAL_Driver/Src/stm32h7xx_hal_pwr_ex.o
 .comment       0x0000000000000050       0x51 ./Drivers/STM32H7xx_HAL_Driver/Src/stm32h7xx_hal_rcc.o
 .comment       0x0000000000000050       0x51 ./Drivers/STM32H7xx_HAL_Driver/Src/stm32h7xx_hal_rcc_ex.o

.debug_frame    0x0000000000000000     0x333c
 .debug_frame   0x0000000000000000      0x2cc ./Core/Src/CAN.o
 .debug_frame   0x00000000000002cc       0xb0 ./Core/Src/main.o
 .debug_frame   0x000000000000037c       0x84 ./Core/Src/stm32h7xx_hal_msp.o
 .debug_frame   0x0000000000000400      0x124 ./Core/Src/stm32h7xx_it.o
 .debug_frame   0x0000000000000524       0x34 ./Core/Src/sysmem.o
 .debug_frame   0x0000000000000558       0x58 ./Core/Src/system_stm32h7xx.o
 .debug_frame   0x00000000000005b0      0x690 ./Drivers/STM32H7xx_HAL_Driver/Src/stm32h7xx_hal.o
 .debug_frame   0x0000000000000c40      0x4b8 ./Drivers/STM32H7xx_HAL_Driver/Src/stm32h7xx_hal_cortex.o
 .debug_frame   0x00000000000010f8      0xf9c ./Drivers/STM32H7xx_HAL_Driver/Src/stm32h7xx_hal_fdcan.o
 .debug_frame   0x0000000000002094      0x14c ./Drivers/STM32H7xx_HAL_Driver/Src/stm32h7xx_hal_gpio.o
 .debug_frame   0x00000000000021e0      0x580 ./Drivers/STM32H7xx_HAL_Driver/Src/stm32h7xx_hal_pwr_ex.o
 .debug_frame   0x0000000000002760      0x1f8 ./Drivers/STM32H7xx_HAL_Driver/Src/stm32h7xx_hal_rcc.o
 .debug_frame   0x0000000000002958      0x3f4 ./Drivers/STM32H7xx_HAL_Driver/Src/stm32h7xx_hal_rcc_ex.o
 .debug_frame   0x0000000000002d4c       0x20 c:/st/stm32cubeide_1.9.0/stm32cubeide/plugins/com.st.stm32cube.ide.mcu.externaltools.gnu-tools-for-stm32.10.3-2021.10.win32_1.0.0.202111181127/tools/bin/../lib/gcc/arm-none-eabi/10.3.1/../../../../arm-none-eabi/lib/thumb/v7e-m+dp/hard\libc_nano.a(lib_a-errno.o)
 .debug_frame   0x0000000000002d6c       0x2c c:/st/stm32cubeide_1.9.0/stm32cubeide/plugins/com.st.stm32cube.ide.mcu.externaltools.gnu-tools-for-stm32.10.3-2021.10.win32_1.0.0.202111181127/tools/bin/../lib/gcc/arm-none-eabi/10.3.1/../../../../arm-none-eabi/lib/thumb/v7e-m+dp/hard\libc_nano.a(lib_a-init.o)
 .debug_frame   0x0000000000002d98       0x30 c:/st/stm32cubeide_1.9.0/stm32cubeide/plugins/com.st.stm32cube.ide.mcu.externaltools.gnu-tools-for-stm32.10.3-2021.10.win32_1.0.0.202111181127/tools/bin/../lib/gcc/arm-none-eabi/10.3.1/../../../../arm-none-eabi/lib/thumb/v7e-m+dp/hard\libc_nano.a(lib_a-malloc.o)
 .debug_frame   0x0000000000002dc8       0x28 c:/st/stm32cubeide_1.9.0/stm32cubeide/plugins/com.st.stm32cube.ide.mcu.externaltools.gnu-tools-for-stm32.10.3-2021.10.win32_1.0.0.202111181127/tools/bin/../lib/gcc/arm-none-eabi/10.3.1/../../../../arm-none-eabi/lib/thumb/v7e-m+dp/hard\libc_nano.a(lib_a-memcpy-stub.o)
 .debug_frame   0x0000000000002df0       0x20 c:/st/stm32cubeide_1.9.0/stm32cubeide/plugins/com.st.stm32cube.ide.mcu.externaltools.gnu-tools-for-stm32.10.3-2021.10.win32_1.0.0.202111181127/tools/bin/../lib/gcc/arm-none-eabi/10.3.1/../../../../arm-none-eabi/lib/thumb/v7e-m+dp/hard\libc_nano.a(lib_a-memset.o)
 .debug_frame   0x0000000000002e10       0x38 c:/st/stm32cubeide_1.9.0/stm32cubeide/plugins/com.st.stm32cube.ide.mcu.externaltools.gnu-tools-for-stm32.10.3-2021.10.win32_1.0.0.202111181127/tools/bin/../lib/gcc/arm-none-eabi/10.3.1/../../../../arm-none-eabi/lib/thumb/v7e-m+dp/hard\libc_nano.a(lib_a-nano-freer.o)
 .debug_frame   0x0000000000002e48       0x4c c:/st/stm32cubeide_1.9.0/stm32cubeide/plugins/com.st.stm32cube.ide.mcu.externaltools.gnu-tools-for-stm32.10.3-2021.10.win32_1.0.0.202111181127/tools/bin/../lib/gcc/arm-none-eabi/10.3.1/../../../../arm-none-eabi/lib/thumb/v7e-m+dp/hard\libc_nano.a(lib_a-nano-mallocr.o)
 .debug_frame   0x0000000000002e94       0x2c c:/st/stm32cubeide_1.9.0/stm32cubeide/plugins/com.st.stm32cube.ide.mcu.externaltools.gnu-tools-for-stm32.10.3-2021.10.win32_1.0.0.202111181127/tools/bin/../lib/gcc/arm-none-eabi/10.3.1/../../../../arm-none-eabi/lib/thumb/v7e-m+dp/hard\libc_nano.a(lib_a-sbrkr.o)
 .debug_frame   0x0000000000002ec0       0x30 c:/st/stm32cubeide_1.9.0/stm32cubeide/plugins/com.st.stm32cube.ide.mcu.externaltools.gnu-tools-for-stm32.10.3-2021.10.win32_1.0.0.202111181127/tools/bin/../lib/gcc/arm-none-eabi/10.3.1/../../../../arm-none-eabi/lib/thumb/v7e-m+dp/hard\libc_nano.a(lib_a-mlock.o)
 .debug_frame   0x0000000000002ef0       0x5c c:/st/stm32cubeide_1.9.0/stm32cubeide/plugins/com.st.stm32cube.ide.mcu.externaltools.gnu-tools-for-stm32.10.3-2021.10.win32_1.0.0.202111181127/tools/bin/../lib/gcc/arm-none-eabi/10.3.1/../../../../arm-none-eabi/lib/thumb/v7e-m+dp/hard\libc_nano.a(lib_a-reent.o)
 .debug_frame   0x0000000000002f4c       0xb0 c:/st/stm32cubeide_1.9.0/stm32cubeide/plugins/com.st.stm32cube.ide.mcu.externaltools.gnu-tools-for-stm32.10.3-2021.10.win32_1.0.0.202111181127/tools/bin/../lib/gcc/arm-none-eabi/10.3.1/../../../../arm-none-eabi/lib/thumb/v7e-m+dp/hard\libc_nano.a(lib_a-lock.o)
 .debug_frame   0x0000000000002ffc      0x184 c:/st/stm32cubeide_1.9.0/stm32cubeide/plugins/com.st.stm32cube.ide.mcu.externaltools.gnu-tools-for-stm32.10.3-2021.10.win32_1.0.0.202111181127/tools/bin/../lib/gcc/arm-none-eabi/10.3.1/../../../../arm-none-eabi/lib/thumb/v7e-m+dp/hard\libm.a(lib_a-pow.o)
 .debug_frame   0x0000000000003180       0xc0 c:/st/stm32cubeide_1.9.0/stm32cubeide/plugins/com.st.stm32cube.ide.mcu.externaltools.gnu-tools-for-stm32.10.3-2021.10.win32_1.0.0.202111181127/tools/bin/../lib/gcc/arm-none-eabi/10.3.1/../../../../arm-none-eabi/lib/thumb/v7e-m+dp/hard\libm.a(lib_a-math_err.o)
 .debug_frame   0x0000000000003240       0xac c:/st/stm32cubeide_1.9.0/stm32cubeide/plugins/com.st.stm32cube.ide.mcu.externaltools.gnu-tools-for-stm32.10.3-2021.10.win32_1.0.0.202111181127/tools/bin/../lib/gcc/arm-none-eabi/10.3.1/thumb/v7e-m+dp/hard\libgcc.a(_arm_addsubdf3.o)
 .debug_frame   0x00000000000032ec       0x30 c:/st/stm32cubeide_1.9.0/stm32cubeide/plugins/com.st.stm32cube.ide.mcu.externaltools.gnu-tools-for-stm32.10.3-2021.10.win32_1.0.0.202111181127/tools/bin/../lib/gcc/arm-none-eabi/10.3.1/thumb/v7e-m+dp/hard\libgcc.a(_fixdfdi.o)
 .debug_frame   0x000000000000331c       0x20 c:/st/stm32cubeide_1.9.0/stm32cubeide/plugins/com.st.stm32cube.ide.mcu.externaltools.gnu-tools-for-stm32.10.3-2021.10.win32_1.0.0.202111181127/tools/bin/../lib/gcc/arm-none-eabi/10.3.1/thumb/v7e-m+dp/hard\libgcc.a(_fixunsdfdi.o)
