Archive member included to satisfy reference by file (symbol)

c:/st/stm32cubeide_1.9.0/stm32cubeide/plugins/com.st.stm32cube.ide.mcu.externaltools.gnu-tools-for-stm32.10.3-2021.10.win32_1.0.0.202111181127/tools/bin/../lib/gcc/arm-none-eabi/10.3.1/../../../../arm-none-eabi/lib/thumb/v7e-m+dp/hard\libc_nano.a(lib_a-errno.o)
                              ./Core/Src/syscalls.o (__errno)
c:/st/stm32cubeide_1.9.0/stm32cubeide/plugins/com.st.stm32cube.ide.mcu.externaltools.gnu-tools-for-stm32.10.3-2021.10.win32_1.0.0.202111181127/tools/bin/../lib/gcc/arm-none-eabi/10.3.1/../../../../arm-none-eabi/lib/thumb/v7e-m+dp/hard\libc_nano.a(lib_a-exit.o)
                              c:/st/stm32cubeide_1.9.0/stm32cubeide/plugins/com.st.stm32cube.ide.mcu.externaltools.gnu-tools-for-stm32.10.3-2021.10.win32_1.0.0.202111181127/tools/bin/../lib/gcc/arm-none-eabi/10.3.1/../../../../arm-none-eabi/lib/thumb/v7e-m+dp/hard/crt0.o (exit)
c:/st/stm32cubeide_1.9.0/stm32cubeide/plugins/com.st.stm32cube.ide.mcu.externaltools.gnu-tools-for-stm32.10.3-2021.10.win32_1.0.0.202111181127/tools/bin/../lib/gcc/arm-none-eabi/10.3.1/../../../../arm-none-eabi/lib/thumb/v7e-m+dp/hard\libc_nano.a(lib_a-impure.o)
                              c:/st/stm32cubeide_1.9.0/stm32cubeide/plugins/com.st.stm32cube.ide.mcu.externaltools.gnu-tools-for-stm32.10.3-2021.10.win32_1.0.0.202111181127/tools/bin/../lib/gcc/arm-none-eabi/10.3.1/../../../../arm-none-eabi/lib/thumb/v7e-m+dp/hard\libc_nano.a(lib_a-exit.o) (_global_impure_ptr)
c:/st/stm32cubeide_1.9.0/stm32cubeide/plugins/com.st.stm32cube.ide.mcu.externaltools.gnu-tools-for-stm32.10.3-2021.10.win32_1.0.0.202111181127/tools/bin/../lib/gcc/arm-none-eabi/10.3.1/../../../../arm-none-eabi/lib/thumb/v7e-m+dp/hard\libc_nano.a(lib_a-init.o)
                              c:/st/stm32cubeide_1.9.0/stm32cubeide/plugins/com.st.stm32cube.ide.mcu.externaltools.gnu-tools-for-stm32.10.3-2021.10.win32_1.0.0.202111181127/tools/bin/../lib/gcc/arm-none-eabi/10.3.1/../../../../arm-none-eabi/lib/thumb/v7e-m+dp/hard/crt0.o (__libc_init_array)
c:/st/stm32cubeide_1.9.0/stm32cubeide/plugins/com.st.stm32cube.ide.mcu.externaltools.gnu-tools-for-stm32.10.3-2021.10.win32_1.0.0.202111181127/tools/bin/../lib/gcc/arm-none-eabi/10.3.1/../../../../arm-none-eabi/lib/thumb/v7e-m+dp/hard\libc_nano.a(lib_a-malloc.o)
                              ./Core/Src/CAN.o (malloc)
c:/st/stm32cubeide_1.9.0/stm32cubeide/plugins/com.st.stm32cube.ide.mcu.externaltools.gnu-tools-for-stm32.10.3-2021.10.win32_1.0.0.202111181127/tools/bin/../lib/gcc/arm-none-eabi/10.3.1/../../../../arm-none-eabi/lib/thumb/v7e-m+dp/hard\libc_nano.a(lib_a-memcpy-stub.o)
                              ./Drivers/STM32H7xx_HAL_Driver/Src/stm32h7xx_hal_fdcan.o (memcpy)
c:/st/stm32cubeide_1.9.0/stm32cubeide/plugins/com.st.stm32cube.ide.mcu.externaltools.gnu-tools-for-stm32.10.3-2021.10.win32_1.0.0.202111181127/tools/bin/../lib/gcc/arm-none-eabi/10.3.1/../../../../arm-none-eabi/lib/thumb/v7e-m+dp/hard\libc_nano.a(lib_a-memset.o)
                              c:/st/stm32cubeide_1.9.0/stm32cubeide/plugins/com.st.stm32cube.ide.mcu.externaltools.gnu-tools-for-stm32.10.3-2021.10.win32_1.0.0.202111181127/tools/bin/../lib/gcc/arm-none-eabi/10.3.1/../../../../arm-none-eabi/lib/thumb/v7e-m+dp/hard/crt0.o (memset)
c:/st/stm32cubeide_1.9.0/stm32cubeide/plugins/com.st.stm32cube.ide.mcu.externaltools.gnu-tools-for-stm32.10.3-2021.10.win32_1.0.0.202111181127/tools/bin/../lib/gcc/arm-none-eabi/10.3.1/../../../../arm-none-eabi/lib/thumb/v7e-m+dp/hard\libc_nano.a(lib_a-nano-freer.o)
                              c:/st/stm32cubeide_1.9.0/stm32cubeide/plugins/com.st.stm32cube.ide.mcu.externaltools.gnu-tools-for-stm32.10.3-2021.10.win32_1.0.0.202111181127/tools/bin/../lib/gcc/arm-none-eabi/10.3.1/../../../../arm-none-eabi/lib/thumb/v7e-m+dp/hard\libc_nano.a(lib_a-malloc.o) (_free_r)
c:/st/stm32cubeide_1.9.0/stm32cubeide/plugins/com.st.stm32cube.ide.mcu.externaltools.gnu-tools-for-stm32.10.3-2021.10.win32_1.0.0.202111181127/tools/bin/../lib/gcc/arm-none-eabi/10.3.1/../../../../arm-none-eabi/lib/thumb/v7e-m+dp/hard\libc_nano.a(lib_a-nano-mallocr.o)
                              c:/st/stm32cubeide_1.9.0/stm32cubeide/plugins/com.st.stm32cube.ide.mcu.externaltools.gnu-tools-for-stm32.10.3-2021.10.win32_1.0.0.202111181127/tools/bin/../lib/gcc/arm-none-eabi/10.3.1/../../../../arm-none-eabi/lib/thumb/v7e-m+dp/hard\libc_nano.a(lib_a-malloc.o) (_malloc_r)
c:/st/stm32cubeide_1.9.0/stm32cubeide/plugins/com.st.stm32cube.ide.mcu.externaltools.gnu-tools-for-stm32.10.3-2021.10.win32_1.0.0.202111181127/tools/bin/../lib/gcc/arm-none-eabi/10.3.1/../../../../arm-none-eabi/lib/thumb/v7e-m+dp/hard\libc_nano.a(lib_a-sbrkr.o)
                              c:/st/stm32cubeide_1.9.0/stm32cubeide/plugins/com.st.stm32cube.ide.mcu.externaltools.gnu-tools-for-stm32.10.3-2021.10.win32_1.0.0.202111181127/tools/bin/../lib/gcc/arm-none-eabi/10.3.1/../../../../arm-none-eabi/lib/thumb/v7e-m+dp/hard\libc_nano.a(lib_a-nano-mallocr.o) (_sbrk_r)
[...]
Memory Configuration

Name             Origin             Length             Attributes
FLASH            0x0000000008000000 0x0000000000200000 xr
DTCMRAM          0x0000000020000000 0x0000000000020000 xrw
RAM_D1           0x0000000024000000 0x0000000000080000 xrw
RAM_D2           0x0000000030000000 0x0000000000048000 xrw
RAM_D3           0x0000000038000000 0x0000000000010000 xrw
ITCMRAM          0x0000000000000000 0x0000000000010000 xrw
*default*        0x0000000000000000 0xffffffffffffffff

Linker script and memory map

LOAD c:/st/stm32cubeide_1.9.0/stm32cubeide/plugins/com.st.stm32cube.ide.mcu.externaltools.gnu-tools-for-stm32.10.3-2021.10.win32_1.0.0.202111181127/tools/bin/../lib/gcc/arm-none-eabi/10.3.1/thumb/v7e-m+dp/hard/crti.o
LOAD c:/st/stm32cubeide_1.9.0/stm32cubeide/plugins/com.st.stm32cube.ide.mcu.externaltools.gnu-tools-for-stm32.10.3-2021.10.win32_1.0.0.202111181127/tools/bin/../lib/gcc/arm-none-eabi/10.3.1/thumb/v7e-m+dp/hard/crtbegin.o
LOAD c:/st/stm32cubeide_1.9.0/stm32cubeide/plugins/com.st.stm32cube.ide.mcu.externaltools.gnu-tools-for-stm32.10.3-2021.10.win32_1.0.0.202111181127/tools/bin/../lib/gcc/arm-none-eabi/10.3.1/../../../../arm-none-eabi/lib/thumb/v7e-m+dp/hard/crt0.o
LOAD ./Core/Src/CAN.o
LOAD ./Core/Src/main.o
LOAD ./Core/Src/stm32h7xx_hal_msp.o
LOAD ./Core/Src/stm32h7xx_it.o
LOAD ./Core/Src/syscalls.o
LOAD ./Core/Src/sysmem.o
LOAD ./Core/Src/system_stm32h7xx.o
LOAD ./Core/Startup/startup_stm32h743vitx.o
LOAD ./Drivers/STM32H7xx_HAL_Driver/Src/stm32h7xx_hal.o
LOAD ./Drivers/STM32H7xx_HAL_Driver/Src/stm32h7xx_hal_cortex.o
LOAD ./Drivers/STM32H7xx_HAL_Driver/Src/stm32h7xx_hal_dma.o
LOAD ./Drivers/STM32H7xx_HAL_Driver/Src/stm32h7xx_hal_dma_ex.o
LOAD ./Drivers/STM32H7xx_HAL_Driver/Src/stm32h7xx_hal_exti.o
LOAD ./Drivers/STM32H7xx_HAL_Driver/Src/stm32h7xx_hal_fdcan.o
LOAD ./Drivers/STM32H7xx_HAL_Driver/Src/stm32h7xx_hal_flash.o
LOAD ./Drivers/STM32H7xx_HAL_Driver/Src/stm32h7xx_hal_flash_ex.o
LOAD ./Drivers/STM32H7xx_HAL_Driver/Src/stm32h7xx_hal_gpio.o
LOAD ./Drivers/STM32H7xx_HAL_Driver/Src/stm32h7xx_hal_hsem.o
LOAD ./Drivers/STM32H7xx_HAL_Driver/Src/stm32h7xx_hal_i2c.o
LOAD ./Drivers/STM32H7xx_HAL_Driver/Src/stm32h7xx_hal_i2c_ex.o
LOAD ./Drivers/STM32H7xx_HAL_Driver/Src/stm32h7xx_hal_mdma.o
LOAD ./Drivers/STM32H7xx_HAL_Driver/Src/stm32h7xx_hal_pwr.o
LOAD ./Drivers/STM32H7xx_HAL_Driver/Src/stm32h7xx_hal_pwr_ex.o
LOAD ./Drivers/STM32H7xx_HAL_Driver/Src/stm32h7xx_hal_rcc.o
LOAD ./Drivers/STM32H7xx_HAL_Driver/Src/stm32h7xx_hal_rcc_ex.o
LOAD ./Drivers/STM32H7xx_HAL_Driver/Src/stm32h7xx_hal_tim.o
LOAD ./Drivers/STM32H7xx_HAL_Driver/Src/stm32h7xx_hal_tim_ex.o
START GROUP
LOAD c:/st/stm32cubeide_1.9.0/stm32cubeide/plugins/com.st.stm32cube.ide.mcu.externaltools.gnu-tools-for-stm32.10.3-2021.10.win32_1.0.0.202111181127/tools/bin/../lib/gcc/arm-none-eabi/10.3.1/../../../../arm-none-eabi/lib/thumb/v7e-m+dp/hard\libc_nano.a
LOAD c:/st/stm32cubeide_1.9.0/stm32cubeide/plugins/com.st.stm32cube.ide.mcu.externaltools.gnu-tools-for-stm32.10.3-2021.10.win32_1.0.0.202111181127/tools/bin/../lib/gcc/arm-none-eabi/10.3.1/../../../../arm-none-eabi/lib/thumb/v7e-m+dp/hard\libm.a
END GROUP
START GROUP
LOAD c:/st/stm32cubeide_1.9.0/stm32cubeide/plugins/com.st.stm32cube.ide.mcu.externaltools.gnu-tools-for-stm32.10.3-2021.10.win32_1.0.0.202111181127/tools/bin/../lib/gcc/arm-none-eabi/10.3.1/thumb/v7e-m+dp/hard\libgcc.a
LOAD c:/st/stm32cubeide_1.9.0/stm32cubeide/plugins/com.st.stm32cube.ide.mcu.externaltools.gnu-tools-for-stm32.10.3-2021.10.win32_1.0.0.202111181127/tools/bin/../lib/gcc/arm-none-eabi/10.3.1/../../../../arm-none-eabi/lib/thumb/v7e-m+dp/hard\libc_nano.a
END GROUP
START GROUP
LOAD c:/st/stm32cubeide_1.9.0/stm32cubeide/plugins/com.st.stm32cube.ide.mcu.externaltools.gnu-tools-for-stm32.10.3-2021.10.win32_1.0.0.202111181127/tools/bin/../lib/gcc/arm-none-eabi/10.3.1/thumb/v7e-m+dp/hard\libgcc.a
LOAD c:/st/stm32cubeide_1.9.0/stm32cubeide/plugins/com.st.stm32cube.ide.mcu.externaltools.gnu-tools-for-stm32.10.3-2021.10.win32_1.0.0.202111181127/tools/bin/../lib/gcc/arm-none-eabi/10.3.1/../../../../arm-none-eabi/lib/thumb/v7e-m+dp/hard\libc_nano.a
LOAD c:/st/stm32cubeide_1.9.0/stm32cubeide/plugins/com.st.stm32cube.ide.mcu.externaltools.gnu-tools-for-stm32.10.3-2021.10.win32_1.0.0.202111181127/tools/bin/../lib/gcc/arm-none-eabi/10.3.1/../../../../arm-none-eabi/lib/thumb/v7e-m+dp/hard\libnosys.a
END GROUP
START GROUP
LOAD c:/st/stm32cubeide_1.9.0/stm32cubeide/plugins/com.st.stm32cube.ide.mcu.externaltools.gnu-tools-for-stm32.10.3-2021.10.win32_1.0.0.202111181127/tools/bin/../lib/gcc/arm-none-eabi/10.3.1/thumb/v7e-m+dp/hard\libgcc.a
LOAD c:/st/stm32cubeide_1.9.0/stm32cubeide/plugins/com.st.stm32cube.ide.mcu.externaltools.gnu-tools-for-stm32.10.3-2021.10.win32_1.0.0.202111181127/tools/bin/../lib/gcc/arm-none-eabi/10.3.1/../../../../arm-none-eabi/lib/thumb/v7e-m+dp/hard\libc_nano.a
LOAD c:/st/stm32cubeide_1.9.0/stm32cubeide/plugins/com.st.stm32cube.ide.mcu.externaltools.gnu-tools-for-stm32.10.3-2021.10.win32_1.0.0.202111181127/tools/bin/../lib/gcc/arm-none-eabi/10.3.1/../../../../arm-none-eabi/lib/thumb/v7e-m+dp/hard\libnosys.a
END GROUP
LOAD c:/st/stm32cubeide_1.9.0/stm32cubeide/plugins/com.st.stm32cube.ide.mcu.externaltools.gnu-tools-for-stm32.10.3-2021.10.win32_1.0.0.202111181127/tools/bin/../lib/gcc/arm-none-eabi/10.3.1/thumb/v7e-m+dp/hard/crtend.o
LOAD c:/st/stm32cubeide_1.9.0/stm32cubeide/plugins/com.st.stm32cube.ide.mcu.externaltools.gnu-tools-for-stm32.10.3-2021.10.win32_1.0.0.202111181127/tools/bin/../lib/gcc/arm-none-eabi/10.3.1/thumb/v7e-m+dp/hard/crtn.o
                0x0000000024080000                _estack = (ORIGIN (RAM_D1) + LENGTH (RAM_D1))
                0x0000000000000200                _Min_Heap_Size = 0x200
                0x0000000000000400                _Min_Stack_Size = 0x400

.isr_vector     0x0000000008000000      0x298
                0x0000000008000000                . = ALIGN (0x4)
 *(.isr_vector)
 .isr_vector    0x0000000008000000      0x298 ./Core/Startup/startup_stm32h743vitx.o
                0x0000000008000000                g_pfnVectors
                0x0000000008000298                . = ALIGN (0x4)

.text           0x0000000008000298     0x4804
                0x0000000008000298                . = ALIGN (0x4)
 *(.text)
 .text          0x0000000008000298       0x40 c:/st/stm32cubeide_1.9.0/stm32cubeide/plugins/com.st.stm32cube.ide.mcu.externaltools.gnu-tools-for-stm32.10.3-2021.10.win32_1.0.0.202111181127/tools/bin/../lib/gcc/arm-none-eabi/10.3.1/thumb/v7e-m+dp/hard/crtbegin.o
 *(.text*)
 .text.HAL_FDCAN_RxFifo0Callback
                0x00000000080002d8       0x54 ./Core/Src/CAN.o
                0x00000000080002d8                HAL_FDCAN_RxFifo0Callback
 .text.CAN_stream_Init
                0x000000000800032c       0x58 ./Core/Src/CAN.o
                0x000000000800032c                CAN_stream_Init
 .text.CAN_Init
                0x0000000008000384       0x6c ./Core/Src/CAN.o
                0x0000000008000384                CAN_Init
 .text.canMessageReceived
                0x00000000080003f0       0x5e ./Core/Src/CAN.o
                0x00000000080003f0                canMessageReceived
 *fill*         0x000000000800044e        0x2 
 .text.CAN_Storage_POSITIVE
                0x0000000008000450       0xc4 ./Core/Src/CAN.o
                0x0000000008000450                CAN_Storage_POSITIVE
 .text.CAN_Storage_NEGATIVE
                0x0000000008000514       0xc4 ./Core/Src/CAN.o
                0x0000000008000514                CAN_Storage_NEGATIVE
 .text.CAN_TxData
                0x00000000080005d8       0x8c ./Core/Src/CAN.o
                0x00000000080005d8                CAN_TxData
 .text.CAN_Send
                0x0000000008000664       0x74 ./Core/Src/CAN.o
                0x0000000008000664                CAN_Send
 .text.main     0x00000000080006d8       0x40 ./Core/Src/main.o
                0x00000000080006d8                main
 .text.SystemClock_Config
                0x0000000008000718       0xfc ./Core/Src/main.o
                0x0000000008000718                SystemClock_Config
 .text.MX_FDCAN1_Init
                0x0000000008000814       0xcc ./Core/Src/main.o
 .text.MX_GPIO_Init
                0x00000000080008e0       0xf4 ./Core/Src/main.o
 .text.Error_Handler
                0x00000000080009d4       0x18 ./Core/Src/main.o
                0x00000000080009d4                Error_Handler
 .text.HAL_MspInit
                0x00000000080009ec       0x34 ./Core/Src/stm32h7xx_hal_msp.o
                0x00000000080009ec                HAL_MspInit
 .text.HAL_FDCAN_MspInit
                0x0000000008000a20       0xdc ./Core/Src/stm32h7xx_hal_msp.o
                0x0000000008000a20                HAL_FDCAN_MspInit
 .text.NMI_Handler
                0x0000000008000afc        0x6 ./Core/Src/stm32h7xx_it.o
                0x0000000008000afc                NMI_Handler
 *fill*         0x0000000008000b02        0x2 
 .text.HardFault_Handler
                0x0000000008000b04       0x14 ./Core/Src/stm32h7xx_it.o
                0x0000000008000b04                HardFault_Handler
 .text.MemManage_Handler
                0x0000000008000b18        0x6 ./Core/Src/stm32h7xx_it.o
                0x0000000008000b18                MemManage_Handler
 .text.BusFault_Handler
                0x0000000008000b1e        0x6 ./Core/Src/stm32h7xx_it.o
                0x0000000008000b1e                BusFault_Handler
 .text.UsageFault_Handler
                0x0000000008000b24        0x6 ./Core/Src/stm32h7xx_it.o
                0x0000000008000b24                UsageFault_Handler
 .text.SVC_Handler
                0x0000000008000b2a        0xe ./Core/Src/stm32h7xx_it.o
                0x0000000008000b2a                SVC_Handler
 .text.DebugMon_Handler
                0x0000000008000b38        0xe ./Core/Src/stm32h7xx_it.o
                0x0000000008000b38                DebugMon_Handler
 .text.PendSV_Handler
                0x0000000008000b46        0xe ./Core/Src/stm32h7xx_it.o
                0x0000000008000b46                PendSV_Handler
 .text.SysTick_Handler
                0x0000000008000b54        0xc ./Core/Src/stm32h7xx_it.o
                0x0000000008000b54                SysTick_Handler
 .text.FDCAN1_IT0_IRQHandler
                0x0000000008000b60       0x14 ./Core/Src/stm32h7xx_it.o
                0x0000000008000b60                FDCAN1_IT0_IRQHandler
 .text._sbrk    0x0000000008000b74       0x6c ./Core/Src/sysmem.o
                0x0000000008000b74                _sbrk
 .text.SystemInit
                0x0000000008000be0      0x110 ./Core/Src/system_stm32h7xx.o
                0x0000000008000be0                SystemInit
 .text.Reset_Handler
                0x0000000008000cf0       0x50 ./Core/Startup/startup_stm32h743vitx.o
                0x0000000008000cf0                Reset_Handler
 .text.Default_Handler
                0x0000000008000d40        0x2 ./Core/Startup/startup_stm32h743vitx.o
                0x0000000008000d40                RTC_Alarm_IRQHandler
                0x0000000008000d40                EXTI2_IRQHandler
                0x0000000008000d40                TIM8_CC_IRQHandler
                0x0000000008000d40                HRTIM1_Master_IRQHandler
                0x0000000008000d40                UART8_IRQHandler
                0x0000000008000d40                SPI4_IRQHandler
                0x0000000008000d40                TIM1_CC_IRQHandler
                0x0000000008000d40                BDMA_Channel6_IRQHandler
                0x0000000008000d40                DMA2_Stream5_IRQHandler
                0x0000000008000d40                HRTIM1_FLT_IRQHandler
                0x0000000008000d40                JPEG_IRQHandler
                0x0000000008000d40                DMA1_Stream5_IRQHandler
                0x0000000008000d40                BDMA_Channel1_IRQHandler
                0x0000000008000d40                HRTIM1_TIMD_IRQHandler
                0x0000000008000d40                TAMP_STAMP_IRQHandler
                0x0000000008000d40                EXTI3_IRQHandler
                0x0000000008000d40                LPTIM4_IRQHandler
                0x0000000008000d40                TIM8_TRG_COM_TIM14_IRQHandler
                0x0000000008000d40                LPTIM2_IRQHandler
                0x0000000008000d40                DFSDM1_FLT1_IRQHandler
                0x0000000008000d40                DMAMUX2_OVR_IRQHandler
                0x0000000008000d40                TIM8_UP_TIM13_IRQHandler
                0x0000000008000d40                I2C3_ER_IRQHandler
                0x0000000008000d40                DFSDM1_FLT2_IRQHandler
                0x0000000008000d40                MDMA_IRQHandler
                0x0000000008000d40                LPTIM3_IRQHandler
                0x0000000008000d40                HSEM1_IRQHandler
                0x0000000008000d40                EXTI0_IRQHandler
                0x0000000008000d40                I2C2_EV_IRQHandler
                0x0000000008000d40                DMA1_Stream2_IRQHandler
                0x0000000008000d40                FPU_IRQHandler
                0x0000000008000d40                OTG_HS_WKUP_IRQHandler
                0x0000000008000d40                FDCAN1_IT1_IRQHandler
                0x0000000008000d40                LTDC_ER_IRQHandler
                0x0000000008000d40                DMA2_Stream2_IRQHandler
                0x0000000008000d40                HRTIM1_TIME_IRQHandler
                0x0000000008000d40                SPI1_IRQHandler
                0x0000000008000d40                TIM6_DAC_IRQHandler
                0x0000000008000d40                DCMI_IRQHandler
                0x0000000008000d40                HRTIM1_TIMC_IRQHandler
                0x0000000008000d40                DMA2_Stream3_IRQHandler
                0x0000000008000d40                SAI2_IRQHandler
                0x0000000008000d40                DFSDM1_FLT3_IRQHandler
                0x0000000008000d40                USART6_IRQHandler
                0x0000000008000d40                TIM17_IRQHandler
                0x0000000008000d40                USART3_IRQHandler
                0x0000000008000d40                BDMA_Channel7_IRQHandler
                0x0000000008000d40                LPTIM5_IRQHandler
                0x0000000008000d40                UART5_IRQHandler
                0x0000000008000d40                ADC3_IRQHandler
                0x0000000008000d40                DMA2_Stream0_IRQHandler
                0x0000000008000d40                TIM4_IRQHandler
                0x0000000008000d40                BDMA_Channel2_IRQHandler
                0x0000000008000d40                QUADSPI_IRQHandler
                0x0000000008000d40                I2C1_EV_IRQHandler
                0x0000000008000d40                DMA1_Stream6_IRQHandler
                0x0000000008000d40                DMAMUX1_OVR_IRQHandler
                0x0000000008000d40                DMA1_Stream1_IRQHandler
                0x0000000008000d40                TIM16_IRQHandler
                0x0000000008000d40                UART4_IRQHandler
                0x0000000008000d40                BDMA_Channel5_IRQHandler
                0x0000000008000d40                TIM3_IRQHandler
                0x0000000008000d40                RCC_IRQHandler
                0x0000000008000d40                TIM8_BRK_TIM12_IRQHandler
                0x0000000008000d40                TIM1_TRG_COM_IRQHandler
                0x0000000008000d40                Default_Handler
                0x0000000008000d40                ECC_IRQHandler
                0x0000000008000d40                CEC_IRQHandler
                0x0000000008000d40                EXTI15_10_IRQHandler
                0x0000000008000d40                BDMA_Channel0_IRQHandler
                0x0000000008000d40                ADC_IRQHandler
                0x0000000008000d40                DMA1_Stream7_IRQHandler
                0x0000000008000d40                HRTIM1_TIMA_IRQHandler
                0x0000000008000d40                SPI5_IRQHandler
                0x0000000008000d40                TIM7_IRQHandler
                0x0000000008000d40                SDMMC1_IRQHandler
                0x0000000008000d40                TIM5_IRQHandler
                0x0000000008000d40                DMA2_Stream7_IRQHandler
                0x0000000008000d40                TIM15_IRQHandler
                0x0000000008000d40                PVD_AVD_IRQHandler
                0x0000000008000d40                I2C3_EV_IRQHandler
                0x0000000008000d40                EXTI9_5_IRQHandler
                0x0000000008000d40                RTC_WKUP_IRQHandler
                0x0000000008000d40                LTDC_IRQHandler
                0x0000000008000d40                SAI3_IRQHandler
                0x0000000008000d40                ETH_WKUP_IRQHandler
                0x0000000008000d40                SPDIF_RX_IRQHandler
                0x0000000008000d40                SPI2_IRQHandler
                0x0000000008000d40                OTG_HS_EP1_IN_IRQHandler
                0x0000000008000d40                DMA1_Stream0_IRQHandler
                0x0000000008000d40                CRS_IRQHandler
                0x0000000008000d40                EXTI4_IRQHandler
                0x0000000008000d40                RNG_IRQHandler
                0x0000000008000d40                HRTIM1_TIMB_IRQHandler
                0x0000000008000d40                FDCAN2_IT1_IRQHandler
                0x0000000008000d40                ETH_IRQHandler
                0x0000000008000d40                TIM1_UP_IRQHandler
                0x0000000008000d40                BDMA_Channel4_IRQHandler
                0x0000000008000d40                OTG_HS_EP1_OUT_IRQHandler
                0x0000000008000d40                WWDG_IRQHandler
                0x0000000008000d40                SPI6_IRQHandler
                0x0000000008000d40                MDIOS_IRQHandler
                0x0000000008000d40                I2C4_EV_IRQHandler
                0x0000000008000d40                FDCAN2_IT0_IRQHandler
                0x0000000008000d40                LPUART1_IRQHandler
                0x0000000008000d40                TIM2_IRQHandler
                0x0000000008000d40                OTG_FS_WKUP_IRQHandler
                0x0000000008000d40                OTG_HS_IRQHandler
                0x0000000008000d40                DMA2D_IRQHandler
                0x0000000008000d40                TIM1_BRK_IRQHandler
                0x0000000008000d40                EXTI1_IRQHandler
                0x0000000008000d40                SDMMC2_IRQHandler
                0x0000000008000d40                OTG_FS_EP1_OUT_IRQHandler
                0x0000000008000d40                BDMA_Channel3_IRQHandler
                0x0000000008000d40                UART7_IRQHandler
                0x0000000008000d40                MDIOS_WKUP_IRQHandler
                0x0000000008000d40                USART2_IRQHandler
                0x0000000008000d40                DFSDM1_FLT0_IRQHandler
                0x0000000008000d40                SAI4_IRQHandler
                0x0000000008000d40                I2C2_ER_IRQHandler
                0x0000000008000d40                DMA2_Stream1_IRQHandler
                0x0000000008000d40                FLASH_IRQHandler
                0x0000000008000d40                DMA2_Stream4_IRQHandler
                0x0000000008000d40                USART1_IRQHandler
                0x0000000008000d40                OTG_FS_IRQHandler
                0x0000000008000d40                SPI3_IRQHandler
                0x0000000008000d40                WAKEUP_PIN_IRQHandler
                0x0000000008000d40                DMA1_Stream4_IRQHandler
                0x0000000008000d40                OTG_FS_EP1_IN_IRQHandler
                0x0000000008000d40                I2C1_ER_IRQHandler
                0x0000000008000d40                FMC_IRQHandler
                0x0000000008000d40                FDCAN_CAL_IRQHandler
                0x0000000008000d40                SWPMI1_IRQHandler
                0x0000000008000d40                COMP1_IRQHandler
                0x0000000008000d40                LPTIM1_IRQHandler
                0x0000000008000d40                I2C4_ER_IRQHandler
                0x0000000008000d40                DMA2_Stream6_IRQHandler
                0x0000000008000d40                SAI1_IRQHandler
                0x0000000008000d40                DMA1_Stream3_IRQHandler
 *fill*         0x0000000008000d42        0x2 
 .text.HAL_Init
                0x0000000008000d44       0x78 ./Drivers/STM32H7xx_HAL_Driver/Src/stm32h7xx_hal.o
                0x0000000008000d44                HAL_Init
 .text.HAL_InitTick
                0x0000000008000dbc       0x6c ./Drivers/STM32H7xx_HAL_Driver/Src/stm32h7xx_hal.o
                0x0000000008000dbc                HAL_InitTick
 .text.HAL_IncTick
                0x0000000008000e28       0x28 ./Drivers/STM32H7xx_HAL_Driver/Src/stm32h7xx_hal.o
                0x0000000008000e28                HAL_IncTick
 .text.HAL_GetTick
                0x0000000008000e50       0x18 ./Drivers/STM32H7xx_HAL_Driver/Src/stm32h7xx_hal.o
                0x0000000008000e50                HAL_GetTick
 .text.HAL_Delay
                0x0000000008000e68       0x48 ./Drivers/STM32H7xx_HAL_Driver/Src/stm32h7xx_hal.o
                0x0000000008000e68                HAL_Delay
 .text.HAL_GetREVID
                0x0000000008000eb0       0x18 ./Drivers/STM32H7xx_HAL_Driver/Src/stm32h7xx_hal.o
                0x0000000008000eb0                HAL_GetREVID
 .text.__NVIC_SetPriorityGrouping
                0x0000000008000ec8       0x48 ./Drivers/STM32H7xx_HAL_Driver/Src/stm32h7xx_hal_cortex.o
 .text.__NVIC_GetPriorityGrouping
                0x0000000008000f10       0x1c ./Drivers/STM32H7xx_HAL_Driver/Src/stm32h7xx_hal_cortex.o
 .text.__NVIC_EnableIRQ
                0x0000000008000f2c       0x3c ./Drivers/STM32H7xx_HAL_Driver/Src/stm32h7xx_hal_cortex.o
 .text.__NVIC_SetPriority
                0x0000000008000f68       0x54 ./Drivers/STM32H7xx_HAL_Driver/Src/stm32h7xx_hal_cortex.o
 .text.NVIC_EncodePriority
                0x0000000008000fbc       0x66 ./Drivers/STM32H7xx_HAL_Driver/Src/stm32h7xx_hal_cortex.o
 *fill*         0x0000000008001022        0x2 
 .text.SysTick_Config
                0x0000000008001024       0x44 ./Drivers/STM32H7xx_HAL_Driver/Src/stm32h7xx_hal_cortex.o
 .text.HAL_NVIC_SetPriorityGrouping
                0x0000000008001068       0x16 ./Drivers/STM32H7xx_HAL_Driver/Src/stm32h7xx_hal_cortex.o
                0x0000000008001068                HAL_NVIC_SetPriorityGrouping
 .text.HAL_NVIC_SetPriority
                0x000000000800107e       0x34 ./Drivers/STM32H7xx_HAL_Driver/Src/stm32h7xx_hal_cortex.o
                0x000000000800107e                HAL_NVIC_SetPriority
 .text.HAL_NVIC_EnableIRQ
                0x00000000080010b2       0x1c ./Drivers/STM32H7xx_HAL_Driver/Src/stm32h7xx_hal_cortex.o
                0x00000000080010b2                HAL_NVIC_EnableIRQ
 .text.HAL_SYSTICK_Config
                0x00000000080010ce       0x18 ./Drivers/STM32H7xx_HAL_Driver/Src/stm32h7xx_hal_cortex.o
                0x00000000080010ce                HAL_SYSTICK_Config
 *fill*         0x00000000080010e6        0x2 
 .text.HAL_FDCAN_Init
                0x00000000080010e8      0x3bc ./Drivers/STM32H7xx_HAL_Driver/Src/stm32h7xx_hal_fdcan.o
                0x00000000080010e8                HAL_FDCAN_Init
 .text.HAL_FDCAN_Start
                0x00000000080014a4       0x56 ./Drivers/STM32H7xx_HAL_Driver/Src/stm32h7xx_hal_fdcan.o
                0x00000000080014a4                HAL_FDCAN_Start
 .text.HAL_FDCAN_AddMessageToTxFifoQ
                0x00000000080014fa       0xb6 ./Drivers/STM32H7xx_HAL_Driver/Src/stm32h7xx_hal_fdcan.o
                0x00000000080014fa                HAL_FDCAN_AddMessageToTxFifoQ
 .text.HAL_FDCAN_GetRxMessage
                0x00000000080015b0      0x2dc ./Drivers/STM32H7xx_HAL_Driver/Src/stm32h7xx_hal_fdcan.o
                0x00000000080015b0                HAL_FDCAN_GetRxMessage
 .text.HAL_FDCAN_ActivateNotification
                0x000000000800188c       0xf4 ./Drivers/STM32H7xx_HAL_Driver/Src/stm32h7xx_hal_fdcan.o
                0x000000000800188c                HAL_FDCAN_ActivateNotification
 .text.HAL_FDCAN_IRQHandler
                0x0000000008001980      0x4bc ./Drivers/STM32H7xx_HAL_Driver/Src/stm32h7xx_hal_fdcan.o
                0x0000000008001980                HAL_FDCAN_IRQHandler
 .text.HAL_FDCAN_ClockCalibrationCallback
                0x0000000008001e3c       0x16 ./Drivers/STM32H7xx_HAL_Driver/Src/stm32h7xx_hal_fdcan.o
                0x0000000008001e3c                HAL_FDCAN_ClockCalibrationCallback
 .text.HAL_FDCAN_TxEventFifoCallback
                0x0000000008001e52       0x16 ./Drivers/STM32H7xx_HAL_Driver/Src/stm32h7xx_hal_fdcan.o
                0x0000000008001e52                HAL_FDCAN_TxEventFifoCallback
 .text.HAL_FDCAN_RxFifo1Callback
                0x0000000008001e68       0x16 ./Drivers/STM32H7xx_HAL_Driver/Src/stm32h7xx_hal_fdcan.o
                0x0000000008001e68                HAL_FDCAN_RxFifo1Callback
 .text.HAL_FDCAN_TxFifoEmptyCallback
                0x0000000008001e7e       0x14 ./Drivers/STM32H7xx_HAL_Driver/Src/stm32h7xx_hal_fdcan.o
                0x0000000008001e7e                HAL_FDCAN_TxFifoEmptyCallback
 .text.HAL_FDCAN_TxBufferCompleteCallback
                0x0000000008001e92       0x16 ./Drivers/STM32H7xx_HAL_Driver/Src/stm32h7xx_hal_fdcan.o
                0x0000000008001e92                HAL_FDCAN_TxBufferCompleteCallback
 .text.HAL_FDCAN_TxBufferAbortCallback
                0x0000000008001ea8       0x16 ./Drivers/STM32H7xx_HAL_Driver/Src/stm32h7xx_hal_fdcan.o
                0x0000000008001ea8                HAL_FDCAN_TxBufferAbortCallback
 .text.HAL_FDCAN_RxBufferNewMessageCallback
                0x0000000008001ebe       0x14 ./Drivers/STM32H7xx_HAL_Driver/Src/stm32h7xx_hal_fdcan.o
                0x0000000008001ebe                HAL_FDCAN_RxBufferNewMessageCallback
 .text.HAL_FDCAN_TimestampWraparoundCallback
                0x0000000008001ed2       0x14 ./Drivers/STM32H7xx_HAL_Driver/Src/stm32h7xx_hal_fdcan.o
                0x0000000008001ed2                HAL_FDCAN_TimestampWraparoundCallback
 .text.HAL_FDCAN_TimeoutOccurredCallback
                0x0000000008001ee6       0x14 ./Drivers/STM32H7xx_HAL_Driver/Src/stm32h7xx_hal_fdcan.o
                0x0000000008001ee6                HAL_FDCAN_TimeoutOccurredCallback
 .text.HAL_FDCAN_HighPriorityMessageCallback
                0x0000000008001efa       0x14 ./Drivers/STM32H7xx_HAL_Driver/Src/stm32h7xx_hal_fdcan.o
                0x0000000008001efa                HAL_FDCAN_HighPriorityMessageCallback
 .text.HAL_FDCAN_ErrorCallback
                0x0000000008001f0e       0x14 ./Drivers/STM32H7xx_HAL_Driver/Src/stm32h7xx_hal_fdcan.o
                0x0000000008001f0e                HAL_FDCAN_ErrorCallback
 .text.HAL_FDCAN_ErrorStatusCallback
                0x0000000008001f22       0x16 ./Drivers/STM32H7xx_HAL_Driver/Src/stm32h7xx_hal_fdcan.o
                0x0000000008001f22                HAL_FDCAN_ErrorStatusCallback
 .text.HAL_FDCAN_TT_ScheduleSyncCallback
                0x0000000008001f38       0x16 ./Drivers/STM32H7xx_HAL_Driver/Src/stm32h7xx_hal_fdcan.o
                0x0000000008001f38                HAL_FDCAN_TT_ScheduleSyncCallback
 .text.HAL_FDCAN_TT_TimeMarkCallback
                0x0000000008001f4e       0x16 ./Drivers/STM32H7xx_HAL_Driver/Src/stm32h7xx_hal_fdcan.o
                0x0000000008001f4e                HAL_FDCAN_TT_TimeMarkCallback
 .text.HAL_FDCAN_TT_StopWatchCallback
                0x0000000008001f64       0x18 ./Drivers/STM32H7xx_HAL_Driver/Src/stm32h7xx_hal_fdcan.o
                0x0000000008001f64                HAL_FDCAN_TT_StopWatchCallback
 .text.HAL_FDCAN_TT_GlobalTimeCallback
                0x0000000008001f7c       0x16 ./Drivers/STM32H7xx_HAL_Driver/Src/stm32h7xx_hal_fdcan.o
                0x0000000008001f7c                HAL_FDCAN_TT_GlobalTimeCallback
 *fill*         0x0000000008001f92        0x2 
 .text.FDCAN_CalcultateRamBlockAddresses
                0x0000000008001f94      0x30c ./Drivers/STM32H7xx_HAL_Driver/Src/stm32h7xx_hal_fdcan.o
 .text.FDCAN_CopyMessageToRAM
                0x00000000080022a0       0xfc ./Drivers/STM32H7xx_HAL_Driver/Src/stm32h7xx_hal_fdcan.o
 .text.HAL_GPIO_Init
                0x000000000800239c      0x360 ./Drivers/STM32H7xx_HAL_Driver/Src/stm32h7xx_hal_gpio.o
                0x000000000800239c                HAL_GPIO_Init
 .text.HAL_GPIO_WritePin
                0x00000000080026fc       0x32 ./Drivers/STM32H7xx_HAL_Driver/Src/stm32h7xx_hal_gpio.o
                0x00000000080026fc                HAL_GPIO_WritePin
 .text.HAL_GPIO_TogglePin
                0x000000000800272e       0x34 ./Drivers/STM32H7xx_HAL_Driver/Src/stm32h7xx_hal_gpio.o
                0x000000000800272e                HAL_GPIO_TogglePin
 *fill*         0x0000000008002762        0x2 
 .text.HAL_PWREx_ConfigSupply
                0x0000000008002764       0x74 ./Drivers/STM32H7xx_HAL_Driver/Src/stm32h7xx_hal_pwr_ex.o
                0x0000000008002764                HAL_PWREx_ConfigSupply
 .text.HAL_RCC_OscConfig
                0x00000000080027d8      0x85c ./Drivers/STM32H7xx_HAL_Driver/Src/stm32h7xx_hal_rcc.o
                0x00000000080027d8                HAL_RCC_OscConfig
 .text.HAL_RCC_ClockConfig
                0x0000000008003034      0x36c ./Drivers/STM32H7xx_HAL_Driver/Src/stm32h7xx_hal_rcc.o
                0x0000000008003034                HAL_RCC_ClockConfig
 .text.HAL_RCC_GetSysClockFreq
                0x00000000080033a0      0x2f4 ./Drivers/STM32H7xx_HAL_Driver/Src/stm32h7xx_hal_rcc.o
                0x00000000080033a0                HAL_RCC_GetSysClockFreq
 .text.HAL_RCCEx_PeriphCLKConfig
                0x0000000008003694      0xe8c ./Drivers/STM32H7xx_HAL_Driver/Src/stm32h7xx_hal_rcc_ex.o
                0x0000000008003694                HAL_RCCEx_PeriphCLKConfig
 .text.RCCEx_PLL2_Config
                0x0000000008004520      0x164 ./Drivers/STM32H7xx_HAL_Driver/Src/stm32h7xx_hal_rcc_ex.o
 .text.RCCEx_PLL3_Config
                0x0000000008004684      0x164 ./Drivers/STM32H7xx_HAL_Driver/Src/stm32h7xx_hal_rcc_ex.o
 .text.__errno  0x00000000080047e8        0xc c:/st/stm32cubeide_1.9.0/stm32cubeide/plugins/com.st.stm32cube.ide.mcu.externaltools.gnu-tools-for-stm32.10.3-2021.10.win32_1.0.0.202111181127/tools/bin/../lib/gcc/arm-none-eabi/10.3.1/../../../../arm-none-eabi/lib/thumb/v7e-m+dp/hard\libc_nano.a(lib_a-errno.o)
                0x00000000080047e8                __errno
 .text.__libc_init_array
                0x00000000080047f4       0x48 c:/st/stm32cubeide_1.9.0/stm32cubeide/plugins/com.st.stm32cube.ide.mcu.externaltools.gnu-tools-for-stm32.10.3-2021.10.win32_1.0.0.202111181127/tools/bin/../lib/gcc/arm-none-eabi/10.3.1/../../../../arm-none-eabi/lib/thumb/v7e-m+dp/hard\libc_nano.a(lib_a-init.o)
                0x00000000080047f4                __libc_init_array
 .text.malloc   0x000000000800483c       0x10 c:/st/stm32cubeide_1.9.0/stm32cubeide/plugins/com.st.stm32cube.ide.mcu.externaltools.gnu-tools-for-stm32.10.3-2021.10.win32_1.0.0.202111181127/tools/bin/../lib/gcc/arm-none-eabi/10.3.1/../../../../arm-none-eabi/lib/thumb/v7e-m+dp/hard\libc_nano.a(lib_a-malloc.o)
                0x000000000800483c                malloc
 .text.free     0x000000000800484c       0x10 c:/st/stm32cubeide_1.9.0/stm32cubeide/plugins/com.st.stm32cube.ide.mcu.externaltools.gnu-tools-for-stm32.10.3-2021.10.win32_1.0.0.202111181127/tools/bin/../lib/gcc/arm-none-eabi/10.3.1/../../../../arm-none-eabi/lib/thumb/v7e-m+dp/hard\libc_nano.a(lib_a-malloc.o)
                0x000000000800484c                free
 .text.memcpy   0x000000000800485c       0x1c c:/st/stm32cubeide_1.9.0/stm32cubeide/plugins/com.st.stm32cube.ide.mcu.externaltools.gnu-tools-for-stm32.10.3-2021.10.win32_1.0.0.202111181127/tools/bin/../lib/gcc/arm-none-eabi/10.3.1/../../../../arm-none-eabi/lib/thumb/v7e-m+dp/hard\libc_nano.a(lib_a-memcpy-stub.o)
                0x000000000800485c                memcpy
 .text.memset   0x0000000008004878       0x10 c:/st/stm32cubeide_1.9.0/stm32cubeide/plugins/com.st.stm32cube.ide.mcu.externaltools.gnu-tools-for-stm32.10.3-2021.10.win32_1.0.0.202111181127/tools/bin/../lib/gcc/arm-none-eabi/10.3.1/../../../../arm-none-eabi/lib/thumb/v7e-m+dp/hard\libc_nano.a(lib_a-memset.o)
                0x0000000008004878                memset
 .text._free_r  0x0000000008004888       0x98 c:/st/stm32cubeide_1.9.0/stm32cubeide/plugins/com.st.stm32cube.ide.mcu.externaltools.gnu-tools-for-stm32.10.3-2021.10.win32_1.0.0.202111181127/tools/bin/../lib/gcc/arm-none-eabi/10.3.1/../../../../arm-none-eabi/lib/thumb/v7e-m+dp/hard\libc_nano.a(lib_a-nano-freer.o)
                0x0000000008004888                _free_r
 .text.sbrk_aligned
                0x0000000008004920       0x40 c:/st/stm32cubeide_1.9.0/stm32cubeide/plugins/com.st.stm32cube.ide.mcu.externaltools.gnu-tools-for-stm32.10.3-2021.10.win32_1.0.0.202111181127/tools/bin/../lib/gcc/arm-none-eabi/10.3.1/../../../../arm-none-eabi/lib/thumb/v7e-m+dp/hard\libc_nano.a(lib_a-nano-mallocr.o)
 .text._malloc_r
                0x0000000008004960       0xe8 c:/st/stm32cubeide_1.9.0/stm32cubeide/plugins/com.st.stm32cube.ide.mcu.externaltools.gnu-tools-for-stm32.10.3-2021.10.win32_1.0.0.202111181127/tools/bin/../lib/gcc/arm-none-eabi/10.3.1/../../../../arm-none-eabi/lib/thumb/v7e-m+dp/hard\libc_nano.a(lib_a-nano-mallocr.o)
                0x0000000008004960                _malloc_r
 .text._sbrk_r  0x0000000008004a48       0x20 c:/st/stm32cubeide_1.9.0/stm32cubeide/plugins/com.st.stm32cube.ide.mcu.externaltools.gnu-tools-for-stm32.10.3-2021.10.win32_1.0.0.202111181127/tools/bin/../lib/gcc/arm-none-eabi/10.3.1/../../../../arm-none-eabi/lib/thumb/v7e-m+dp/hard\libc_nano.a(lib_a-sbrkr.o)
                0x0000000008004a48                _sbrk_r
 .text.__malloc_lock
                0x0000000008004a68        0xc c:/st/stm32cubeide_1.9.0/stm32cubeide/plugins/com.st.stm32cube.ide.mcu.externaltools.gnu-tools-for-stm32.10.3-2021.10.win32_1.0.0.202111181127/tools/bin/../lib/gcc/arm-none-eabi/10.3.1/../../../../arm-none-eabi/lib/thumb/v7e-m+dp/hard\libc_nano.a(lib_a-mlock.o)
                0x0000000008004a68                __malloc_lock
 .text.__malloc_unlock
                0x0000000008004a74        0xc c:/st/stm32cubeide_1.9.0/stm32cubeide/plugins/com.st.stm32cube.ide.mcu.externaltools.gnu-tools-for-stm32.10.3-2021.10.win32_1.0.0.202111181127/tools/bin/../lib/gcc/arm-none-eabi/10.3.1/../../../../arm-none-eabi/lib/thumb/v7e-m+dp/hard\libc_nano.a(lib_a-mlock.o)
                0x0000000008004a74                __malloc_unlock
 .text.__retarget_lock_acquire_recursive
                0x0000000008004a80        0x2 c:/st/stm32cubeide_1.9.0/stm32cubeide/plugins/com.st.stm32cube.ide.mcu.externaltools.gnu-tools-for-stm32.10.3-2021.10.win32_1.0.0.202111181127/tools/bin/../lib/gcc/arm-none-eabi/10.3.1/../../../../arm-none-eabi/lib/thumb/v7e-m+dp/hard\libc_nano.a(lib_a-lock.o)
                0x0000000008004a80                __retarget_lock_acquire_recursive
 .text.__retarget_lock_release_recursive
                0x0000000008004a82        0x2 c:/st/stm32cubeide_1.9.0/stm32cubeide/plugins/com.st.stm32cube.ide.mcu.externaltools.gnu-tools-for-stm32.10.3-2021.10.win32_1.0.0.202111181127/tools/bin/../lib/gcc/arm-none-eabi/10.3.1/../../../../arm-none-eabi/lib/thumb/v7e-m+dp/hard\libc_nano.a(lib_a-lock.o)
                0x0000000008004a82                __retarget_lock_release_recursive
 *(.glue_7)
 .glue_7        0x0000000008004a84        0x0 linker stubs
 *(.glue_7t)
 .glue_7t       0x0000000008004a84        0x0 linker stubs
 *(.eh_frame)
 .eh_frame      0x0000000008004a84        0x0 c:/st/stm32cubeide_1.9.0/stm32cubeide/plugins/com.st.stm32cube.ide.mcu.externaltools.gnu-tools-for-stm32.10.3-2021.10.win32_1.0.0.202111181127/tools/bin/../lib/gcc/arm-none-eabi/10.3.1/thumb/v7e-m+dp/hard/crtbegin.o
 *(.init)
 .init          0x0000000008004a84        0x4 c:/st/stm32cubeide_1.9.0/stm32cubeide/plugins/com.st.stm32cube.ide.mcu.externaltools.gnu-tools-for-stm32.10.3-2021.10.win32_1.0.0.202111181127/tools/bin/../lib/gcc/arm-none-eabi/10.3.1/thumb/v7e-m+dp/hard/crti.o
                0x0000000008004a84                _init
 .init          0x0000000008004a88        0x8 c:/st/stm32cubeide_1.9.0/stm32cubeide/plugins/com.st.stm32cube.ide.mcu.externaltools.gnu-tools-for-stm32.10.3-2021.10.win32_1.0.0.202111181127/tools/bin/../lib/gcc/arm-none-eabi/10.3.1/thumb/v7e-m+dp/hard/crtn.o
 *(.fini)
 .fini          0x0000000008004a90        0x4 c:/st/stm32cubeide_1.9.0/stm32cubeide/plugins/com.st.stm32cube.ide.mcu.externaltools.gnu-tools-for-stm32.10.3-2021.10.win32_1.0.0.202111181127/tools/bin/../lib/gcc/arm-none-eabi/10.3.1/thumb/v7e-m+dp/hard/crti.o
                0x0000000008004a90                _fini
 .fini          0x0000000008004a94        0x8 c:/st/stm32cubeide_1.9.0/stm32cubeide/plugins/com.st.stm32cube.ide.mcu.externaltools.gnu-tools-for-stm32.10.3-2021.10.win32_1.0.0.202111181127/tools/bin/../lib/gcc/arm-none-eabi/10.3.1/thumb/v7e-m+dp/hard/crtn.o
                0x0000000008004a9c                . = ALIGN (0x4)
                0x0000000008004a9c                _etext = .

.vfp11_veneer   0x0000000008004a9c        0x0
 .vfp11_veneer  0x0000000008004a9c        0x0 linker stubs

.v4_bx          0x0000000008004a9c        0x0
 .v4_bx         0x0000000008004a9c        0x0 linker stubs

.iplt           0x0000000008004a9c        0x0
 .iplt          0x0000000008004a9c        0x0 c:/st/stm32cubeide_1.9.0/stm32cubeide/plugins/com.st.stm32cube.ide.mcu.externaltools.gnu-tools-for-stm32.10.3-2021.10.win32_1.0.0.202111181127/tools/bin/../lib/gcc/arm-none-eabi/10.3.1/thumb/v7e-m+dp/hard/crtbegin.o

.rodata         0x0000000008004a9c       0x6c
                0x0000000008004a9c                . = ALIGN (0x4)
 *(.rodata)
 .rodata        0x0000000008004a9c       0x4c ./Drivers/STM32H7xx_HAL_Driver/Src/stm32h7xx_hal_fdcan.o
 *(.rodata*)
 .rodata.D1CorePrescTable
                0x0000000008004ae8       0x10 ./Core/Src/system_stm32h7xx.o
                0x0000000008004ae8                D1CorePrescTable
 .rodata.DLCtoBytes
                0x0000000008004af8       0x10 ./Drivers/STM32H7xx_HAL_Driver/Src/stm32h7xx_hal_fdcan.o
                0x0000000008004b08                . = ALIGN (0x4)

.rel.dyn        0x0000000008004b08        0x0
 .rel.iplt      0x0000000008004b08        0x0 c:/st/stm32cubeide_1.9.0/stm32cubeide/plugins/com.st.stm32cube.ide.mcu.externaltools.gnu-tools-for-stm32.10.3-2021.10.win32_1.0.0.202111181127/tools/bin/../lib/gcc/arm-none-eabi/10.3.1/thumb/v7e-m+dp/hard/crtbegin.o

.ARM.extab
 *(.ARM.extab* .gnu.linkonce.armextab.*)

.ARM            0x0000000008004b08        0x0
                0x0000000008004b08                __exidx_start = .
 *(.ARM.exidx*)
                0x0000000008004b08                __exidx_end = .

.preinit_array  0x0000000008004b08        0x0
                0x0000000008004b08                PROVIDE (__preinit_array_start = .)
 *(.preinit_array*)
                0x0000000008004b08                PROVIDE (__preinit_array_end = .)

.init_array     0x0000000008004b08        0x4
                0x0000000008004b08                PROVIDE (__init_array_start = .)
 *(SORT_BY_NAME(.init_array.*))
 *(.init_array*)
 .init_array    0x0000000008004b08        0x4 c:/st/stm32cubeide_1.9.0/stm32cubeide/plugins/com.st.stm32cube.ide.mcu.externaltools.gnu-tools-for-stm32.10.3-2021.10.win32_1.0.0.202111181127/tools/bin/../lib/gcc/arm-none-eabi/10.3.1/thumb/v7e-m+dp/hard/crtbegin.o
                0x0000000008004b0c                PROVIDE (__init_array_end = .)

.fini_array     0x0000000008004b0c        0x4
                [!provide]                        PROVIDE (__fini_array_start = .)
 *(SORT_BY_NAME(.fini_array.*))
 *(.fini_array*)
 .fini_array    0x0000000008004b0c        0x4 c:/st/stm32cubeide_1.9.0/stm32cubeide/plugins/com.st.stm32cube.ide.mcu.externaltools.gnu-tools-for-stm32.10.3-2021.10.win32_1.0.0.202111181127/tools/bin/../lib/gcc/arm-none-eabi/10.3.1/thumb/v7e-m+dp/hard/crtbegin.o
                [!provide]                        PROVIDE (__fini_array_end = .)
                0x0000000008004b10                _sidata = LOADADDR (.data)

.data           0x0000000024000000       0x74 load address 0x0000000008004b10
                0x0000000024000000                . = ALIGN (0x4)
                0x0000000024000000                _sdata = .
 *(.data)
 *(.data*)
 .data.SystemCoreClock
                0x0000000024000000        0x4 ./Core/Src/system_stm32h7xx.o
                0x0000000024000000                SystemCoreClock
 .data.SystemD2Clock
                0x0000000024000004        0x4 ./Core/Src/system_stm32h7xx.o
                0x0000000024000004                SystemD2Clock
 .data.uwTickPrio
                0x0000000024000008        0x4 ./Drivers/STM32H7xx_HAL_Driver/Src/stm32h7xx_hal.o
                0x0000000024000008                uwTickPrio
 .data.uwTickFreq
                0x000000002400000c        0x1 ./Drivers/STM32H7xx_HAL_Driver/Src/stm32h7xx_hal.o
                0x000000002400000c                uwTickFreq
 *fill*         0x000000002400000d        0x3 
 .data._impure_ptr
                0x0000000024000010        0x4 c:/st/stm32cubeide_1.9.0/stm32cubeide/plugins/com.st.stm32cube.ide.mcu.externaltools.gnu-tools-for-stm32.10.3-2021.10.win32_1.0.0.202111181127/tools/bin/../lib/gcc/arm-none-eabi/10.3.1/../../../../arm-none-eabi/lib/thumb/v7e-m+dp/hard\libc_nano.a(lib_a-impure.o)
                0x0000000024000010                _impure_ptr
 .data.impure_data
                0x0000000024000014       0x60 c:/st/stm32cubeide_1.9.0/stm32cubeide/plugins/com.st.stm32cube.ide.mcu.externaltools.gnu-tools-for-stm32.10.3-2021.10.win32_1.0.0.202111181127/tools/bin/../lib/gcc/arm-none-eabi/10.3.1/../../../../arm-none-eabi/lib/thumb/v7e-m+dp/hard\libc_nano.a(lib_a-impure.o)
 *(.RamFunc)
 *(.RamFunc*)
                0x0000000024000074                . = ALIGN (0x4)
                0x0000000024000074                _edata = .

.igot.plt       0x0000000024000074        0x0 load address 0x0000000008004b84
 .igot.plt      0x0000000024000074        0x0 c:/st/stm32cubeide_1.9.0/stm32cubeide/plugins/com.st.stm32cube.ide.mcu.externaltools.gnu-tools-for-stm32.10.3-2021.10.win32_1.0.0.202111181127/tools/bin/../lib/gcc/arm-none-eabi/10.3.1/thumb/v7e-m+dp/hard/crtbegin.o
                0x0000000024000074                . = ALIGN (0x4)

.bss            0x0000000024000078      0xa90 load address 0x0000000008004b84
                0x0000000024000078                _sbss = .
                0x0000000024000078                __bss_start__ = _sbss
 *(.bss)
 .bss           0x0000000024000078       0x1c c:/st/stm32cubeide_1.9.0/stm32cubeide/plugins/com.st.stm32cube.ide.mcu.externaltools.gnu-tools-for-stm32.10.3-2021.10.win32_1.0.0.202111181127/tools/bin/../lib/gcc/arm-none-eabi/10.3.1/thumb/v7e-m+dp/hard/crtbegin.o
 *(.bss*)
 .bss.CAN_stream
                0x0000000024000094      0x960 ./Core/Src/CAN.o
                0x0000000024000094                CAN_stream
 .bss.TxHeader  0x00000000240009f4       0x24 ./Core/Src/CAN.o
                0x00000000240009f4                TxHeader
 .bss.RxHeader  0x0000000024000a18       0x28 ./Core/Src/CAN.o
                0x0000000024000a18                RxHeader
 .bss.RxData    0x0000000024000a40        0x8 ./Core/Src/CAN.o
                0x0000000024000a40                RxData
 .bss.hfdcan1   0x0000000024000a48       0xa0 ./Core/Src/main.o
                0x0000000024000a48                hfdcan1
 .bss.TxData1   0x0000000024000ae8        0x8 ./Core/Src/main.o
                0x0000000024000ae8                TxData1
 .bss.__sbrk_heap_end
                0x0000000024000af0        0x4 ./Core/Src/sysmem.o
 .bss.uwTick    0x0000000024000af4        0x4 ./Drivers/STM32H7xx_HAL_Driver/Src/stm32h7xx_hal.o
                0x0000000024000af4                uwTick
 .bss.__malloc_free_list
                0x0000000024000af8        0x4 c:/st/stm32cubeide_1.9.0/stm32cubeide/plugins/com.st.stm32cube.ide.mcu.externaltools.gnu-tools-for-stm32.10.3-2021.10.win32_1.0.0.202111181127/tools/bin/../lib/gcc/arm-none-eabi/10.3.1/../../../../arm-none-eabi/lib/thumb/v7e-m+dp/hard\libc_nano.a(lib_a-nano-mallocr.o)
                0x0000000024000af8                __malloc_free_list
 .bss.__malloc_sbrk_start
                0x0000000024000afc        0x4 c:/st/stm32cubeide_1.9.0/stm32cubeide/plugins/com.st.stm32cube.ide.mcu.externaltools.gnu-tools-for-stm32.10.3-2021.10.win32_1.0.0.202111181127/tools/bin/../lib/gcc/arm-none-eabi/10.3.1/../../../../arm-none-eabi/lib/thumb/v7e-m+dp/hard\libc_nano.a(lib_a-nano-mallocr.o)
                0x0000000024000afc                __malloc_sbrk_start
 .bss.errno     0x0000000024000b00        0x4 c:/st/stm32cubeide_1.9.0/stm32cubeide/plugins/com.st.stm32cube.ide.mcu.externaltools.gnu-tools-for-stm32.10.3-2021.10.win32_1.0.0.202111181127/tools/bin/../lib/gcc/arm-none-eabi/10.3.1/../../../../arm-none-eabi/lib/thumb/v7e-m+dp/hard\libc_nano.a(lib_a-reent.o)
                0x0000000024000b00                errno
 .bss.__lock___malloc_recursive_mutex
                0x0000000024000b04        0x1 c:/st/stm32cubeide_1.9.0/stm32cubeide/plugins/com.st.stm32cube.ide.mcu.externaltools.gnu-tools-for-stm32.10.3-2021.10.win32_1.0.0.202111181127/tools/bin/../lib/gcc/arm-none-eabi/10.3.1/../../../../arm-none-eabi/lib/thumb/v7e-m+dp/hard\libc_nano.a(lib_a-lock.o)
                0x0000000024000b04                __lock___malloc_recursive_mutex
 *(COMMON)
                0x0000000024000b08                . = ALIGN (0x4)
 *fill*         0x0000000024000b05        0x3 
                0x0000000024000b08                _ebss = .
                0x0000000024000b08                __bss_end__ = _ebss

._user_heap_stack
                0x0000000024000b08      0x600 load address 0x0000000008004b84
                0x0000000024000b08                . = ALIGN (0x8)
                [!provide]                        PROVIDE (end = .)
                0x0000000024000b08                PROVIDE (_end = .)
                0x0000000024000d08                . = (. + _Min_Heap_Size)
 *fill*         0x0000000024000b08      0x200 
                0x0000000024001108                . = (. + _Min_Stack_Size)
 *fill*         0x0000000024000d08      0x400 
                0x0000000024001108                . = ALIGN (0x8)

/DISCARD/
 libc.a(*)
 libm.a(*)
 libgcc.a(*)

.ARM.attributes
                0x0000000000000000       0x2e
 *(.ARM.attributes)
 .ARM.attributes
                0x0000000000000000       0x1e c:/st/stm32cubeide_1.9.0/stm32cubeide/plugins/com.st.stm32cube.ide.mcu.externaltools.gnu-tools-for-stm32.10.3-2021.10.win32_1.0.0.202111181127/tools/bin/../lib/gcc/arm-none-eabi/10.3.1/thumb/v7e-m+dp/hard/crti.o
 .ARM.attributes
                0x000000000000001e       0x32 c:/st/stm32cubeide_1.9.0/stm32cubeide/plugins/com.st.stm32cube.ide.mcu.externaltools.gnu-tools-for-stm32.10.3-2021.10.win32_1.0.0.202111181127/tools/bin/../lib/gcc/arm-none-eabi/10.3.1/thumb/v7e-m+dp/hard/crtbegin.o
 .ARM.attributes
                0x0000000000000050       0x32 ./Core/Src/CAN.o
 .ARM.attributes
                0x0000000000000082       0x32 ./Core/Src/main.o
 .ARM.attributes
                0x00000000000000b4       0x32 ./Core/Src/stm32h7xx_hal_msp.o
 .ARM.attributes
                0x00000000000000e6       0x32 ./Core/Src/stm32h7xx_it.o
 .ARM.attributes
                0x0000000000000118       0x32 ./Core/Src/sysmem.o
 .ARM.attributes
                0x000000000000014a       0x32 ./Core/Src/system_stm32h7xx.o
 .ARM.attributes
                0x000000000000017c       0x21 ./Core/Startup/startup_stm32h743vitx.o
 .ARM.attributes
                0x000000000000019d       0x32 ./Drivers/STM32H7xx_HAL_Driver/Src/stm32h7xx_hal.o
 .ARM.attributes
                0x00000000000001cf       0x32 ./Drivers/STM32H7xx_HAL_Driver/Src/stm32h7xx_hal_cortex.o
 .ARM.attributes
                0x0000000000000201       0x32 ./Drivers/STM32H7xx_HAL_Driver/Src/stm32h7xx_hal_fdcan.o
 .ARM.attributes
                0x0000000000000233       0x32 ./Drivers/STM32H7xx_HAL_Driver/Src/stm32h7xx_hal_gpio.o
 .ARM.attributes
                0x0000000000000265       0x32 ./Drivers/STM32H7xx_HAL_Driver/Src/stm32h7xx_hal_pwr_ex.o
 .ARM.attributes
                0x0000000000000297       0x32 ./Drivers/STM32H7xx_HAL_Driver/Src/stm32h7xx_hal_rcc.o
 .ARM.attributes
                0x00000000000002c9       0x32 ./Drivers/STM32H7xx_HAL_Driver/Src/stm32h7xx_hal_rcc_ex.o
 .ARM.attributes
                0x00000000000002fb       0x32 c:/st/stm32cubeide_1.9.0/stm32cubeide/plugins/com.st.stm32cube.ide.mcu.externaltools.gnu-tools-for-stm32.10.3-2021.10.win32_1.0.0.202111181127/tools/bin/../lib/gcc/arm-none-eabi/10.3.1/../../../../arm-none-eabi/lib/thumb/v7e-m+dp/hard\libc_nano.a(lib_a-errno.o)
 .ARM.attributes
                0x000000000000032d       0x32 c:/st/stm32cubeide_1.9.0/stm32cubeide/plugins/com.st.stm32cube.ide.mcu.externaltools.gnu-tools-for-stm32.10.3-2021.10.win32_1.0.0.202111181127/tools/bin/../lib/gcc/arm-none-eabi/10.3.1/../../../../arm-none-eabi/lib/thumb/v7e-m+dp/hard\libc_nano.a(lib_a-impure.o)
 .ARM.attributes
                0x000000000000035f       0x32 c:/st/stm32cubeide_1.9.0/stm32cubeide/plugins/com.st.stm32cube.ide.mcu.externaltools.gnu-tools-for-stm32.10.3-2021.10.win32_1.0.0.202111181127/tools/bin/../lib/gcc/arm-none-eabi/10.3.1/../../../../arm-none-eabi/lib/thumb/v7e-m+dp/hard\libc_nano.a(lib_a-init.o)
 .ARM.attributes
                0x0000000000000391       0x32 c:/st/stm32cubeide_1.9.0/stm32cubeide/plugins/com.st.stm32cube.ide.mcu.externaltools.gnu-tools-for-stm32.10.3-2021.10.win32_1.0.0.202111181127/tools/bin/../lib/gcc/arm-none-eabi/10.3.1/../../../../arm-none-eabi/lib/thumb/v7e-m+dp/hard\libc_nano.a(lib_a-malloc.o)
 .ARM.attributes
                0x00000000000003c3       0x32 c:/st/stm32cubeide_1.9.0/stm32cubeide/plugins/com.st.stm32cube.ide.mcu.externaltools.gnu-tools-for-stm32.10.3-2021.10.win32_1.0.0.202111181127/tools/bin/../lib/gcc/arm-none-eabi/10.3.1/../../../../arm-none-eabi/lib/thumb/v7e-m+dp/hard\libc_nano.a(lib_a-memcpy-stub.o)
 .ARM.attributes
                0x00000000000003f5       0x32 c:/st/stm32cubeide_1.9.0/stm32cubeide/plugins/com.st.stm32cube.ide.mcu.externaltools.gnu-tools-for-stm32.10.3-2021.10.win32_1.0.0.202111181127/tools/bin/../lib/gcc/arm-none-eabi/10.3.1/../../../../arm-none-eabi/lib/thumb/v7e-m+dp/hard\libc_nano.a(lib_a-memset.o)
 .ARM.attributes
                0x0000000000000427       0x32 c:/st/stm32cubeide_1.9.0/stm32cubeide/plugins/com.st.stm32cube.ide.mcu.externaltools.gnu-tools-for-stm32.10.3-2021.10.win32_1.0.0.202111181127/tools/bin/../lib/gcc/arm-none-eabi/10.3.1/../../../../arm-none-eabi/lib/thumb/v7e-m+dp/hard\libc_nano.a(lib_a-nano-freer.o)
 .ARM.attributes
                0x0000000000000459       0x32 c:/st/stm32cubeide_1.9.0/stm32cubeide/plugins/com.st.stm32cube.ide.mcu.externaltools.gnu-tools-for-stm32.10.3-2021.10.win32_1.0.0.202111181127/tools/bin/../lib/gcc/arm-none-eabi/10.3.1/../../../../arm-none-eabi/lib/thumb/v7e-m+dp/hard\libc_nano.a(lib_a-nano-mallocr.o)
 .ARM.attributes
                0x000000000000048b       0x32 c:/st/stm32cubeide_1.9.0/stm32cubeide/plugins/com.st.stm32cube.ide.mcu.externaltools.gnu-tools-for-stm32.10.3-2021.10.win32_1.0.0.202111181127/tools/bin/../lib/gcc/arm-none-eabi/10.3.1/../../../../arm-none-eabi/lib/thumb/v7e-m+dp/hard\libc_nano.a(lib_a-sbrkr.o)
 .ARM.attributes
                0x00000000000004bd       0x32 c:/st/stm32cubeide_1.9.0/stm32cubeide/plugins/com.st.stm32cube.ide.mcu.externaltools.gnu-tools-for-stm32.10.3-2021.10.win32_1.0.0.202111181127/tools/bin/../lib/gcc/arm-none-eabi/10.3.1/../../../../arm-none-eabi/lib/thumb/v7e-m+dp/hard\libc_nano.a(lib_a-mlock.o)
 .ARM.attributes
                0x00000000000004ef       0x32 c:/st/stm32cubeide_1.9.0/stm32cubeide/plugins/com.st.stm32cube.ide.mcu.externaltools.gnu-tools-for-stm32.10.3-2021.10.win32_1.0.0.202111181127/tools/bin/../lib/gcc/arm-none-eabi/10.3.1/../../../../arm-none-eabi/lib/thumb/v7e-m+dp/hard\libc_nano.a(lib_a-reent.o)
 .ARM.attributes
                0x0000000000000521       0x32 c:/st/stm32cubeide_1.9.0/stm32cubeide/plugins/com.st.stm32cube.ide.mcu.externaltools.gnu-tools-for-stm32.10.3-2021.10.win32_1.0.0.202111181127/tools/bin/../lib/gcc/arm-none-eabi/10.3.1/../../../../arm-none-eabi/lib/thumb/v7e-m+dp/hard\libc_nano.a(lib_a-lock.o)
 .ARM.attributes
                0x0000000000000553       0x1e c:/st/stm32cubeide_1.9.0/stm32cubeide/plugins/com.st.stm32cube.ide.mcu.externaltools.gnu-tools-for-stm32.10.3-2021.10.win32_1.0.0.202111181127/tools/bin/../lib/gcc/arm-none-eabi/10.3.1/thumb/v7e-m+dp/hard/crtn.o
OUTPUT(FDCAN_library.elf elf32-littlearm)
LOAD linker stubs
LOAD c:/st/stm32cubeide_1.9.0/stm32cubeide/plugins/com.st.stm32cube.ide.mcu.externaltools.gnu-tools-for-stm32.10.3-2021.10.win32_1.0.0.202111181127/tools/bin/../lib/gcc/arm-none-eabi/10.3.1/../../../../arm-none-eabi/lib/thumb/v7e-m+dp/hard\libc.a
LOAD c:/st/stm32cubeide_1.9.0/stm32cubeide/plugins/com.st.stm32cube.ide.mcu.externaltools.gnu-tools-for-stm32.10.3-2021.10.win32_1.0.0.202111181127/tools/bin/../lib/gcc/arm-none-eabi/10.3.1/../../../../arm-none-eabi/lib/thumb/v7e-m+dp/hard\libm.a
LOAD c:/st/stm32cubeide_1.9.0/stm32cubeide/plugins/com.st.stm32cube.ide.mcu.externaltools.gnu-tools-for-stm32.10.3-2021.10.win32_1.0.0.202111181127/tools/bin/../lib/gcc/arm-none-eabi/10.3.1/thumb/v7e-m+dp/hard\libgcc.a

.debug_info     0x0000000000000000     0xe81d
 .debug_info    0x0000000000000000      0xf29 ./Core/Src/CAN.o
 .debug_info    0x0000000000000f29     0x1663 ./Core/Src/main.o
 .debug_info    0x000000000000258c     0x1543 ./Core/Src/stm32h7xx_hal_msp.o
 .debug_info    0x0000000000003acf      0x9ff ./Core/Src/stm32h7xx_it.o
 .debug_info    0x00000000000044ce      0x171 ./Core/Src/sysmem.o
 .debug_info    0x000000000000463f      0xd07 ./Core/Src/system_stm32h7xx.o
 .debug_info    0x0000000000005346       0x22 ./Core/Startup/startup_stm32h743vitx.o
 .debug_info    0x0000000000005368     0x15d7 ./Drivers/STM32H7xx_HAL_Driver/Src/stm32h7xx_hal.o
 .debug_info    0x000000000000693f     0x116d ./Drivers/STM32H7xx_HAL_Driver/Src/stm32h7xx_hal_cortex.o
 .debug_info    0x0000000000007aac     0x2dae ./Drivers/STM32H7xx_HAL_Driver/Src/stm32h7xx_hal_fdcan.o
 .debug_info    0x000000000000a85a      0xd28 ./Drivers/STM32H7xx_HAL_Driver/Src/stm32h7xx_hal_gpio.o
 .debug_info    0x000000000000b582     0x109d ./Drivers/STM32H7xx_HAL_Driver/Src/stm32h7xx_hal_pwr_ex.o
 .debug_info    0x000000000000c61f      0xf4a ./Drivers/STM32H7xx_HAL_Driver/Src/stm32h7xx_hal_rcc.o
 .debug_info    0x000000000000d569     0x12b4 ./Drivers/STM32H7xx_HAL_Driver/Src/stm32h7xx_hal_rcc_ex.o

.debug_abbrev   0x0000000000000000     0x1c55
 .debug_abbrev  0x0000000000000000      0x291 ./Core/Src/CAN.o
 .debug_abbrev  0x0000000000000291      0x2ac ./Core/Src/main.o
 .debug_abbrev  0x000000000000053d      0x1db ./Core/Src/stm32h7xx_hal_msp.o
 .debug_abbrev  0x0000000000000718      0x170 ./Core/Src/stm32h7xx_it.o
 .debug_abbrev  0x0000000000000888       0xbb ./Core/Src/sysmem.o
 .debug_abbrev  0x0000000000000943      0x147 ./Core/Src/system_stm32h7xx.o
 .debug_abbrev  0x0000000000000a8a       0x12 ./Core/Startup/startup_stm32h743vitx.o
 .debug_abbrev  0x0000000000000a9c      0x289 ./Drivers/STM32H7xx_HAL_Driver/Src/stm32h7xx_hal.o
 .debug_abbrev  0x0000000000000d25      0x329 ./Drivers/STM32H7xx_HAL_Driver/Src/stm32h7xx_hal_cortex.o
 .debug_abbrev  0x000000000000104e      0x278 ./Drivers/STM32H7xx_HAL_Driver/Src/stm32h7xx_hal_fdcan.o
 .debug_abbrev  0x00000000000012c6      0x1ec ./Drivers/STM32H7xx_HAL_Driver/Src/stm32h7xx_hal_gpio.o
 .debug_abbrev  0x00000000000014b2      0x28f ./Drivers/STM32H7xx_HAL_Driver/Src/stm32h7xx_hal_pwr_ex.o
 .debug_abbrev  0x0000000000001741      0x2b8 ./Drivers/STM32H7xx_HAL_Driver/Src/stm32h7xx_hal_rcc.o
 .debug_abbrev  0x00000000000019f9      0x25c ./Drivers/STM32H7xx_HAL_Driver/Src/stm32h7xx_hal_rcc_ex.o

.debug_aranges  0x0000000000000000      0xac8
 .debug_aranges
                0x0000000000000000       0x60 ./Core/Src/CAN.o
 .debug_aranges
                0x0000000000000060       0x40 ./Core/Src/main.o
 .debug_aranges
                0x00000000000000a0       0x30 ./Core/Src/stm32h7xx_hal_msp.o
 .debug_aranges
                0x00000000000000d0       0x68 ./Core/Src/stm32h7xx_it.o
 .debug_aranges
                0x0000000000000138       0x20 ./Core/Src/sysmem.o
 .debug_aranges
                0x0000000000000158       0x28 ./Core/Src/system_stm32h7xx.o
 .debug_aranges
                0x0000000000000180       0x28 ./Core/Startup/startup_stm32h743vitx.o
 .debug_aranges
                0x00000000000001a8      0x198 ./Drivers/STM32H7xx_HAL_Driver/Src/stm32h7xx_hal.o
 .debug_aranges
                0x0000000000000340      0x120 ./Drivers/STM32H7xx_HAL_Driver/Src/stm32h7xx_hal_cortex.o
 .debug_aranges
                0x0000000000000460      0x338 ./Drivers/STM32H7xx_HAL_Driver/Src/stm32h7xx_hal_fdcan.o
 .debug_aranges
                0x0000000000000798       0x58 ./Drivers/STM32H7xx_HAL_Driver/Src/stm32h7xx_hal_gpio.o
 .debug_aranges
                0x00000000000007f0      0x158 ./Drivers/STM32H7xx_HAL_Driver/Src/stm32h7xx_hal_pwr_ex.o
 .debug_aranges
                0x0000000000000948       0x88 ./Drivers/STM32H7xx_HAL_Driver/Src/stm32h7xx_hal_rcc.o
 .debug_aranges
                0x00000000000009d0       0xf8 ./Drivers/STM32H7xx_HAL_Driver/Src/stm32h7xx_hal_rcc_ex.o

.debug_ranges   0x0000000000000000      0x9f0
 .debug_ranges  0x0000000000000000       0x50 ./Core/Src/CAN.o
 .debug_ranges  0x0000000000000050       0x30 ./Core/Src/main.o
 .debug_ranges  0x0000000000000080       0x20 ./Core/Src/stm32h7xx_hal_msp.o
 .debug_ranges  0x00000000000000a0       0x58 ./Core/Src/stm32h7xx_it.o
 .debug_ranges  0x00000000000000f8       0x10 ./Core/Src/sysmem.o
 .debug_ranges  0x0000000000000108       0x18 ./Core/Src/system_stm32h7xx.o
 .debug_ranges  0x0000000000000120       0x20 ./Core/Startup/startup_stm32h743vitx.o
 .debug_ranges  0x0000000000000140      0x188 ./Drivers/STM32H7xx_HAL_Driver/Src/stm32h7xx_hal.o
 .debug_ranges  0x00000000000002c8      0x110 ./Drivers/STM32H7xx_HAL_Driver/Src/stm32h7xx_hal_cortex.o
 .debug_ranges  0x00000000000003d8      0x328 ./Drivers/STM32H7xx_HAL_Driver/Src/stm32h7xx_hal_fdcan.o
 .debug_ranges  0x0000000000000700       0x48 ./Drivers/STM32H7xx_HAL_Driver/Src/stm32h7xx_hal_gpio.o
 .debug_ranges  0x0000000000000748      0x148 ./Drivers/STM32H7xx_HAL_Driver/Src/stm32h7xx_hal_pwr_ex.o
 .debug_ranges  0x0000000000000890       0x78 ./Drivers/STM32H7xx_HAL_Driver/Src/stm32h7xx_hal_rcc.o
 .debug_ranges  0x0000000000000908       0xe8 ./Drivers/STM32H7xx_HAL_Driver/Src/stm32h7xx_hal_rcc_ex.o

.debug_macro    0x0000000000000000    0x35d53
 .debug_macro   0x0000000000000000      0x2cd ./Core/Src/CAN.o
 .debug_macro   0x00000000000002cd      0xa90 ./Core/Src/CAN.o
 .debug_macro   0x0000000000000d5d       0x2e ./Core/Src/CAN.o
 .debug_macro   0x0000000000000d8b       0x3b ./Core/Src/CAN.o
 .debug_macro   0x0000000000000dc6       0x22 ./Core/Src/CAN.o
 .debug_macro   0x0000000000000de8       0x8e ./Core/Src/CAN.o
 .debug_macro   0x0000000000000e76       0x51 ./Core/Src/CAN.o
 .debug_macro   0x0000000000000ec7      0x103 ./Core/Src/CAN.o
 .debug_macro   0x0000000000000fca       0x6a ./Core/Src/CAN.o
 .debug_macro   0x0000000000001034      0x1df ./Core/Src/CAN.o
 .debug_macro   0x0000000000001213       0x1c ./Core/Src/CAN.o
 .debug_macro   0x000000000000122f       0x22 ./Core/Src/CAN.o
 .debug_macro   0x0000000000001251       0xfb ./Core/Src/CAN.o
 .debug_macro   0x000000000000134c     0x1305 ./Core/Src/CAN.o
 .debug_macro   0x0000000000002651      0x11f ./Core/Src/CAN.o
 .debug_macro   0x0000000000002770       0x27 ./Core/Src/CAN.o
 .debug_macro   0x0000000000002797    0x2587a ./Core/Src/CAN.o
 .debug_macro   0x0000000000028011       0x6d ./Core/Src/CAN.o
 .debug_macro   0x000000000002807e      0x232 ./Core/Src/CAN.o
 .debug_macro   0x00000000000282b0     0x3d22 ./Core/Src/CAN.o
 .debug_macro   0x000000000002bfd2      0x174 ./Core/Src/CAN.o
 .debug_macro   0x000000000002c146       0x52 ./Core/Src/CAN.o
 .debug_macro   0x000000000002c198       0x1d ./Core/Src/CAN.o
 .debug_macro   0x000000000002c1b5       0x3c ./Core/Src/CAN.o
 .debug_macro   0x000000000002c1f1       0x34 ./Core/Src/CAN.o
 .debug_macro   0x000000000002c225       0x16 ./Core/Src/CAN.o
 .debug_macro   0x000000000002c23b       0x43 ./Core/Src/CAN.o
 .debug_macro   0x000000000002c27e       0x34 ./Core/Src/CAN.o
 .debug_macro   0x000000000002c2b2       0x10 ./Core/Src/CAN.o
 .debug_macro   0x000000000002c2c2       0x58 ./Core/Src/CAN.o
 .debug_macro   0x000000000002c31a       0x71 ./Core/Src/CAN.o
 .debug_macro   0x000000000002c38b       0x1c ./Core/Src/CAN.o
 .debug_macro   0x000000000002c3a7      0x12a ./Core/Src/CAN.o
 .debug_macro   0x000000000002c4d1      0x341 ./Core/Src/CAN.o
 .debug_macro   0x000000000002c812      0x19b ./Core/Src/CAN.o
 .debug_macro   0x000000000002c9ad       0x5d ./Core/Src/CAN.o
 .debug_macro   0x000000000002ca0a     0x2382 ./Core/Src/CAN.o
 .debug_macro   0x000000000002ed8c     0x1002 ./Core/Src/CAN.o
 .debug_macro   0x000000000002fd8e      0x14d ./Core/Src/CAN.o
 .debug_macro   0x000000000002fedb      0x114 ./Core/Src/CAN.o
 .debug_macro   0x000000000002ffef      0x3b2 ./Core/Src/CAN.o
 .debug_macro   0x00000000000303a1       0xac ./Core/Src/CAN.o
 .debug_macro   0x000000000003044d      0x72d ./Core/Src/CAN.o
 .debug_macro   0x0000000000030b7a      0x228 ./Core/Src/CAN.o
 .debug_macro   0x0000000000030da2       0x66 ./Core/Src/CAN.o
 .debug_macro   0x0000000000030e08      0x3bb ./Core/Src/CAN.o
 .debug_macro   0x00000000000311c3      0x3e4 ./Core/Src/CAN.o
 .debug_macro   0x00000000000315a7      0x275 ./Core/Src/CAN.o
 .debug_macro   0x000000000003181c      0xe42 ./Core/Src/CAN.o
 .debug_macro   0x000000000003265e      0x3ca ./Core/Src/CAN.o
 .debug_macro   0x0000000000032a28      0x408 ./Core/Src/CAN.o
 .debug_macro   0x0000000000032e30       0x51 ./Core/Src/CAN.o
 .debug_macro   0x0000000000032e81       0x4a ./Core/Src/CAN.o
 .debug_macro   0x0000000000032ecb      0x22c ./Core/Src/CAN.o
 .debug_macro   0x00000000000330f7       0x67 ./Core/Src/CAN.o
 .debug_macro   0x000000000003315e       0xa5 ./Core/Src/CAN.o
 .debug_macro   0x0000000000033203      0x1c4 ./Core/Src/CAN.o
 .debug_macro   0x00000000000333c7      0x25e ./Core/Src/CAN.o
 .debug_macro   0x0000000000033625       0x35 ./Core/Src/CAN.o
 .debug_macro   0x000000000003365a      0x5a0 ./Core/Src/CAN.o
 .debug_macro   0x0000000000033bfa       0x16 ./Core/Src/CAN.o
 .debug_macro   0x0000000000033c10       0x35 ./Core/Src/CAN.o
 .debug_macro   0x0000000000033c45       0x16 ./Core/Src/CAN.o
 .debug_macro   0x0000000000033c5b       0x29 ./Core/Src/CAN.o
 .debug_macro   0x0000000000033c84      0x29c ./Core/Src/main.o
 .debug_macro   0x0000000000033f20       0x10 ./Core/Src/main.o
 .debug_macro   0x0000000000033f30      0x293 ./Core/Src/stm32h7xx_hal_msp.o
 .debug_macro   0x00000000000341c3      0x29d ./Core/Src/stm32h7xx_it.o
 .debug_macro   0x0000000000034460       0xff ./Core/Src/sysmem.o
 .debug_macro   0x000000000003455f      0x23b ./Core/Src/sysmem.o
 .debug_macro   0x000000000003479a      0x289 ./Core/Src/system_stm32h7xx.o
 .debug_macro   0x0000000000034a23      0x2b3 ./Drivers/STM32H7xx_HAL_Driver/Src/stm32h7xx_hal.o
 .debug_macro   0x0000000000034cd6      0x289 ./Drivers/STM32H7xx_HAL_Driver/Src/stm32h7xx_hal_cortex.o
 .debug_macro   0x0000000000034f5f      0x34e ./Drivers/STM32H7xx_HAL_Driver/Src/stm32h7xx_hal_fdcan.o
 .debug_macro   0x00000000000352ad      0x290 ./Drivers/STM32H7xx_HAL_Driver/Src/stm32h7xx_hal_gpio.o
 .debug_macro   0x000000000003553d      0x2c2 ./Drivers/STM32H7xx_HAL_Driver/Src/stm32h7xx_hal_pwr_ex.o
 .debug_macro   0x00000000000357ff      0x2ad ./Drivers/STM32H7xx_HAL_Driver/Src/stm32h7xx_hal_rcc.o
 .debug_macro   0x0000000000035aac      0x2a7 ./Drivers/STM32H7xx_HAL_Driver/Src/stm32h7xx_hal_rcc_ex.o

.debug_line     0x0000000000000000     0xbfda
 .debug_line    0x0000000000000000      0xace ./Core/Src/CAN.o
 .debug_line    0x0000000000000ace      0x947 ./Core/Src/main.o
 .debug_line    0x0000000000001415      0x85e ./Core/Src/stm32h7xx_hal_msp.o
 .debug_line    0x0000000000001c73      0x8d6 ./Core/Src/stm32h7xx_it.o
 .debug_line    0x0000000000002549      0x4e5 ./Core/Src/sysmem.o
 .debug_line    0x0000000000002a2e      0x9ab ./Core/Src/system_stm32h7xx.o
 .debug_line    0x00000000000033d9       0x88 ./Core/Startup/startup_stm32h743vitx.o
 .debug_line    0x0000000000003461      0xda9 ./Drivers/STM32H7xx_HAL_Driver/Src/stm32h7xx_hal.o
 .debug_line    0x000000000000420a      0xdaf ./Drivers/STM32H7xx_HAL_Driver/Src/stm32h7xx_hal_cortex.o
 .debug_line    0x0000000000004fb9     0x270a ./Drivers/STM32H7xx_HAL_Driver/Src/stm32h7xx_hal_fdcan.o
 .debug_line    0x00000000000076c3      0xc6c ./Drivers/STM32H7xx_HAL_Driver/Src/stm32h7xx_hal_gpio.o
 .debug_line    0x000000000000832f      0xec3 ./Drivers/STM32H7xx_HAL_Driver/Src/stm32h7xx_hal_pwr_ex.o
 .debug_line    0x00000000000091f2     0x1317 ./Drivers/STM32H7xx_HAL_Driver/Src/stm32h7xx_hal_rcc.o
 .debug_line    0x000000000000a509     0x1ad1 ./Drivers/STM32H7xx_HAL_Driver/Src/stm32h7xx_hal_rcc_ex.o

.debug_str      0x0000000000000000   0x158cf2
 .debug_str     0x0000000000000000   0x153dce ./Core/Src/CAN.o
                                     0x1542a0 (size before relaxing)
 .debug_str     0x0000000000153dce      0x563 ./Core/Src/main.o
                                     0x154528 (size before relaxing)
 .debug_str     0x0000000000154331      0xb6f ./Core/Src/stm32h7xx_hal_msp.o
                                     0x154cc8 (size before relaxing)
 .debug_str     0x0000000000154ea0       0xf4 ./Core/Src/stm32h7xx_it.o
                                     0x153f22 (size before relaxing)
 .debug_str     0x0000000000154f94      0x4da ./Core/Src/sysmem.o
                                       0x5e05 (size before relaxing)
 .debug_str     0x000000000015546e      0x33a ./Core/Src/system_stm32h7xx.o
                                     0x153e65 (size before relaxing)
 .debug_str     0x00000000001557a8       0x36 ./Core/Startup/startup_stm32h743vitx.o
                                         0x7e (size before relaxing)
 .debug_str     0x00000000001557de      0x7ef ./Drivers/STM32H7xx_HAL_Driver/Src/stm32h7xx_hal.o
                                     0x154d7b (size before relaxing)
 .debug_str     0x0000000000155fcd      0x338 ./Drivers/STM32H7xx_HAL_Driver/Src/stm32h7xx_hal_cortex.o
                                     0x15477e (size before relaxing)
 .debug_str     0x0000000000156305     0x1a60 ./Drivers/STM32H7xx_HAL_Driver/Src/stm32h7xx_hal_fdcan.o
                                     0x155b53 (size before relaxing)
 .debug_str     0x0000000000157d65       0xde ./Drivers/STM32H7xx_HAL_Driver/Src/stm32h7xx_hal_gpio.o
                                     0x153e1c (size before relaxing)
 .debug_str     0x0000000000157e43      0x62e ./Drivers/STM32H7xx_HAL_Driver/Src/stm32h7xx_hal_pwr_ex.o
                                     0x1542dd (size before relaxing)
 .debug_str     0x0000000000158471      0x22e ./Drivers/STM32H7xx_HAL_Driver/Src/stm32h7xx_hal_rcc.o
                                     0x154200 (size before relaxing)
 .debug_str     0x000000000015869f      0x653 ./Drivers/STM32H7xx_HAL_Driver/Src/stm32h7xx_hal_rcc_ex.o
                                     0x1546b8 (size before relaxing)

.comment        0x0000000000000000       0x50
 .comment       0x0000000000000000       0x50 ./Core/Src/CAN.o
                                         0x51 (size before relaxing)
 .comment       0x0000000000000050       0x51 ./Core/Src/main.o
 .comment       0x0000000000000050       0x51 ./Core/Src/stm32h7xx_hal_msp.o
 .comment       0x0000000000000050       0x51 ./Core/Src/stm32h7xx_it.o
 .comment       0x0000000000000050       0x51 ./Core/Src/sysmem.o
 .comment       0x0000000000000050       0x51 ./Core/Src/system_stm32h7xx.o
 .comment       0x0000000000000050       0x51 ./Drivers/STM32H7xx_HAL_Driver/Src/stm32h7xx_hal.o
 .comment       0x0000000000000050       0x51 ./Drivers/STM32H7xx_HAL_Driver/Src/stm32h7xx_hal_cortex.o
 .comment       0x0000000000000050       0x51 ./Drivers/STM32H7xx_HAL_Driver/Src/stm32h7xx_hal_fdcan.o
 .comment       0x0000000000000050       0x51 ./Drivers/STM32H7xx_HAL_Driver/Src/stm32h7xx_hal_gpio.o
 .comment       0x0000000000000050       0x51 ./Drivers/STM32H7xx_HAL_Driver/Src/stm32h7xx_hal_pwr_ex.o
 .comment       0x0000000000000050       0x51 ./Drivers/STM32H7xx_HAL_Driver/Src/stm32h7xx_hal_rcc.o
 .comment       0x0000000000000050       0x51 ./Drivers/STM32H7xx_HAL_Driver/Src/stm32h7xx_hal_rcc_ex.o

.debug_frame    0x0000000000000000     0x2e98
 .debug_frame   0x0000000000000000      0x16c ./Core/Src/CAN.o
 .debug_frame   0x000000000000016c       0xac ./Core/Src/main.o
 .debug_frame   0x0000000000000218       0x84 ./Core/Src/stm32h7xx_hal_msp.o
 .debug_frame   0x000000000000029c      0x124 ./Core/Src/stm32h7xx_it.o
 .debug_frame   0x00000000000003c0       0x34 ./Core/Src/sysmem.o
 .debug_frame   0x00000000000003f4       0x58 ./Core/Src/system_stm32h7xx.o
 .debug_frame   0x000000000000044c      0x690 ./Drivers/STM32H7xx_HAL_Driver/Src/stm32h7xx_hal.o
 .debug_frame   0x0000000000000adc      0x4b8 ./Drivers/STM32H7xx_HAL_Driver/Src/stm32h7xx_hal_cortex.o
 .debug_frame   0x0000000000000f94      0xf9c ./Drivers/STM32H7xx_HAL_Driver/Src/stm32h7xx_hal_fdcan.o
 .debug_frame   0x0000000000001f30      0x14c ./Drivers/STM32H7xx_HAL_Driver/Src/stm32h7xx_hal_gpio.o
 .debug_frame   0x000000000000207c      0x580 ./Drivers/STM32H7xx_HAL_Driver/Src/stm32h7xx_hal_pwr_ex.o
 .debug_frame   0x00000000000025fc      0x1f8 ./Drivers/STM32H7xx_HAL_Driver/Src/stm32h7xx_hal_rcc.o
 .debug_frame   0x00000000000027f4      0x3f4 ./Drivers/STM32H7xx_HAL_Driver/Src/stm32h7xx_hal_rcc_ex.o
 .debug_frame   0x0000000000002be8       0x20 c:/st/stm32cubeide_1.9.0/stm32cubeide/plugins/com.st.stm32cube.ide.mcu.externaltools.gnu-tools-for-stm32.10.3-2021.10.win32_1.0.0.202111181127/tools/bin/../lib/gcc/arm-none-eabi/10.3.1/../../../../arm-none-eabi/lib/thumb/v7e-m+dp/hard\libc_nano.a(lib_a-errno.o)
 .debug_frame   0x0000000000002c08       0x2c c:/st/stm32cubeide_1.9.0/stm32cubeide/plugins/com.st.stm32cube.ide.mcu.externaltools.gnu-tools-for-stm32.10.3-2021.10.win32_1.0.0.202111181127/tools/bin/../lib/gcc/arm-none-eabi/10.3.1/../../../../arm-none-eabi/lib/thumb/v7e-m+dp/hard\libc_nano.a(lib_a-init.o)
 .debug_frame   0x0000000000002c34       0x30 c:/st/stm32cubeide_1.9.0/stm32cubeide/plugins/com.st.stm32cube.ide.mcu.externaltools.gnu-tools-for-stm32.10.3-2021.10.win32_1.0.0.202111181127/tools/bin/../lib/gcc/arm-none-eabi/10.3.1/../../../../arm-none-eabi/lib/thumb/v7e-m+dp/hard\libc_nano.a(lib_a-malloc.o)
 .debug_frame   0x0000000000002c64       0x28 c:/st/stm32cubeide_1.9.0/stm32cubeide/plugins/com.st.stm32cube.ide.mcu.externaltools.gnu-tools-for-stm32.10.3-2021.10.win32_1.0.0.202111181127/tools/bin/../lib/gcc/arm-none-eabi/10.3.1/../../../../arm-none-eabi/lib/thumb/v7e-m+dp/hard\libc_nano.a(lib_a-memcpy-stub.o)
 .debug_frame   0x0000000000002c8c       0x20 c:/st/stm32cubeide_1.9.0/stm32cubeide/plugins/com.st.stm32cube.ide.mcu.externaltools.gnu-tools-for-stm32.10.3-2021.10.win32_1.0.0.202111181127/tools/bin/../lib/gcc/arm-none-eabi/10.3.1/../../../../arm-none-eabi/lib/thumb/v7e-m+dp/hard\libc_nano.a(lib_a-memset.o)
 .debug_frame   0x0000000000002cac       0x38 c:/st/stm32cubeide_1.9.0/stm32cubeide/plugins/com.st.stm32cube.ide.mcu.externaltools.gnu-tools-for-stm32.10.3-2021.10.win32_1.0.0.202111181127/tools/bin/../lib/gcc/arm-none-eabi/10.3.1/../../../../arm-none-eabi/lib/thumb/v7e-m+dp/hard\libc_nano.a(lib_a-nano-freer.o)
 .debug_frame   0x0000000000002ce4       0x4c c:/st/stm32cubeide_1.9.0/stm32cubeide/plugins/com.st.stm32cube.ide.mcu.externaltools.gnu-tools-for-stm32.10.3-2021.10.win32_1.0.0.202111181127/tools/bin/../lib/gcc/arm-none-eabi/10.3.1/../../../../arm-none-eabi/lib/thumb/v7e-m+dp/hard\libc_nano.a(lib_a-nano-mallocr.o)
 .debug_frame   0x0000000000002d30       0x2c c:/st/stm32cubeide_1.9.0/stm32cubeide/plugins/com.st.stm32cube.ide.mcu.externaltools.gnu-tools-for-stm32.10.3-2021.10.win32_1.0.0.202111181127/tools/bin/../lib/gcc/arm-none-eabi/10.3.1/../../../../arm-none-eabi/lib/thumb/v7e-m+dp/hard\libc_nano.a(lib_a-sbrkr.o)
 .debug_frame   0x0000000000002d5c       0x30 c:/st/stm32cubeide_1.9.0/stm32cubeide/plugins/com.st.stm32cube.ide.mcu.externaltools.gnu-tools-for-stm32.10.3-2021.10.win32_1.0.0.202111181127/tools/bin/../lib/gcc/arm-none-eabi/10.3.1/../../../../arm-none-eabi/lib/thumb/v7e-m+dp/hard\libc_nano.a(lib_a-mlock.o)
 .debug_frame   0x0000000000002d8c       0x5c c:/st/stm32cubeide_1.9.0/stm32cubeide/plugins/com.st.stm32cube.ide.mcu.externaltools.gnu-tools-for-stm32.10.3-2021.10.win32_1.0.0.202111181127/tools/bin/../lib/gcc/arm-none-eabi/10.3.1/../../../../arm-none-eabi/lib/thumb/v7e-m+dp/hard\libc_nano.a(lib_a-reent.o)
 .debug_frame   0x0000000000002de8       0xb0 c:/st/stm32cubeide_1.9.0/stm32cubeide/plugins/com.st.stm32cube.ide.mcu.externaltools.gnu-tools-for-stm32.10.3-2021.10.win32_1.0.0.202111181127/tools/bin/../lib/gcc/arm-none-eabi/10.3.1/../../../../arm-none-eabi/lib/thumb/v7e-m+dp/hard\libc_nano.a(lib_a-lock.o)
