../Core/Src/CAN.c:64:6:HAL_FDCAN_RxFifo0Callback	16	static
../Core/Src/CAN.c:86:6:CAN_Configure_Init	8	static
../Core/Src/CAN.c:129:6:CAN_stream_Init	16	static
../Core/Src/CAN.c:144:6:CAN_Init	8	static
../Core/Src/CAN.c:180:6:canMessageReceived	24	static
../Core/Src/CAN.c:213:6:CAN_Storage_POSITIVE	48	static
../Core/Src/CAN.c:237:6:CAN_Storage_NEGATIVE	48	static
../Core/Src/CAN.c:262:6:CAN_Storage_FLOAT	48	static
../Core/Src/CAN.c:287:6:CAN_Storage_DOUBLE	64	static
../Core/Src/CAN.c:318:6:CAN_TxData	56	static
../Core/Src/CAN.c:341:9:CAN_Get_value	48	static
../Core/Src/CAN.c:362:7:CAN_Get_value_FLOAT	48	static
../Core/Src/CAN.c:386:8:CAN_Get_value_DOUBLE	48	static
../Core/Src/CAN.c:416:6:CAN_Send	40	static
../Core/Src/CAN.c:427:6:CAN_Send_Float	96	static
../Core/Src/CAN.c:438:6:CAN_Send_Double	96	static
