../Core/Src/CAN.c:71:6:HAL_FDCAN_RxFifo0Callback	40	static
../Core/Src/CAN.c:99:6:CAN_Configure_Init	8	static
../Core/Src/CAN.c:142:6:CAN_Clean_Buffers	16	static
../Core/Src/CAN.c:157:6:CAN_Init	8	static
../Core/Src/CAN.c:194:6:CAN_Stream_ReceiveCallback	24	static
../Core/Src/CAN.c:227:6:CAN_Storage_POSITIVE	48	static
../Core/Src/CAN.c:251:6:CAN_Storage_NEGATIVE	48	static
../Core/Src/CAN.c:276:6:CAN_Storage_FLOAT	48	static
../Core/Src/CAN.c:301:6:CAN_Storage_DOUBLE	64	static
../Core/Src/CAN.c:332:6:CAN_TxData	88	static
../Core/Src/CAN.c:361:9:CAN_Get_value	48	static
../Core/Src/CAN.c:382:7:CAN_Get_value_FLOAT	48	static
../Core/Src/CAN.c:406:8:CAN_Get_value_DOUBLE	48	static
../Core/Src/CAN.c:436:6:CAN_Send	40	static
../Core/Src/CAN.c:447:6:CAN_Send_Float	96	static
../Core/Src/CAN.c:458:6:CAN_Send_Double	96	static
